MPLINK 5.08, LINKER
Linker Map File - Created Thu Aug 20 15:21:37 2020

                                 Section Info
                  Section       Type    Address   Location Size(Bytes)
                ---------  ---------  ---------  ---------  ---------
                 RES_VECT       code   0x000000    program   0x000002
                   .cinit    romdata   0x000001    program   0x000004
                MAIN_PROG       code   0x000100    program   0x000044
.config_2007_BUILD/DEFAULT/PRODUCTION/LABORAT       code   0x002007    program   0x000002
.config_2008_BUILD/DEFAULT/PRODUCTION/LABORAT       code   0x002008    program   0x000002
                  GPR_VAR      udata   0x000020       data   0x000002



                              Program Memory Usage 
                               Start         End      
                           ---------   ---------      
                            0x000000    0x000002      
                            0x000100    0x000121      
                            0x002007    0x002008      
            39 out of 8455 program addresses used, program memory utilization is 0%



                              Symbols - Sorted by Name
                     Name    Address   Location    Storage File                     
                ---------  ---------  ---------  --------- ---------                
                  CONFIG1   0x000119    program     static C:\Users\Carlos Gil\MPLABXProjects\Laboratorio_1.X\Laboratorio_1.asm
                DELAY_BIG   0x000117    program     static C:\Users\Carlos Gil\MPLABXProjects\Laboratorio_1.X\Laboratorio_1.asm
              DELAY_SMALL   0x00011d    program     static C:\Users\Carlos Gil\MPLABXProjects\Laboratorio_1.X\Laboratorio_1.asm
                     LOOP   0x00010e    program     static C:\Users\Carlos Gil\MPLABXProjects\Laboratorio_1.X\Laboratorio_1.asm
                    SETUP   0x000100    program     static C:\Users\Carlos Gil\MPLABXProjects\Laboratorio_1.X\Laboratorio_1.asm
                    START   0x000100    program     static C:\Users\Carlos Gil\MPLABXProjects\Laboratorio_1.X\Laboratorio_1.asm
                    CONT1   0x000020       data     static C:\Users\Carlos Gil\MPLABXProjects\Laboratorio_1.X\Laboratorio_1.asm
                    CONT2   0x000021       data     static C:\Users\Carlos Gil\MPLABXProjects\Laboratorio_1.X\Laboratorio_1.asm



                              Symbols - Sorted by Address
                     Name    Address   Location    Storage File                     
                ---------  ---------  ---------  --------- ---------                
                    SETUP   0x000100    program     static C:\Users\Carlos Gil\MPLABXProjects\Laboratorio_1.X\Laboratorio_1.asm
                    START   0x000100    program     static C:\Users\Carlos Gil\MPLABXProjects\Laboratorio_1.X\Laboratorio_1.asm
                     LOOP   0x00010e    program     static C:\Users\Carlos Gil\MPLABXProjects\Laboratorio_1.X\Laboratorio_1.asm
                DELAY_BIG   0x000117    program     static C:\Users\Carlos Gil\MPLABXProjects\Laboratorio_1.X\Laboratorio_1.asm
                  CONFIG1   0x000119    program     static C:\Users\Carlos Gil\MPLABXProjects\Laboratorio_1.X\Laboratorio_1.asm
              DELAY_SMALL   0x00011d    program     static C:\Users\Carlos Gil\MPLABXProjects\Laboratorio_1.X\Laboratorio_1.asm
                    CONT1   0x000020       data     static C:\Users\Carlos Gil\MPLABXProjects\Laboratorio_1.X\Laboratorio_1.asm
                    CONT2   0x000021       data     static C:\Users\Carlos Gil\MPLABXProjects\Laboratorio_1.X\Laboratorio_1.asm


