MPLINK 5.08, LINKER
Linker Map File - Created Fri Aug 07 13:44:17 2020

                                 Section Info
                  Section       Type    Address   Location Size(Bytes)
                ---------  ---------  ---------  ---------  ---------
                 RES_VECT       code   0x000000    program   0x000002
                   .cinit    romdata   0x000001    program   0x000004
                MAIN_PROG       code   0x000100    program   0x000094
.config_2007_BUILD/DEFAULT/PRODUCTION/LABORAT       code   0x002007    program   0x000002
.config_2008_BUILD/DEFAULT/PRODUCTION/LABORAT       code   0x002008    program   0x000002
                  GPR_VAR      udata   0x000020       data   0x000001



                              Program Memory Usage 
                               Start         End      
                           ---------   ---------      
                            0x000000    0x000002      
                            0x000100    0x000149      
                            0x002007    0x002008      
            79 out of 8455 program addresses used, program memory utilization is 0%



                              Symbols - Sorted by Name
                     Name    Address   Location    Storage File                     
                ---------  ---------  ---------  --------- ---------                
                DEC_PORTA   0x000139    program     static C:\Users\Carlos Gil\MPLABXProjects\laboratorio_2.X\laboratorio_2.asm
                DEC_PORTB   0x000141    program     static C:\Users\Carlos Gil\MPLABXProjects\laboratorio_2.X\laboratorio_2.asm
              DELAY_SMALL   0x000145    program     static C:\Users\Carlos Gil\MPLABXProjects\laboratorio_2.X\laboratorio_2.asm
                INC_PORTA   0x000135    program     static C:\Users\Carlos Gil\MPLABXProjects\laboratorio_2.X\laboratorio_2.asm
                INC_PORTB   0x00013d    program     static C:\Users\Carlos Gil\MPLABXProjects\laboratorio_2.X\laboratorio_2.asm
                     LOOP   0x000121    program     static C:\Users\Carlos Gil\MPLABXProjects\laboratorio_2.X\laboratorio_2.asm
                    SETUP   0x000100    program     static C:\Users\Carlos Gil\MPLABXProjects\laboratorio_2.X\laboratorio_2.asm
                    START   0x000100    program     static C:\Users\Carlos Gil\MPLABXProjects\laboratorio_2.X\laboratorio_2.asm
                  SUMADOR   0x00012f    program     static C:\Users\Carlos Gil\MPLABXProjects\laboratorio_2.X\laboratorio_2.asm
          _MAIN_PROG_0148   0x000148    program     static C:\Users\Carlos Gil\MPLABXProjects\laboratorio_2.X\laboratorio_2.asm
                    CONT1   0x000020       data     static C:\Users\Carlos Gil\MPLABXProjects\laboratorio_2.X\laboratorio_2.asm



                              Symbols - Sorted by Address
                     Name    Address   Location    Storage File                     
                ---------  ---------  ---------  --------- ---------                
                    SETUP   0x000100    program     static C:\Users\Carlos Gil\MPLABXProjects\laboratorio_2.X\laboratorio_2.asm
                    START   0x000100    program     static C:\Users\Carlos Gil\MPLABXProjects\laboratorio_2.X\laboratorio_2.asm
                     LOOP   0x000121    program     static C:\Users\Carlos Gil\MPLABXProjects\laboratorio_2.X\laboratorio_2.asm
                  SUMADOR   0x00012f    program     static C:\Users\Carlos Gil\MPLABXProjects\laboratorio_2.X\laboratorio_2.asm
                INC_PORTA   0x000135    program     static C:\Users\Carlos Gil\MPLABXProjects\laboratorio_2.X\laboratorio_2.asm
                DEC_PORTA   0x000139    program     static C:\Users\Carlos Gil\MPLABXProjects\laboratorio_2.X\laboratorio_2.asm
                INC_PORTB   0x00013d    program     static C:\Users\Carlos Gil\MPLABXProjects\laboratorio_2.X\laboratorio_2.asm
                DEC_PORTB   0x000141    program     static C:\Users\Carlos Gil\MPLABXProjects\laboratorio_2.X\laboratorio_2.asm
              DELAY_SMALL   0x000145    program     static C:\Users\Carlos Gil\MPLABXProjects\laboratorio_2.X\laboratorio_2.asm
          _MAIN_PROG_0148   0x000148    program     static C:\Users\Carlos Gil\MPLABXProjects\laboratorio_2.X\laboratorio_2.asm
                    CONT1   0x000020       data     static C:\Users\Carlos Gil\MPLABXProjects\laboratorio_2.X\laboratorio_2.asm


