MPLINK 5.08, LINKER
Linker Map File - Created Tue Oct 13 11:32:49 2020

                                 Section Info
                  Section       Type    Address   Location Size(Bytes)
                ---------  ---------  ---------  ---------  ---------
                 RES_VECT       code   0x000000    program   0x000002
                   .cinit    romdata   0x000001    program   0x000004
                 ISR_VECT       code   0x000004    program   0x000066
                MAIN_PROG       code   0x000100    program   0x0000cc
.config_2007_BUILD/DEFAULT/PRODUCTION/PROYECT       code   0x002007    program   0x000002
.config_2008_BUILD/DEFAULT/PRODUCTION/PROYECT       code   0x002008    program   0x000002
                  GPR_VAR      udata   0x000020       data   0x000015



                              Program Memory Usage 
                               Start         End      
                           ---------   ---------      
                            0x000000    0x000002      
                            0x000004    0x000036      
                            0x000100    0x000165      
                            0x002007    0x002008      
            158 out of 8455 program addresses used, program memory utilization is 1%



                              Symbols - Sorted by Name
                     Name    Address   Location    Storage File                     
                ---------  ---------  ---------  --------- ---------                
CONFIGURACION_INTERRUPCION   0x000144    program     static C:\Users\Carlos Gil\Desktop\Universidad\4to semestre\Programación de microcontroladores\Progra_de_micros\Progra_de_micros\Proyecto_2.X\Proyecto_2.asm
     CONFIGURACION_TIMER0   0x000141    program     static C:\Users\Carlos Gil\Desktop\Universidad\4to semestre\Programación de microcontroladores\Progra_de_micros\Progra_de_micros\Proyecto_2.X\Proyecto_2.asm
     CONFIGURACION_TIMER2   0x00012e    program     static C:\Users\Carlos Gil\Desktop\Universidad\4to semestre\Programación de microcontroladores\Progra_de_micros\Progra_de_micros\Proyecto_2.X\Proyecto_2.asm
                DISPLAY_0   0x00010b    program     static C:\Users\Carlos Gil\Desktop\Universidad\4to semestre\Programación de microcontroladores\Progra_de_micros\Progra_de_micros\Proyecto_2.X\Proyecto_2.asm
              DISPLAY_0Y1   0x000108    program     static C:\Users\Carlos Gil\Desktop\Universidad\4to semestre\Programación de microcontroladores\Progra_de_micros\Progra_de_micros\Proyecto_2.X\Proyecto_2.asm
                DISPLAY_1   0x000111    program     static C:\Users\Carlos Gil\Desktop\Universidad\4to semestre\Programación de microcontroladores\Progra_de_micros\Progra_de_micros\Proyecto_2.X\Proyecto_2.asm
                DISPLAY_2   0x00011a    program     static C:\Users\Carlos Gil\Desktop\Universidad\4to semestre\Programación de microcontroladores\Progra_de_micros\Progra_de_micros\Proyecto_2.X\Proyecto_2.asm
              DISPLAY_2Y3   0x000117    program     static C:\Users\Carlos Gil\Desktop\Universidad\4to semestre\Programación de microcontroladores\Progra_de_micros\Progra_de_micros\Proyecto_2.X\Proyecto_2.asm
                DISPLAY_3   0x000120    program     static C:\Users\Carlos Gil\Desktop\Universidad\4to semestre\Programación de microcontroladores\Progra_de_micros\Progra_de_micros\Proyecto_2.X\Proyecto_2.asm
              DISPLAY_VAR   0x000102    program     static C:\Users\Carlos Gil\Desktop\Universidad\4to semestre\Programación de microcontroladores\Progra_de_micros\Progra_de_micros\Proyecto_2.X\Proyecto_2.asm
        INTERRUPCION_TMR1   0x000018    program     static C:\Users\Carlos Gil\Desktop\Universidad\4to semestre\Programación de microcontroladores\Progra_de_micros\Progra_de_micros\Proyecto_2.X\Proyecto_2.asm
        INTERRUPCION_TMR2   0x00001f    program     static C:\Users\Carlos Gil\Desktop\Universidad\4to semestre\Programación de microcontroladores\Progra_de_micros\Progra_de_micros\Proyecto_2.X\Proyecto_2.asm
        INTERRUPCION_TMRO   0x000013    program     static C:\Users\Carlos Gil\Desktop\Universidad\4to semestre\Programación de microcontroladores\Progra_de_micros\Progra_de_micros\Proyecto_2.X\Proyecto_2.asm
                      ISR   0x000008    program     static C:\Users\Carlos Gil\Desktop\Universidad\4to semestre\Programación de microcontroladores\Progra_de_micros\Progra_de_micros\Proyecto_2.X\Proyecto_2.asm
                     LOOP   0x000101    program     static C:\Users\Carlos Gil\Desktop\Universidad\4to semestre\Programación de microcontroladores\Progra_de_micros\Progra_de_micros\Proyecto_2.X\Proyecto_2.asm
                      POP   0x00000e    program     static C:\Users\Carlos Gil\Desktop\Universidad\4to semestre\Programación de microcontroladores\Progra_de_micros\Progra_de_micros\Proyecto_2.X\Proyecto_2.asm
                     PUSH   0x000004    program     static C:\Users\Carlos Gil\Desktop\Universidad\4to semestre\Programación de microcontroladores\Progra_de_micros\Progra_de_micros\Proyecto_2.X\Proyecto_2.asm
                    SETUP   0x000126    program     static C:\Users\Carlos Gil\Desktop\Universidad\4to semestre\Programación de microcontroladores\Progra_de_micros\Progra_de_micros\Proyecto_2.X\Proyecto_2.asm
                    START   0x000100    program     static C:\Users\Carlos Gil\Desktop\Universidad\4to semestre\Programación de microcontroladores\Progra_de_micros\Progra_de_micros\Proyecto_2.X\Proyecto_2.asm
                    TABLA   0x000025    program     static C:\Users\Carlos Gil\Desktop\Universidad\4to semestre\Programación de microcontroladores\Progra_de_micros\Progra_de_micros\Proyecto_2.X\Proyecto_2.asm
                   CONT10   0x000027       data     static C:\Users\Carlos Gil\Desktop\Universidad\4to semestre\Programación de microcontroladores\Progra_de_micros\Progra_de_micros\Proyecto_2.X\Proyecto_2.asm
                   CONT11   0x000028       data     static C:\Users\Carlos Gil\Desktop\Universidad\4to semestre\Programación de microcontroladores\Progra_de_micros\Progra_de_micros\Proyecto_2.X\Proyecto_2.asm
                   CONT12   0x000029       data     static C:\Users\Carlos Gil\Desktop\Universidad\4to semestre\Programación de microcontroladores\Progra_de_micros\Progra_de_micros\Proyecto_2.X\Proyecto_2.asm
                   CONT13   0x00002a       data     static C:\Users\Carlos Gil\Desktop\Universidad\4to semestre\Programación de microcontroladores\Progra_de_micros\Progra_de_micros\Proyecto_2.X\Proyecto_2.asm
                    CONT2   0x000020       data     static C:\Users\Carlos Gil\Desktop\Universidad\4to semestre\Programación de microcontroladores\Progra_de_micros\Progra_de_micros\Proyecto_2.X\Proyecto_2.asm
                    CONT3   0x000021       data     static C:\Users\Carlos Gil\Desktop\Universidad\4to semestre\Programación de microcontroladores\Progra_de_micros\Progra_de_micros\Proyecto_2.X\Proyecto_2.asm
                    CONT4   0x000022       data     static C:\Users\Carlos Gil\Desktop\Universidad\4to semestre\Programación de microcontroladores\Progra_de_micros\Progra_de_micros\Proyecto_2.X\Proyecto_2.asm
                    CONT6   0x000023       data     static C:\Users\Carlos Gil\Desktop\Universidad\4to semestre\Programación de microcontroladores\Progra_de_micros\Progra_de_micros\Proyecto_2.X\Proyecto_2.asm
                    CONT7   0x000024       data     static C:\Users\Carlos Gil\Desktop\Universidad\4to semestre\Programación de microcontroladores\Progra_de_micros\Progra_de_micros\Proyecto_2.X\Proyecto_2.asm
                    CONT8   0x000025       data     static C:\Users\Carlos Gil\Desktop\Universidad\4to semestre\Programación de microcontroladores\Progra_de_micros\Progra_de_micros\Proyecto_2.X\Proyecto_2.asm
                    CONT9   0x000026       data     static C:\Users\Carlos Gil\Desktop\Universidad\4to semestre\Programación de microcontroladores\Progra_de_micros\Progra_de_micros\Proyecto_2.X\Proyecto_2.asm
                 DISPLAY0   0x000031       data     static C:\Users\Carlos Gil\Desktop\Universidad\4to semestre\Programación de microcontroladores\Progra_de_micros\Progra_de_micros\Proyecto_2.X\Proyecto_2.asm
                 DISPLAY1   0x000032       data     static C:\Users\Carlos Gil\Desktop\Universidad\4to semestre\Programación de microcontroladores\Progra_de_micros\Progra_de_micros\Proyecto_2.X\Proyecto_2.asm
                 DISPLAY2   0x000033       data     static C:\Users\Carlos Gil\Desktop\Universidad\4to semestre\Programación de microcontroladores\Progra_de_micros\Progra_de_micros\Proyecto_2.X\Proyecto_2.asm
                 DISPLAY3   0x000034       data     static C:\Users\Carlos Gil\Desktop\Universidad\4to semestre\Programación de microcontroladores\Progra_de_micros\Progra_de_micros\Proyecto_2.X\Proyecto_2.asm
                INDICADOR   0x00002d       data     static C:\Users\Carlos Gil\Desktop\Universidad\4to semestre\Programación de microcontroladores\Progra_de_micros\Progra_de_micros\Proyecto_2.X\Proyecto_2.asm
               INDICADOR2   0x00002e       data     static C:\Users\Carlos Gil\Desktop\Universidad\4to semestre\Programación de microcontroladores\Progra_de_micros\Progra_de_micros\Proyecto_2.X\Proyecto_2.asm
                 NIBBLE_H   0x00002f       data     static C:\Users\Carlos Gil\Desktop\Universidad\4to semestre\Programación de microcontroladores\Progra_de_micros\Progra_de_micros\Proyecto_2.X\Proyecto_2.asm
                 NIBBLE_L   0x000030       data     static C:\Users\Carlos Gil\Desktop\Universidad\4to semestre\Programación de microcontroladores\Progra_de_micros\Progra_de_micros\Proyecto_2.X\Proyecto_2.asm
              STATUS_TEMP   0x00002c       data     static C:\Users\Carlos Gil\Desktop\Universidad\4to semestre\Programación de microcontroladores\Progra_de_micros\Progra_de_micros\Proyecto_2.X\Proyecto_2.asm
                   W_TEMP   0x00002b       data     static C:\Users\Carlos Gil\Desktop\Universidad\4to semestre\Programación de microcontroladores\Progra_de_micros\Progra_de_micros\Proyecto_2.X\Proyecto_2.asm



                              Symbols - Sorted by Address
                     Name    Address   Location    Storage File                     
                ---------  ---------  ---------  --------- ---------                
                     PUSH   0x000004    program     static C:\Users\Carlos Gil\Desktop\Universidad\4to semestre\Programación de microcontroladores\Progra_de_micros\Progra_de_micros\Proyecto_2.X\Proyecto_2.asm
                      ISR   0x000008    program     static C:\Users\Carlos Gil\Desktop\Universidad\4to semestre\Programación de microcontroladores\Progra_de_micros\Progra_de_micros\Proyecto_2.X\Proyecto_2.asm
                      POP   0x00000e    program     static C:\Users\Carlos Gil\Desktop\Universidad\4to semestre\Programación de microcontroladores\Progra_de_micros\Progra_de_micros\Proyecto_2.X\Proyecto_2.asm
        INTERRUPCION_TMRO   0x000013    program     static C:\Users\Carlos Gil\Desktop\Universidad\4to semestre\Programación de microcontroladores\Progra_de_micros\Progra_de_micros\Proyecto_2.X\Proyecto_2.asm
        INTERRUPCION_TMR1   0x000018    program     static C:\Users\Carlos Gil\Desktop\Universidad\4to semestre\Programación de microcontroladores\Progra_de_micros\Progra_de_micros\Proyecto_2.X\Proyecto_2.asm
        INTERRUPCION_TMR2   0x00001f    program     static C:\Users\Carlos Gil\Desktop\Universidad\4to semestre\Programación de microcontroladores\Progra_de_micros\Progra_de_micros\Proyecto_2.X\Proyecto_2.asm
                    TABLA   0x000025    program     static C:\Users\Carlos Gil\Desktop\Universidad\4to semestre\Programación de microcontroladores\Progra_de_micros\Progra_de_micros\Proyecto_2.X\Proyecto_2.asm
                    START   0x000100    program     static C:\Users\Carlos Gil\Desktop\Universidad\4to semestre\Programación de microcontroladores\Progra_de_micros\Progra_de_micros\Proyecto_2.X\Proyecto_2.asm
                     LOOP   0x000101    program     static C:\Users\Carlos Gil\Desktop\Universidad\4to semestre\Programación de microcontroladores\Progra_de_micros\Progra_de_micros\Proyecto_2.X\Proyecto_2.asm
              DISPLAY_VAR   0x000102    program     static C:\Users\Carlos Gil\Desktop\Universidad\4to semestre\Programación de microcontroladores\Progra_de_micros\Progra_de_micros\Proyecto_2.X\Proyecto_2.asm
              DISPLAY_0Y1   0x000108    program     static C:\Users\Carlos Gil\Desktop\Universidad\4to semestre\Programación de microcontroladores\Progra_de_micros\Progra_de_micros\Proyecto_2.X\Proyecto_2.asm
                DISPLAY_0   0x00010b    program     static C:\Users\Carlos Gil\Desktop\Universidad\4to semestre\Programación de microcontroladores\Progra_de_micros\Progra_de_micros\Proyecto_2.X\Proyecto_2.asm
                DISPLAY_1   0x000111    program     static C:\Users\Carlos Gil\Desktop\Universidad\4to semestre\Programación de microcontroladores\Progra_de_micros\Progra_de_micros\Proyecto_2.X\Proyecto_2.asm
              DISPLAY_2Y3   0x000117    program     static C:\Users\Carlos Gil\Desktop\Universidad\4to semestre\Programación de microcontroladores\Progra_de_micros\Progra_de_micros\Proyecto_2.X\Proyecto_2.asm
                DISPLAY_2   0x00011a    program     static C:\Users\Carlos Gil\Desktop\Universidad\4to semestre\Programación de microcontroladores\Progra_de_micros\Progra_de_micros\Proyecto_2.X\Proyecto_2.asm
                DISPLAY_3   0x000120    program     static C:\Users\Carlos Gil\Desktop\Universidad\4to semestre\Programación de microcontroladores\Progra_de_micros\Progra_de_micros\Proyecto_2.X\Proyecto_2.asm
                    SETUP   0x000126    program     static C:\Users\Carlos Gil\Desktop\Universidad\4to semestre\Programación de microcontroladores\Progra_de_micros\Progra_de_micros\Proyecto_2.X\Proyecto_2.asm
     CONFIGURACION_TIMER2   0x00012e    program     static C:\Users\Carlos Gil\Desktop\Universidad\4to semestre\Programación de microcontroladores\Progra_de_micros\Progra_de_micros\Proyecto_2.X\Proyecto_2.asm
     CONFIGURACION_TIMER0   0x000141    program     static C:\Users\Carlos Gil\Desktop\Universidad\4to semestre\Programación de microcontroladores\Progra_de_micros\Progra_de_micros\Proyecto_2.X\Proyecto_2.asm
CONFIGURACION_INTERRUPCION   0x000144    program     static C:\Users\Carlos Gil\Desktop\Universidad\4to semestre\Programación de microcontroladores\Progra_de_micros\Progra_de_micros\Proyecto_2.X\Proyecto_2.asm
                    CONT2   0x000020       data     static C:\Users\Carlos Gil\Desktop\Universidad\4to semestre\Programación de microcontroladores\Progra_de_micros\Progra_de_micros\Proyecto_2.X\Proyecto_2.asm
                    CONT3   0x000021       data     static C:\Users\Carlos Gil\Desktop\Universidad\4to semestre\Programación de microcontroladores\Progra_de_micros\Progra_de_micros\Proyecto_2.X\Proyecto_2.asm
                    CONT4   0x000022       data     static C:\Users\Carlos Gil\Desktop\Universidad\4to semestre\Programación de microcontroladores\Progra_de_micros\Progra_de_micros\Proyecto_2.X\Proyecto_2.asm
                    CONT6   0x000023       data     static C:\Users\Carlos Gil\Desktop\Universidad\4to semestre\Programación de microcontroladores\Progra_de_micros\Progra_de_micros\Proyecto_2.X\Proyecto_2.asm
                    CONT7   0x000024       data     static C:\Users\Carlos Gil\Desktop\Universidad\4to semestre\Programación de microcontroladores\Progra_de_micros\Progra_de_micros\Proyecto_2.X\Proyecto_2.asm
                    CONT8   0x000025       data     static C:\Users\Carlos Gil\Desktop\Universidad\4to semestre\Programación de microcontroladores\Progra_de_micros\Progra_de_micros\Proyecto_2.X\Proyecto_2.asm
                    CONT9   0x000026       data     static C:\Users\Carlos Gil\Desktop\Universidad\4to semestre\Programación de microcontroladores\Progra_de_micros\Progra_de_micros\Proyecto_2.X\Proyecto_2.asm
                   CONT10   0x000027       data     static C:\Users\Carlos Gil\Desktop\Universidad\4to semestre\Programación de microcontroladores\Progra_de_micros\Progra_de_micros\Proyecto_2.X\Proyecto_2.asm
                   CONT11   0x000028       data     static C:\Users\Carlos Gil\Desktop\Universidad\4to semestre\Programación de microcontroladores\Progra_de_micros\Progra_de_micros\Proyecto_2.X\Proyecto_2.asm
                   CONT12   0x000029       data     static C:\Users\Carlos Gil\Desktop\Universidad\4to semestre\Programación de microcontroladores\Progra_de_micros\Progra_de_micros\Proyecto_2.X\Proyecto_2.asm
                   CONT13   0x00002a       data     static C:\Users\Carlos Gil\Desktop\Universidad\4to semestre\Programación de microcontroladores\Progra_de_micros\Progra_de_micros\Proyecto_2.X\Proyecto_2.asm
                   W_TEMP   0x00002b       data     static C:\Users\Carlos Gil\Desktop\Universidad\4to semestre\Programación de microcontroladores\Progra_de_micros\Progra_de_micros\Proyecto_2.X\Proyecto_2.asm
              STATUS_TEMP   0x00002c       data     static C:\Users\Carlos Gil\Desktop\Universidad\4to semestre\Programación de microcontroladores\Progra_de_micros\Progra_de_micros\Proyecto_2.X\Proyecto_2.asm
                INDICADOR   0x00002d       data     static C:\Users\Carlos Gil\Desktop\Universidad\4to semestre\Programación de microcontroladores\Progra_de_micros\Progra_de_micros\Proyecto_2.X\Proyecto_2.asm
               INDICADOR2   0x00002e       data     static C:\Users\Carlos Gil\Desktop\Universidad\4to semestre\Programación de microcontroladores\Progra_de_micros\Progra_de_micros\Proyecto_2.X\Proyecto_2.asm
                 NIBBLE_H   0x00002f       data     static C:\Users\Carlos Gil\Desktop\Universidad\4to semestre\Programación de microcontroladores\Progra_de_micros\Progra_de_micros\Proyecto_2.X\Proyecto_2.asm
                 NIBBLE_L   0x000030       data     static C:\Users\Carlos Gil\Desktop\Universidad\4to semestre\Programación de microcontroladores\Progra_de_micros\Progra_de_micros\Proyecto_2.X\Proyecto_2.asm
                 DISPLAY0   0x000031       data     static C:\Users\Carlos Gil\Desktop\Universidad\4to semestre\Programación de microcontroladores\Progra_de_micros\Progra_de_micros\Proyecto_2.X\Proyecto_2.asm
                 DISPLAY1   0x000032       data     static C:\Users\Carlos Gil\Desktop\Universidad\4to semestre\Programación de microcontroladores\Progra_de_micros\Progra_de_micros\Proyecto_2.X\Proyecto_2.asm
                 DISPLAY2   0x000033       data     static C:\Users\Carlos Gil\Desktop\Universidad\4to semestre\Programación de microcontroladores\Progra_de_micros\Progra_de_micros\Proyecto_2.X\Proyecto_2.asm
                 DISPLAY3   0x000034       data     static C:\Users\Carlos Gil\Desktop\Universidad\4to semestre\Programación de microcontroladores\Progra_de_micros\Progra_de_micros\Proyecto_2.X\Proyecto_2.asm


