MPLINK 5.08, LINKER
Linker Map File - Created Wed Oct 28 21:43:06 2020

                                 Section Info
                  Section       Type    Address   Location Size(Bytes)
                ---------  ---------  ---------  ---------  ---------
                 RES_VECT       code   0x000000    program   0x000002
                   .cinit    romdata   0x000001    program   0x000004
                 ISR_VECT       code   0x000004    program   0x00010c
                MAIN_PROG       code   0x000100    program   0x0001fe
.config_2007_BUILD/DEFAULT/PRODUCTION/PROYECT       code   0x002007    program   0x000002
.config_2008_BUILD/DEFAULT/PRODUCTION/PROYECT       code   0x002008    program   0x000002
                  GPR_VAR      udata   0x000020       data   0x000027



                              Program Memory Usage 
                               Start         End      
                           ---------   ---------      
                            0x000000    0x000002      
                            0x000004    0x000089      
                            0x000100    0x0001fe      
                            0x002007    0x002008      
            394 out of 8455 program addresses used, program memory utilization is 4%



                              Symbols - Sorted by Name
                     Name    Address   Location    Storage File                     
                ---------  ---------  ---------  --------- ---------                
                   BYTE_0   0x000049    program     static C:\Users\Carlos Gil\Desktop\Universidad\4to semestre\Programación de microcontroladores\Progra_de_micros\Progra_de_micros\Proyecto_2.X\Proyecto_2.asm
                   BYTE_1   0x00004d    program     static C:\Users\Carlos Gil\Desktop\Universidad\4to semestre\Programación de microcontroladores\Progra_de_micros\Progra_de_micros\Proyecto_2.X\Proyecto_2.asm
                   BYTE_2   0x000051    program     static C:\Users\Carlos Gil\Desktop\Universidad\4to semestre\Programación de microcontroladores\Progra_de_micros\Progra_de_micros\Proyecto_2.X\Proyecto_2.asm
                   BYTE_3   0x000055    program     static C:\Users\Carlos Gil\Desktop\Universidad\4to semestre\Programación de microcontroladores\Progra_de_micros\Progra_de_micros\Proyecto_2.X\Proyecto_2.asm
                   BYTE_4   0x000059    program     static C:\Users\Carlos Gil\Desktop\Universidad\4to semestre\Programación de microcontroladores\Progra_de_micros\Progra_de_micros\Proyecto_2.X\Proyecto_2.asm
                   BYTE_5   0x00005d    program     static C:\Users\Carlos Gil\Desktop\Universidad\4to semestre\Programación de microcontroladores\Progra_de_micros\Progra_de_micros\Proyecto_2.X\Proyecto_2.asm
                     COMA   0x00012a    program     static C:\Users\Carlos Gil\Desktop\Universidad\4to semestre\Programación de microcontroladores\Progra_de_micros\Progra_de_micros\Proyecto_2.X\Proyecto_2.asm
        CONFIGURACION_ADC   0x0001ab    program     static C:\Users\Carlos Gil\Desktop\Universidad\4to semestre\Programación de microcontroladores\Progra_de_micros\Progra_de_micros\Proyecto_2.X\Proyecto_2.asm
      CONFIGURACION_ADC_X   0x00017c    program     static C:\Users\Carlos Gil\Desktop\Universidad\4to semestre\Programación de microcontroladores\Progra_de_micros\Progra_de_micros\Proyecto_2.X\Proyecto_2.asm
      CONFIGURACION_ADC_Y   0x000180    program     static C:\Users\Carlos Gil\Desktop\Universidad\4to semestre\Programación de microcontroladores\Progra_de_micros\Progra_de_micros\Proyecto_2.X\Proyecto_2.asm
CONFIGURACION_INTERRUPCION   0x0001a3    program     static C:\Users\Carlos Gil\Desktop\Universidad\4to semestre\Programación de microcontroladores\Progra_de_micros\Progra_de_micros\Proyecto_2.X\Proyecto_2.asm
     CONFIGURACION_TIMER0   0x0001a0    program     static C:\Users\Carlos Gil\Desktop\Universidad\4to semestre\Programación de microcontroladores\Progra_de_micros\Progra_de_micros\Proyecto_2.X\Proyecto_2.asm
     CONFIGURACION_TIMER2   0x00018c    program     static C:\Users\Carlos Gil\Desktop\Universidad\4to semestre\Programación de microcontroladores\Progra_de_micros\Progra_de_micros\Proyecto_2.X\Proyecto_2.asm
CONFIGURACION_TRANSMISOR_Y_RECEP   0x0001bf    program     static C:\Users\Carlos Gil\Desktop\Universidad\4to semestre\Programación de microcontroladores\Progra_de_micros\Progra_de_micros\Proyecto_2.X\Proyecto_2.asm
                DISPLAY_0   0x000145    program     static C:\Users\Carlos Gil\Desktop\Universidad\4to semestre\Programación de microcontroladores\Progra_de_micros\Progra_de_micros\Proyecto_2.X\Proyecto_2.asm
              DISPLAY_0Y1   0x000142    program     static C:\Users\Carlos Gil\Desktop\Universidad\4to semestre\Programación de microcontroladores\Progra_de_micros\Progra_de_micros\Proyecto_2.X\Proyecto_2.asm
                DISPLAY_1   0x00014b    program     static C:\Users\Carlos Gil\Desktop\Universidad\4to semestre\Programación de microcontroladores\Progra_de_micros\Progra_de_micros\Proyecto_2.X\Proyecto_2.asm
                DISPLAY_2   0x000154    program     static C:\Users\Carlos Gil\Desktop\Universidad\4to semestre\Programación de microcontroladores\Progra_de_micros\Progra_de_micros\Proyecto_2.X\Proyecto_2.asm
              DISPLAY_2Y3   0x000151    program     static C:\Users\Carlos Gil\Desktop\Universidad\4to semestre\Programación de microcontroladores\Progra_de_micros\Progra_de_micros\Proyecto_2.X\Proyecto_2.asm
                DISPLAY_3   0x00015a    program     static C:\Users\Carlos Gil\Desktop\Universidad\4to semestre\Programación de microcontroladores\Progra_de_micros\Progra_de_micros\Proyecto_2.X\Proyecto_2.asm
              DISPLAY_VAR   0x00013c    program     static C:\Users\Carlos Gil\Desktop\Universidad\4to semestre\Programación de microcontroladores\Progra_de_micros\Progra_de_micros\Proyecto_2.X\Proyecto_2.asm
                  ESPACIO   0x000138    program     static C:\Users\Carlos Gil\Desktop\Universidad\4to semestre\Programación de microcontroladores\Progra_de_micros\Progra_de_micros\Proyecto_2.X\Proyecto_2.asm
         INTERRUPCION_ADC   0x00001e    program     static C:\Users\Carlos Gil\Desktop\Universidad\4to semestre\Programación de microcontroladores\Progra_de_micros\Progra_de_micros\Proyecto_2.X\Proyecto_2.asm
     INTERRUPCION_RECIBIR   0x000035    program     static C:\Users\Carlos Gil\Desktop\Universidad\4to semestre\Programación de microcontroladores\Progra_de_micros\Progra_de_micros\Proyecto_2.X\Proyecto_2.asm
        INTERRUPCION_TMR1   0x00002e    program     static C:\Users\Carlos Gil\Desktop\Universidad\4to semestre\Programación de microcontroladores\Progra_de_micros\Progra_de_micros\Proyecto_2.X\Proyecto_2.asm
        INTERRUPCION_TMR2   0x000062    program     static C:\Users\Carlos Gil\Desktop\Universidad\4to semestre\Programación de microcontroladores\Progra_de_micros\Progra_de_micros\Proyecto_2.X\Proyecto_2.asm
        INTERRUPCION_TMRO   0x000017    program     static C:\Users\Carlos Gil\Desktop\Universidad\4to semestre\Programación de microcontroladores\Progra_de_micros\Progra_de_micros\Proyecto_2.X\Proyecto_2.asm
          INTERRUPCION_TX   0x00010c    program     static C:\Users\Carlos Gil\Desktop\Universidad\4to semestre\Programación de microcontroladores\Progra_de_micros\Progra_de_micros\Proyecto_2.X\Proyecto_2.asm
           INTERRUPCION_X   0x000020    program     static C:\Users\Carlos Gil\Desktop\Universidad\4to semestre\Programación de microcontroladores\Progra_de_micros\Progra_de_micros\Proyecto_2.X\Proyecto_2.asm
           INTERRUPCION_Y   0x000027    program     static C:\Users\Carlos Gil\Desktop\Universidad\4to semestre\Programación de microcontroladores\Progra_de_micros\Progra_de_micros\Proyecto_2.X\Proyecto_2.asm
                      ISR   0x000008    program     static C:\Users\Carlos Gil\Desktop\Universidad\4to semestre\Programación de microcontroladores\Progra_de_micros\Progra_de_micros\Proyecto_2.X\Proyecto_2.asm
                  LIMPIAR   0x000175    program     static C:\Users\Carlos Gil\Desktop\Universidad\4to semestre\Programación de microcontroladores\Progra_de_micros\Progra_de_micros\Proyecto_2.X\Proyecto_2.asm
                     LOOP   0x000101    program     static C:\Users\Carlos Gil\Desktop\Universidad\4to semestre\Programación de microcontroladores\Progra_de_micros\Progra_de_micros\Proyecto_2.X\Proyecto_2.asm
               MANDAR_NHX   0x000125    program     static C:\Users\Carlos Gil\Desktop\Universidad\4to semestre\Programación de microcontroladores\Progra_de_micros\Progra_de_micros\Proyecto_2.X\Proyecto_2.asm
               MANDAR_NHY   0x00012e    program     static C:\Users\Carlos Gil\Desktop\Universidad\4to semestre\Programación de microcontroladores\Progra_de_micros\Progra_de_micros\Proyecto_2.X\Proyecto_2.asm
               MANDAR_NLX   0x000120    program     static C:\Users\Carlos Gil\Desktop\Universidad\4to semestre\Programación de microcontroladores\Progra_de_micros\Progra_de_micros\Proyecto_2.X\Proyecto_2.asm
               MANDAR_NLY   0x000133    program     static C:\Users\Carlos Gil\Desktop\Universidad\4to semestre\Programación de microcontroladores\Progra_de_micros\Progra_de_micros\Proyecto_2.X\Proyecto_2.asm
                      POP   0x000012    program     static C:\Users\Carlos Gil\Desktop\Universidad\4to semestre\Programación de microcontroladores\Progra_de_micros\Progra_de_micros\Proyecto_2.X\Proyecto_2.asm
                     PUSH   0x000004    program     static C:\Users\Carlos Gil\Desktop\Universidad\4to semestre\Programación de microcontroladores\Progra_de_micros\Progra_de_micros\Proyecto_2.X\Proyecto_2.asm
               SEPARACION   0x000160    program     static C:\Users\Carlos Gil\Desktop\Universidad\4to semestre\Programación de microcontroladores\Progra_de_micros\Progra_de_micros\Proyecto_2.X\Proyecto_2.asm
            SEP_NIBBLES_X   0x000102    program     static C:\Users\Carlos Gil\Desktop\Universidad\4to semestre\Programación de microcontroladores\Progra_de_micros\Progra_de_micros\Proyecto_2.X\Proyecto_2.asm
            SEP_NIBBLES_Y   0x000107    program     static C:\Users\Carlos Gil\Desktop\Universidad\4to semestre\Programación de microcontroladores\Progra_de_micros\Progra_de_micros\Proyecto_2.X\Proyecto_2.asm
                    SETUP   0x000184    program     static C:\Users\Carlos Gil\Desktop\Universidad\4to semestre\Programación de microcontroladores\Progra_de_micros\Progra_de_micros\Proyecto_2.X\Proyecto_2.asm
                    START   0x000100    program     static C:\Users\Carlos Gil\Desktop\Universidad\4to semestre\Programación de microcontroladores\Progra_de_micros\Progra_de_micros\Proyecto_2.X\Proyecto_2.asm
                    TABLA   0x000078    program     static C:\Users\Carlos Gil\Desktop\Universidad\4to semestre\Programación de microcontroladores\Progra_de_micros\Progra_de_micros\Proyecto_2.X\Proyecto_2.asm
              TABLA_ASCII   0x000066    program     static C:\Users\Carlos Gil\Desktop\Universidad\4to semestre\Programación de microcontroladores\Progra_de_micros\Progra_de_micros\Proyecto_2.X\Proyecto_2.asm
          _MAIN_PROG_0161   0x000161    program     static C:\Users\Carlos Gil\Desktop\Universidad\4to semestre\Programación de microcontroladores\Progra_de_micros\Progra_de_micros\Proyecto_2.X\Proyecto_2.asm
                    BYTE0   0x00003f       data     static C:\Users\Carlos Gil\Desktop\Universidad\4to semestre\Programación de microcontroladores\Progra_de_micros\Progra_de_micros\Proyecto_2.X\Proyecto_2.asm
                    BYTE1   0x000040       data     static C:\Users\Carlos Gil\Desktop\Universidad\4to semestre\Programación de microcontroladores\Progra_de_micros\Progra_de_micros\Proyecto_2.X\Proyecto_2.asm
                    BYTE2   0x000041       data     static C:\Users\Carlos Gil\Desktop\Universidad\4to semestre\Programación de microcontroladores\Progra_de_micros\Progra_de_micros\Proyecto_2.X\Proyecto_2.asm
                    BYTE3   0x000042       data     static C:\Users\Carlos Gil\Desktop\Universidad\4to semestre\Programación de microcontroladores\Progra_de_micros\Progra_de_micros\Proyecto_2.X\Proyecto_2.asm
                    BYTE4   0x000043       data     static C:\Users\Carlos Gil\Desktop\Universidad\4to semestre\Programación de microcontroladores\Progra_de_micros\Progra_de_micros\Proyecto_2.X\Proyecto_2.asm
                    BYTE5   0x000044       data     static C:\Users\Carlos Gil\Desktop\Universidad\4to semestre\Programación de microcontroladores\Progra_de_micros\Progra_de_micros\Proyecto_2.X\Proyecto_2.asm
                    BYTE6   0x000045       data     static C:\Users\Carlos Gil\Desktop\Universidad\4to semestre\Programación de microcontroladores\Progra_de_micros\Progra_de_micros\Proyecto_2.X\Proyecto_2.asm
                    CONT1   0x000020       data     static C:\Users\Carlos Gil\Desktop\Universidad\4to semestre\Programación de microcontroladores\Progra_de_micros\Progra_de_micros\Proyecto_2.X\Proyecto_2.asm
                   CONT10   0x000029       data     static C:\Users\Carlos Gil\Desktop\Universidad\4to semestre\Programación de microcontroladores\Progra_de_micros\Progra_de_micros\Proyecto_2.X\Proyecto_2.asm
                   CONT11   0x00002a       data     static C:\Users\Carlos Gil\Desktop\Universidad\4to semestre\Programación de microcontroladores\Progra_de_micros\Progra_de_micros\Proyecto_2.X\Proyecto_2.asm
                   CONT12   0x00002b       data     static C:\Users\Carlos Gil\Desktop\Universidad\4to semestre\Programación de microcontroladores\Progra_de_micros\Progra_de_micros\Proyecto_2.X\Proyecto_2.asm
                   CONT13   0x00002c       data     static C:\Users\Carlos Gil\Desktop\Universidad\4to semestre\Programación de microcontroladores\Progra_de_micros\Progra_de_micros\Proyecto_2.X\Proyecto_2.asm
                    CONT2   0x000022       data     static C:\Users\Carlos Gil\Desktop\Universidad\4to semestre\Programación de microcontroladores\Progra_de_micros\Progra_de_micros\Proyecto_2.X\Proyecto_2.asm
                    CONT3   0x000023       data     static C:\Users\Carlos Gil\Desktop\Universidad\4to semestre\Programación de microcontroladores\Progra_de_micros\Progra_de_micros\Proyecto_2.X\Proyecto_2.asm
                    CONT4   0x000024       data     static C:\Users\Carlos Gil\Desktop\Universidad\4to semestre\Programación de microcontroladores\Progra_de_micros\Progra_de_micros\Proyecto_2.X\Proyecto_2.asm
                    CONT6   0x000025       data     static C:\Users\Carlos Gil\Desktop\Universidad\4to semestre\Programación de microcontroladores\Progra_de_micros\Progra_de_micros\Proyecto_2.X\Proyecto_2.asm
                    CONT7   0x000026       data     static C:\Users\Carlos Gil\Desktop\Universidad\4to semestre\Programación de microcontroladores\Progra_de_micros\Progra_de_micros\Proyecto_2.X\Proyecto_2.asm
                    CONT8   0x000027       data     static C:\Users\Carlos Gil\Desktop\Universidad\4to semestre\Programación de microcontroladores\Progra_de_micros\Progra_de_micros\Proyecto_2.X\Proyecto_2.asm
                    CONT9   0x000028       data     static C:\Users\Carlos Gil\Desktop\Universidad\4to semestre\Programación de microcontroladores\Progra_de_micros\Progra_de_micros\Proyecto_2.X\Proyecto_2.asm
                 DISPLAY0   0x000033       data     static C:\Users\Carlos Gil\Desktop\Universidad\4to semestre\Programación de microcontroladores\Progra_de_micros\Progra_de_micros\Proyecto_2.X\Proyecto_2.asm
                 DISPLAY1   0x000034       data     static C:\Users\Carlos Gil\Desktop\Universidad\4to semestre\Programación de microcontroladores\Progra_de_micros\Progra_de_micros\Proyecto_2.X\Proyecto_2.asm
                 DISPLAY2   0x000035       data     static C:\Users\Carlos Gil\Desktop\Universidad\4to semestre\Programación de microcontroladores\Progra_de_micros\Progra_de_micros\Proyecto_2.X\Proyecto_2.asm
                 DISPLAY3   0x000036       data     static C:\Users\Carlos Gil\Desktop\Universidad\4to semestre\Programación de microcontroladores\Progra_de_micros\Progra_de_micros\Proyecto_2.X\Proyecto_2.asm
                INDICADOR   0x00002f       data     static C:\Users\Carlos Gil\Desktop\Universidad\4to semestre\Programación de microcontroladores\Progra_de_micros\Progra_de_micros\Proyecto_2.X\Proyecto_2.asm
               INDICADOR2   0x000030       data     static C:\Users\Carlos Gil\Desktop\Universidad\4to semestre\Programación de microcontroladores\Progra_de_micros\Progra_de_micros\Proyecto_2.X\Proyecto_2.asm
                      NHX   0x00003b       data     static C:\Users\Carlos Gil\Desktop\Universidad\4to semestre\Programación de microcontroladores\Progra_de_micros\Progra_de_micros\Proyecto_2.X\Proyecto_2.asm
                      NHY   0x00003d       data     static C:\Users\Carlos Gil\Desktop\Universidad\4to semestre\Programación de microcontroladores\Progra_de_micros\Progra_de_micros\Proyecto_2.X\Proyecto_2.asm
                 NIBBLE_H   0x000031       data     static C:\Users\Carlos Gil\Desktop\Universidad\4to semestre\Programación de microcontroladores\Progra_de_micros\Progra_de_micros\Proyecto_2.X\Proyecto_2.asm
                 NIBBLE_L   0x000032       data     static C:\Users\Carlos Gil\Desktop\Universidad\4to semestre\Programación de microcontroladores\Progra_de_micros\Progra_de_micros\Proyecto_2.X\Proyecto_2.asm
                      NLX   0x00003c       data     static C:\Users\Carlos Gil\Desktop\Universidad\4to semestre\Programación de microcontroladores\Progra_de_micros\Progra_de_micros\Proyecto_2.X\Proyecto_2.asm
                      NLY   0x00003e       data     static C:\Users\Carlos Gil\Desktop\Universidad\4to semestre\Programación de microcontroladores\Progra_de_micros\Progra_de_micros\Proyecto_2.X\Proyecto_2.asm
                    ORDEN   0x000046       data     static C:\Users\Carlos Gil\Desktop\Universidad\4to semestre\Programación de microcontroladores\Progra_de_micros\Progra_de_micros\Proyecto_2.X\Proyecto_2.asm
                RECIBIDOX   0x000039       data     static C:\Users\Carlos Gil\Desktop\Universidad\4to semestre\Programación de microcontroladores\Progra_de_micros\Progra_de_micros\Proyecto_2.X\Proyecto_2.asm
                RECIBIDOY   0x00003a       data     static C:\Users\Carlos Gil\Desktop\Universidad\4to semestre\Programación de microcontroladores\Progra_de_micros\Progra_de_micros\Proyecto_2.X\Proyecto_2.asm
              STATUS_TEMP   0x00002e       data     static C:\Users\Carlos Gil\Desktop\Universidad\4to semestre\Programación de microcontroladores\Progra_de_micros\Progra_de_micros\Proyecto_2.X\Proyecto_2.asm
                 UNIDADES   0x000021       data     static C:\Users\Carlos Gil\Desktop\Universidad\4to semestre\Programación de microcontroladores\Progra_de_micros\Progra_de_micros\Proyecto_2.X\Proyecto_2.asm
                   W_TEMP   0x00002d       data     static C:\Users\Carlos Gil\Desktop\Universidad\4to semestre\Programación de microcontroladores\Progra_de_micros\Progra_de_micros\Proyecto_2.X\Proyecto_2.asm
                        X   0x000037       data     static C:\Users\Carlos Gil\Desktop\Universidad\4to semestre\Programación de microcontroladores\Progra_de_micros\Progra_de_micros\Proyecto_2.X\Proyecto_2.asm
                        Y   0x000038       data     static C:\Users\Carlos Gil\Desktop\Universidad\4to semestre\Programación de microcontroladores\Progra_de_micros\Progra_de_micros\Proyecto_2.X\Proyecto_2.asm



                              Symbols - Sorted by Address
                     Name    Address   Location    Storage File                     
                ---------  ---------  ---------  --------- ---------                
                     PUSH   0x000004    program     static C:\Users\Carlos Gil\Desktop\Universidad\4to semestre\Programación de microcontroladores\Progra_de_micros\Progra_de_micros\Proyecto_2.X\Proyecto_2.asm
                      ISR   0x000008    program     static C:\Users\Carlos Gil\Desktop\Universidad\4to semestre\Programación de microcontroladores\Progra_de_micros\Progra_de_micros\Proyecto_2.X\Proyecto_2.asm
                      POP   0x000012    program     static C:\Users\Carlos Gil\Desktop\Universidad\4to semestre\Programación de microcontroladores\Progra_de_micros\Progra_de_micros\Proyecto_2.X\Proyecto_2.asm
        INTERRUPCION_TMRO   0x000017    program     static C:\Users\Carlos Gil\Desktop\Universidad\4to semestre\Programación de microcontroladores\Progra_de_micros\Progra_de_micros\Proyecto_2.X\Proyecto_2.asm
         INTERRUPCION_ADC   0x00001e    program     static C:\Users\Carlos Gil\Desktop\Universidad\4to semestre\Programación de microcontroladores\Progra_de_micros\Progra_de_micros\Proyecto_2.X\Proyecto_2.asm
           INTERRUPCION_X   0x000020    program     static C:\Users\Carlos Gil\Desktop\Universidad\4to semestre\Programación de microcontroladores\Progra_de_micros\Progra_de_micros\Proyecto_2.X\Proyecto_2.asm
           INTERRUPCION_Y   0x000027    program     static C:\Users\Carlos Gil\Desktop\Universidad\4to semestre\Programación de microcontroladores\Progra_de_micros\Progra_de_micros\Proyecto_2.X\Proyecto_2.asm
        INTERRUPCION_TMR1   0x00002e    program     static C:\Users\Carlos Gil\Desktop\Universidad\4to semestre\Programación de microcontroladores\Progra_de_micros\Progra_de_micros\Proyecto_2.X\Proyecto_2.asm
     INTERRUPCION_RECIBIR   0x000035    program     static C:\Users\Carlos Gil\Desktop\Universidad\4to semestre\Programación de microcontroladores\Progra_de_micros\Progra_de_micros\Proyecto_2.X\Proyecto_2.asm
                   BYTE_0   0x000049    program     static C:\Users\Carlos Gil\Desktop\Universidad\4to semestre\Programación de microcontroladores\Progra_de_micros\Progra_de_micros\Proyecto_2.X\Proyecto_2.asm
                   BYTE_1   0x00004d    program     static C:\Users\Carlos Gil\Desktop\Universidad\4to semestre\Programación de microcontroladores\Progra_de_micros\Progra_de_micros\Proyecto_2.X\Proyecto_2.asm
                   BYTE_2   0x000051    program     static C:\Users\Carlos Gil\Desktop\Universidad\4to semestre\Programación de microcontroladores\Progra_de_micros\Progra_de_micros\Proyecto_2.X\Proyecto_2.asm
                   BYTE_3   0x000055    program     static C:\Users\Carlos Gil\Desktop\Universidad\4to semestre\Programación de microcontroladores\Progra_de_micros\Progra_de_micros\Proyecto_2.X\Proyecto_2.asm
                   BYTE_4   0x000059    program     static C:\Users\Carlos Gil\Desktop\Universidad\4to semestre\Programación de microcontroladores\Progra_de_micros\Progra_de_micros\Proyecto_2.X\Proyecto_2.asm
                   BYTE_5   0x00005d    program     static C:\Users\Carlos Gil\Desktop\Universidad\4to semestre\Programación de microcontroladores\Progra_de_micros\Progra_de_micros\Proyecto_2.X\Proyecto_2.asm
        INTERRUPCION_TMR2   0x000062    program     static C:\Users\Carlos Gil\Desktop\Universidad\4to semestre\Programación de microcontroladores\Progra_de_micros\Progra_de_micros\Proyecto_2.X\Proyecto_2.asm
              TABLA_ASCII   0x000066    program     static C:\Users\Carlos Gil\Desktop\Universidad\4to semestre\Programación de microcontroladores\Progra_de_micros\Progra_de_micros\Proyecto_2.X\Proyecto_2.asm
                    TABLA   0x000078    program     static C:\Users\Carlos Gil\Desktop\Universidad\4to semestre\Programación de microcontroladores\Progra_de_micros\Progra_de_micros\Proyecto_2.X\Proyecto_2.asm
                    START   0x000100    program     static C:\Users\Carlos Gil\Desktop\Universidad\4to semestre\Programación de microcontroladores\Progra_de_micros\Progra_de_micros\Proyecto_2.X\Proyecto_2.asm
                     LOOP   0x000101    program     static C:\Users\Carlos Gil\Desktop\Universidad\4to semestre\Programación de microcontroladores\Progra_de_micros\Progra_de_micros\Proyecto_2.X\Proyecto_2.asm
            SEP_NIBBLES_X   0x000102    program     static C:\Users\Carlos Gil\Desktop\Universidad\4to semestre\Programación de microcontroladores\Progra_de_micros\Progra_de_micros\Proyecto_2.X\Proyecto_2.asm
            SEP_NIBBLES_Y   0x000107    program     static C:\Users\Carlos Gil\Desktop\Universidad\4to semestre\Programación de microcontroladores\Progra_de_micros\Progra_de_micros\Proyecto_2.X\Proyecto_2.asm
          INTERRUPCION_TX   0x00010c    program     static C:\Users\Carlos Gil\Desktop\Universidad\4to semestre\Programación de microcontroladores\Progra_de_micros\Progra_de_micros\Proyecto_2.X\Proyecto_2.asm
               MANDAR_NLX   0x000120    program     static C:\Users\Carlos Gil\Desktop\Universidad\4to semestre\Programación de microcontroladores\Progra_de_micros\Progra_de_micros\Proyecto_2.X\Proyecto_2.asm
               MANDAR_NHX   0x000125    program     static C:\Users\Carlos Gil\Desktop\Universidad\4to semestre\Programación de microcontroladores\Progra_de_micros\Progra_de_micros\Proyecto_2.X\Proyecto_2.asm
                     COMA   0x00012a    program     static C:\Users\Carlos Gil\Desktop\Universidad\4to semestre\Programación de microcontroladores\Progra_de_micros\Progra_de_micros\Proyecto_2.X\Proyecto_2.asm
               MANDAR_NHY   0x00012e    program     static C:\Users\Carlos Gil\Desktop\Universidad\4to semestre\Programación de microcontroladores\Progra_de_micros\Progra_de_micros\Proyecto_2.X\Proyecto_2.asm
               MANDAR_NLY   0x000133    program     static C:\Users\Carlos Gil\Desktop\Universidad\4to semestre\Programación de microcontroladores\Progra_de_micros\Progra_de_micros\Proyecto_2.X\Proyecto_2.asm
                  ESPACIO   0x000138    program     static C:\Users\Carlos Gil\Desktop\Universidad\4to semestre\Programación de microcontroladores\Progra_de_micros\Progra_de_micros\Proyecto_2.X\Proyecto_2.asm
              DISPLAY_VAR   0x00013c    program     static C:\Users\Carlos Gil\Desktop\Universidad\4to semestre\Programación de microcontroladores\Progra_de_micros\Progra_de_micros\Proyecto_2.X\Proyecto_2.asm
              DISPLAY_0Y1   0x000142    program     static C:\Users\Carlos Gil\Desktop\Universidad\4to semestre\Programación de microcontroladores\Progra_de_micros\Progra_de_micros\Proyecto_2.X\Proyecto_2.asm
                DISPLAY_0   0x000145    program     static C:\Users\Carlos Gil\Desktop\Universidad\4to semestre\Programación de microcontroladores\Progra_de_micros\Progra_de_micros\Proyecto_2.X\Proyecto_2.asm
                DISPLAY_1   0x00014b    program     static C:\Users\Carlos Gil\Desktop\Universidad\4to semestre\Programación de microcontroladores\Progra_de_micros\Progra_de_micros\Proyecto_2.X\Proyecto_2.asm
              DISPLAY_2Y3   0x000151    program     static C:\Users\Carlos Gil\Desktop\Universidad\4to semestre\Programación de microcontroladores\Progra_de_micros\Progra_de_micros\Proyecto_2.X\Proyecto_2.asm
                DISPLAY_2   0x000154    program     static C:\Users\Carlos Gil\Desktop\Universidad\4to semestre\Programación de microcontroladores\Progra_de_micros\Progra_de_micros\Proyecto_2.X\Proyecto_2.asm
                DISPLAY_3   0x00015a    program     static C:\Users\Carlos Gil\Desktop\Universidad\4to semestre\Programación de microcontroladores\Progra_de_micros\Progra_de_micros\Proyecto_2.X\Proyecto_2.asm
               SEPARACION   0x000160    program     static C:\Users\Carlos Gil\Desktop\Universidad\4to semestre\Programación de microcontroladores\Progra_de_micros\Progra_de_micros\Proyecto_2.X\Proyecto_2.asm
          _MAIN_PROG_0161   0x000161    program     static C:\Users\Carlos Gil\Desktop\Universidad\4to semestre\Programación de microcontroladores\Progra_de_micros\Progra_de_micros\Proyecto_2.X\Proyecto_2.asm
                  LIMPIAR   0x000175    program     static C:\Users\Carlos Gil\Desktop\Universidad\4to semestre\Programación de microcontroladores\Progra_de_micros\Progra_de_micros\Proyecto_2.X\Proyecto_2.asm
      CONFIGURACION_ADC_X   0x00017c    program     static C:\Users\Carlos Gil\Desktop\Universidad\4to semestre\Programación de microcontroladores\Progra_de_micros\Progra_de_micros\Proyecto_2.X\Proyecto_2.asm
      CONFIGURACION_ADC_Y   0x000180    program     static C:\Users\Carlos Gil\Desktop\Universidad\4to semestre\Programación de microcontroladores\Progra_de_micros\Progra_de_micros\Proyecto_2.X\Proyecto_2.asm
                    SETUP   0x000184    program     static C:\Users\Carlos Gil\Desktop\Universidad\4to semestre\Programación de microcontroladores\Progra_de_micros\Progra_de_micros\Proyecto_2.X\Proyecto_2.asm
     CONFIGURACION_TIMER2   0x00018c    program     static C:\Users\Carlos Gil\Desktop\Universidad\4to semestre\Programación de microcontroladores\Progra_de_micros\Progra_de_micros\Proyecto_2.X\Proyecto_2.asm
     CONFIGURACION_TIMER0   0x0001a0    program     static C:\Users\Carlos Gil\Desktop\Universidad\4to semestre\Programación de microcontroladores\Progra_de_micros\Progra_de_micros\Proyecto_2.X\Proyecto_2.asm
CONFIGURACION_INTERRUPCION   0x0001a3    program     static C:\Users\Carlos Gil\Desktop\Universidad\4to semestre\Programación de microcontroladores\Progra_de_micros\Progra_de_micros\Proyecto_2.X\Proyecto_2.asm
        CONFIGURACION_ADC   0x0001ab    program     static C:\Users\Carlos Gil\Desktop\Universidad\4to semestre\Programación de microcontroladores\Progra_de_micros\Progra_de_micros\Proyecto_2.X\Proyecto_2.asm
CONFIGURACION_TRANSMISOR_Y_RECEP   0x0001bf    program     static C:\Users\Carlos Gil\Desktop\Universidad\4to semestre\Programación de microcontroladores\Progra_de_micros\Progra_de_micros\Proyecto_2.X\Proyecto_2.asm
                    CONT1   0x000020       data     static C:\Users\Carlos Gil\Desktop\Universidad\4to semestre\Programación de microcontroladores\Progra_de_micros\Progra_de_micros\Proyecto_2.X\Proyecto_2.asm
                 UNIDADES   0x000021       data     static C:\Users\Carlos Gil\Desktop\Universidad\4to semestre\Programación de microcontroladores\Progra_de_micros\Progra_de_micros\Proyecto_2.X\Proyecto_2.asm
                    CONT2   0x000022       data     static C:\Users\Carlos Gil\Desktop\Universidad\4to semestre\Programación de microcontroladores\Progra_de_micros\Progra_de_micros\Proyecto_2.X\Proyecto_2.asm
                    CONT3   0x000023       data     static C:\Users\Carlos Gil\Desktop\Universidad\4to semestre\Programación de microcontroladores\Progra_de_micros\Progra_de_micros\Proyecto_2.X\Proyecto_2.asm
                    CONT4   0x000024       data     static C:\Users\Carlos Gil\Desktop\Universidad\4to semestre\Programación de microcontroladores\Progra_de_micros\Progra_de_micros\Proyecto_2.X\Proyecto_2.asm
                    CONT6   0x000025       data     static C:\Users\Carlos Gil\Desktop\Universidad\4to semestre\Programación de microcontroladores\Progra_de_micros\Progra_de_micros\Proyecto_2.X\Proyecto_2.asm
                    CONT7   0x000026       data     static C:\Users\Carlos Gil\Desktop\Universidad\4to semestre\Programación de microcontroladores\Progra_de_micros\Progra_de_micros\Proyecto_2.X\Proyecto_2.asm
                    CONT8   0x000027       data     static C:\Users\Carlos Gil\Desktop\Universidad\4to semestre\Programación de microcontroladores\Progra_de_micros\Progra_de_micros\Proyecto_2.X\Proyecto_2.asm
                    CONT9   0x000028       data     static C:\Users\Carlos Gil\Desktop\Universidad\4to semestre\Programación de microcontroladores\Progra_de_micros\Progra_de_micros\Proyecto_2.X\Proyecto_2.asm
                   CONT10   0x000029       data     static C:\Users\Carlos Gil\Desktop\Universidad\4to semestre\Programación de microcontroladores\Progra_de_micros\Progra_de_micros\Proyecto_2.X\Proyecto_2.asm
                   CONT11   0x00002a       data     static C:\Users\Carlos Gil\Desktop\Universidad\4to semestre\Programación de microcontroladores\Progra_de_micros\Progra_de_micros\Proyecto_2.X\Proyecto_2.asm
                   CONT12   0x00002b       data     static C:\Users\Carlos Gil\Desktop\Universidad\4to semestre\Programación de microcontroladores\Progra_de_micros\Progra_de_micros\Proyecto_2.X\Proyecto_2.asm
                   CONT13   0x00002c       data     static C:\Users\Carlos Gil\Desktop\Universidad\4to semestre\Programación de microcontroladores\Progra_de_micros\Progra_de_micros\Proyecto_2.X\Proyecto_2.asm
                   W_TEMP   0x00002d       data     static C:\Users\Carlos Gil\Desktop\Universidad\4to semestre\Programación de microcontroladores\Progra_de_micros\Progra_de_micros\Proyecto_2.X\Proyecto_2.asm
              STATUS_TEMP   0x00002e       data     static C:\Users\Carlos Gil\Desktop\Universidad\4to semestre\Programación de microcontroladores\Progra_de_micros\Progra_de_micros\Proyecto_2.X\Proyecto_2.asm
                INDICADOR   0x00002f       data     static C:\Users\Carlos Gil\Desktop\Universidad\4to semestre\Programación de microcontroladores\Progra_de_micros\Progra_de_micros\Proyecto_2.X\Proyecto_2.asm
               INDICADOR2   0x000030       data     static C:\Users\Carlos Gil\Desktop\Universidad\4to semestre\Programación de microcontroladores\Progra_de_micros\Progra_de_micros\Proyecto_2.X\Proyecto_2.asm
                 NIBBLE_H   0x000031       data     static C:\Users\Carlos Gil\Desktop\Universidad\4to semestre\Programación de microcontroladores\Progra_de_micros\Progra_de_micros\Proyecto_2.X\Proyecto_2.asm
                 NIBBLE_L   0x000032       data     static C:\Users\Carlos Gil\Desktop\Universidad\4to semestre\Programación de microcontroladores\Progra_de_micros\Progra_de_micros\Proyecto_2.X\Proyecto_2.asm
                 DISPLAY0   0x000033       data     static C:\Users\Carlos Gil\Desktop\Universidad\4to semestre\Programación de microcontroladores\Progra_de_micros\Progra_de_micros\Proyecto_2.X\Proyecto_2.asm
                 DISPLAY1   0x000034       data     static C:\Users\Carlos Gil\Desktop\Universidad\4to semestre\Programación de microcontroladores\Progra_de_micros\Progra_de_micros\Proyecto_2.X\Proyecto_2.asm
                 DISPLAY2   0x000035       data     static C:\Users\Carlos Gil\Desktop\Universidad\4to semestre\Programación de microcontroladores\Progra_de_micros\Progra_de_micros\Proyecto_2.X\Proyecto_2.asm
                 DISPLAY3   0x000036       data     static C:\Users\Carlos Gil\Desktop\Universidad\4to semestre\Programación de microcontroladores\Progra_de_micros\Progra_de_micros\Proyecto_2.X\Proyecto_2.asm
                        X   0x000037       data     static C:\Users\Carlos Gil\Desktop\Universidad\4to semestre\Programación de microcontroladores\Progra_de_micros\Progra_de_micros\Proyecto_2.X\Proyecto_2.asm
                        Y   0x000038       data     static C:\Users\Carlos Gil\Desktop\Universidad\4to semestre\Programación de microcontroladores\Progra_de_micros\Progra_de_micros\Proyecto_2.X\Proyecto_2.asm
                RECIBIDOX   0x000039       data     static C:\Users\Carlos Gil\Desktop\Universidad\4to semestre\Programación de microcontroladores\Progra_de_micros\Progra_de_micros\Proyecto_2.X\Proyecto_2.asm
                RECIBIDOY   0x00003a       data     static C:\Users\Carlos Gil\Desktop\Universidad\4to semestre\Programación de microcontroladores\Progra_de_micros\Progra_de_micros\Proyecto_2.X\Proyecto_2.asm
                      NHX   0x00003b       data     static C:\Users\Carlos Gil\Desktop\Universidad\4to semestre\Programación de microcontroladores\Progra_de_micros\Progra_de_micros\Proyecto_2.X\Proyecto_2.asm
                      NLX   0x00003c       data     static C:\Users\Carlos Gil\Desktop\Universidad\4to semestre\Programación de microcontroladores\Progra_de_micros\Progra_de_micros\Proyecto_2.X\Proyecto_2.asm
                      NHY   0x00003d       data     static C:\Users\Carlos Gil\Desktop\Universidad\4to semestre\Programación de microcontroladores\Progra_de_micros\Progra_de_micros\Proyecto_2.X\Proyecto_2.asm
                      NLY   0x00003e       data     static C:\Users\Carlos Gil\Desktop\Universidad\4to semestre\Programación de microcontroladores\Progra_de_micros\Progra_de_micros\Proyecto_2.X\Proyecto_2.asm
                    BYTE0   0x00003f       data     static C:\Users\Carlos Gil\Desktop\Universidad\4to semestre\Programación de microcontroladores\Progra_de_micros\Progra_de_micros\Proyecto_2.X\Proyecto_2.asm
                    BYTE1   0x000040       data     static C:\Users\Carlos Gil\Desktop\Universidad\4to semestre\Programación de microcontroladores\Progra_de_micros\Progra_de_micros\Proyecto_2.X\Proyecto_2.asm
                    BYTE2   0x000041       data     static C:\Users\Carlos Gil\Desktop\Universidad\4to semestre\Programación de microcontroladores\Progra_de_micros\Progra_de_micros\Proyecto_2.X\Proyecto_2.asm
                    BYTE3   0x000042       data     static C:\Users\Carlos Gil\Desktop\Universidad\4to semestre\Programación de microcontroladores\Progra_de_micros\Progra_de_micros\Proyecto_2.X\Proyecto_2.asm
                    BYTE4   0x000043       data     static C:\Users\Carlos Gil\Desktop\Universidad\4to semestre\Programación de microcontroladores\Progra_de_micros\Progra_de_micros\Proyecto_2.X\Proyecto_2.asm
                    BYTE5   0x000044       data     static C:\Users\Carlos Gil\Desktop\Universidad\4to semestre\Programación de microcontroladores\Progra_de_micros\Progra_de_micros\Proyecto_2.X\Proyecto_2.asm
                    BYTE6   0x000045       data     static C:\Users\Carlos Gil\Desktop\Universidad\4to semestre\Programación de microcontroladores\Progra_de_micros\Progra_de_micros\Proyecto_2.X\Proyecto_2.asm
                    ORDEN   0x000046       data     static C:\Users\Carlos Gil\Desktop\Universidad\4to semestre\Programación de microcontroladores\Progra_de_micros\Progra_de_micros\Proyecto_2.X\Proyecto_2.asm


