MPLINK 5.08, LINKER
Linker Map File - Created Tue Oct 06 16:57:15 2020

                                 Section Info
                  Section       Type    Address   Location Size(Bytes)
                ---------  ---------  ---------  ---------  ---------
                 RES_VECT       code   0x000000    program   0x000002
                   .cinit    romdata   0x000001    program   0x000004
                 ISR_VECT       code   0x000004    program   0x000086
                MAIN_PROG       code   0x000100    program   0x000900
.config_2007_BUILD/DEFAULT/PRODUCTION/PROYECT       code   0x002007    program   0x000002
.config_2008_BUILD/DEFAULT/PRODUCTION/PROYECT       code   0x002008    program   0x000002
                  GPR_VAR      udata   0x000020       data   0x00002a



                              Program Memory Usage 
                               Start         End      
                           ---------   ---------      
                            0x000000    0x000002      
                            0x000004    0x000046      
                            0x000100    0x00057f      
                            0x002007    0x002008      
            1224 out of 8455 program addresses used, program memory utilization is 14%



                              Symbols - Sorted by Name
                     Name    Address   Location    Storage File                     
                ---------  ---------  ---------  --------- ---------                
             ACCIONALARMA   0x000455    program     static C:\Users\Carlos Gil\MPLABXProjects\Proyecto_1.X\Proyecto_1.asm
                  ACCIOND   0x000423    program     static C:\Users\Carlos Gil\MPLABXProjects\Proyecto_1.X\Proyecto_1.asm
                 ACCIONDD   0x000446    program     static C:\Users\Carlos Gil\MPLABXProjects\Proyecto_1.X\Proyecto_1.asm
                 ACCIONDH   0x00043c    program     static C:\Users\Carlos Gil\MPLABXProjects\Proyecto_1.X\Proyecto_1.asm
                 ACCIONDI   0x00042d    program     static C:\Users\Carlos Gil\MPLABXProjects\Proyecto_1.X\Proyecto_1.asm
                 ACCIONDM   0x000437    program     static C:\Users\Carlos Gil\MPLABXProjects\Proyecto_1.X\Proyecto_1.asm
                ACCIONDMS   0x000441    program     static C:\Users\Carlos Gil\MPLABXProjects\Proyecto_1.X\Proyecto_1.asm
                  ACCIONI   0x000418    program     static C:\Users\Carlos Gil\MPLABXProjects\Proyecto_1.X\Proyecto_1.asm
                  ACCIONM   0x000432    program     static C:\Users\Carlos Gil\MPLABXProjects\Proyecto_1.X\Proyecto_1.asm
                 ACCIONT1   0x00044b    program     static C:\Users\Carlos Gil\MPLABXProjects\Proyecto_1.X\Proyecto_1.asm
                 ACCIONT2   0x000450    program     static C:\Users\Carlos Gil\MPLABXProjects\Proyecto_1.X\Proyecto_1.asm
                  ACCIONU   0x000428    program     static C:\Users\Carlos Gil\MPLABXProjects\Proyecto_1.X\Proyecto_1.asm
                  ALARMAT   0x000401    program     static C:\Users\Carlos Gil\MPLABXProjects\Proyecto_1.X\Proyecto_1.asm
                    CASO1   0x0001ae    program     static C:\Users\Carlos Gil\MPLABXProjects\Proyecto_1.X\Proyecto_1.asm
                  CASO1_1   0x00023e    program     static C:\Users\Carlos Gil\MPLABXProjects\Proyecto_1.X\Proyecto_1.asm
                  CASO1_2   0x000332    program     static C:\Users\Carlos Gil\MPLABXProjects\Proyecto_1.X\Proyecto_1.asm
                    CASO2   0x0001c5    program     static C:\Users\Carlos Gil\MPLABXProjects\Proyecto_1.X\Proyecto_1.asm
                  CASO2_1   0x000256    program     static C:\Users\Carlos Gil\MPLABXProjects\Proyecto_1.X\Proyecto_1.asm
                  CASO2_2   0x00035e    program     static C:\Users\Carlos Gil\MPLABXProjects\Proyecto_1.X\Proyecto_1.asm
                    CASO3   0x0001dc    program     static C:\Users\Carlos Gil\MPLABXProjects\Proyecto_1.X\Proyecto_1.asm
                  CASO3_1   0x00026b    program     static C:\Users\Carlos Gil\MPLABXProjects\Proyecto_1.X\Proyecto_1.asm
                  CASO3_2   0x00038a    program     static C:\Users\Carlos Gil\MPLABXProjects\Proyecto_1.X\Proyecto_1.asm
              CASO_DIAS_N   0x00020e    program     static C:\Users\Carlos Gil\MPLABXProjects\Proyecto_1.X\Proyecto_1.asm
               CASO_MESES   0x00017e    program     static C:\Users\Carlos Gil\MPLABXProjects\Proyecto_1.X\Proyecto_1.asm
             CASO_MESES_N   0x00027b    program     static C:\Users\Carlos Gil\MPLABXProjects\Proyecto_1.X\Proyecto_1.asm
CONFIGURACION_INTERRUPCION   0x00053b    program     static C:\Users\Carlos Gil\MPLABXProjects\Proyecto_1.X\Proyecto_1.asm
     CONFIGURACION_TIMER0   0x000538    program     static C:\Users\Carlos Gil\MPLABXProjects\Proyecto_1.X\Proyecto_1.asm
     CONFIGURACION_TIMER2   0x00051d    program     static C:\Users\Carlos Gil\MPLABXProjects\Proyecto_1.X\Proyecto_1.asm
    CONFIGURACION_TIMER_1   0x0003b6    program     static C:\Users\Carlos Gil\MPLABXProjects\Proyecto_1.X\Proyecto_1.asm
    CONFIGURACION_TIMER_2   0x0003c7    program     static C:\Users\Carlos Gil\MPLABXProjects\Proyecto_1.X\Proyecto_1.asm
            CONTADORMESES   0x000303    program     static C:\Users\Carlos Gil\MPLABXProjects\Proyecto_1.X\Proyecto_1.asm
         DECREMENTAR_DIAS   0x000306    program     static C:\Users\Carlos Gil\MPLABXProjects\Proyecto_1.X\Proyecto_1.asm
        DECREMENTAR_HORAS   0x0002a5    program     static C:\Users\Carlos Gil\MPLABXProjects\Proyecto_1.X\Proyecto_1.asm
        DECREMENTAR_MESES   0x0002d1    program     static C:\Users\Carlos Gil\MPLABXProjects\Proyecto_1.X\Proyecto_1.asm
      DECREMENTAR_MINUTOS   0x000294    program     static C:\Users\Carlos Gil\MPLABXProjects\Proyecto_1.X\Proyecto_1.asm
        DECREMENTAR_TIMER   0x0003d6    program     static C:\Users\Carlos Gil\MPLABXProjects\Proyecto_1.X\Proyecto_1.asm
                  DIAMAX1   0x0001bd    program     static C:\Users\Carlos Gil\MPLABXProjects\Proyecto_1.X\Proyecto_1.asm
                DIAMAX1_1   0x00024b    program     static C:\Users\Carlos Gil\MPLABXProjects\Proyecto_1.X\Proyecto_1.asm
                  DIAMAX2   0x0001d4    program     static C:\Users\Carlos Gil\MPLABXProjects\Proyecto_1.X\Proyecto_1.asm
                DIAMAX2_1   0x000263    program     static C:\Users\Carlos Gil\MPLABXProjects\Proyecto_1.X\Proyecto_1.asm
                  DIAMAX3   0x0001e6    program     static C:\Users\Carlos Gil\MPLABXProjects\Proyecto_1.X\Proyecto_1.asm
                DIAMAX3_1   0x000273    program     static C:\Users\Carlos Gil\MPLABXProjects\Proyecto_1.X\Proyecto_1.asm
                   DIAMIN   0x0001e0    program     static C:\Users\Carlos Gil\MPLABXProjects\Proyecto_1.X\Proyecto_1.asm
                  DIAMIN1   0x0001b2    program     static C:\Users\Carlos Gil\MPLABXProjects\Proyecto_1.X\Proyecto_1.asm
                DIAMIN1_1   0x000242    program     static C:\Users\Carlos Gil\MPLABXProjects\Proyecto_1.X\Proyecto_1.asm
                  DIAMIN2   0x0001c9    program     static C:\Users\Carlos Gil\MPLABXProjects\Proyecto_1.X\Proyecto_1.asm
                DIAMIN2_1   0x00025a    program     static C:\Users\Carlos Gil\MPLABXProjects\Proyecto_1.X\Proyecto_1.asm
                DIAMIN3_1   0x00026f    program     static C:\Users\Carlos Gil\MPLABXProjects\Proyecto_1.X\Proyecto_1.asm
                DISPLAY_0   0x00012f    program     static C:\Users\Carlos Gil\MPLABXProjects\Proyecto_1.X\Proyecto_1.asm
              DISPLAY_0Y1   0x00012c    program     static C:\Users\Carlos Gil\MPLABXProjects\Proyecto_1.X\Proyecto_1.asm
                DISPLAY_1   0x000135    program     static C:\Users\Carlos Gil\MPLABXProjects\Proyecto_1.X\Proyecto_1.asm
                DISPLAY_2   0x00013e    program     static C:\Users\Carlos Gil\MPLABXProjects\Proyecto_1.X\Proyecto_1.asm
              DISPLAY_2Y3   0x00013b    program     static C:\Users\Carlos Gil\MPLABXProjects\Proyecto_1.X\Proyecto_1.asm
                DISPLAY_3   0x000144    program     static C:\Users\Carlos Gil\MPLABXProjects\Proyecto_1.X\Proyecto_1.asm
          DISPLAY_HORAS_N   0x0001fa    program     static C:\Users\Carlos Gil\MPLABXProjects\Proyecto_1.X\Proyecto_1.asm
        DISPLAY_MINUTOS_N   0x0001ee    program     static C:\Users\Carlos Gil\MPLABXProjects\Proyecto_1.X\Proyecto_1.asm
         DISPLAY_UNIDADES   0x00014a    program     static C:\Users\Carlos Gil\MPLABXProjects\Proyecto_1.X\Proyecto_1.asm
              DISPLAY_VAR   0x000126    program     static C:\Users\Carlos Gil\MPLABXProjects\Proyecto_1.X\Proyecto_1.asm
                  ESTADO1   0x00045a    program     static C:\Users\Carlos Gil\MPLABXProjects\Proyecto_1.X\Proyecto_1.asm
                  ESTADO2   0x000465    program     static C:\Users\Carlos Gil\MPLABXProjects\Proyecto_1.X\Proyecto_1.asm
                  ESTADO3   0x000470    program     static C:\Users\Carlos Gil\MPLABXProjects\Proyecto_1.X\Proyecto_1.asm
                ESTADO3_1   0x000480    program     static C:\Users\Carlos Gil\MPLABXProjects\Proyecto_1.X\Proyecto_1.asm
                ESTADO3_2   0x000489    program     static C:\Users\Carlos Gil\MPLABXProjects\Proyecto_1.X\Proyecto_1.asm
                  ESTADO4   0x00048c    program     static C:\Users\Carlos Gil\MPLABXProjects\Proyecto_1.X\Proyecto_1.asm
                ESTADO4_1   0x00049c    program     static C:\Users\Carlos Gil\MPLABXProjects\Proyecto_1.X\Proyecto_1.asm
                ESTADO4_2   0x0004a5    program     static C:\Users\Carlos Gil\MPLABXProjects\Proyecto_1.X\Proyecto_1.asm
                  ESTADO5   0x0004a8    program     static C:\Users\Carlos Gil\MPLABXProjects\Proyecto_1.X\Proyecto_1.asm
                ESTADO5_1   0x0004b8    program     static C:\Users\Carlos Gil\MPLABXProjects\Proyecto_1.X\Proyecto_1.asm
                ESTADO5_2   0x0004c1    program     static C:\Users\Carlos Gil\MPLABXProjects\Proyecto_1.X\Proyecto_1.asm
                  ESTADO6   0x0004c4    program     static C:\Users\Carlos Gil\MPLABXProjects\Proyecto_1.X\Proyecto_1.asm
                ESTADO6_1   0x0004d4    program     static C:\Users\Carlos Gil\MPLABXProjects\Proyecto_1.X\Proyecto_1.asm
                ESTADO6_2   0x0004dd    program     static C:\Users\Carlos Gil\MPLABXProjects\Proyecto_1.X\Proyecto_1.asm
                  ESTADO7   0x0004e0    program     static C:\Users\Carlos Gil\MPLABXProjects\Proyecto_1.X\Proyecto_1.asm
                ESTADO7_1   0x0004ff    program     static C:\Users\Carlos Gil\MPLABXProjects\Proyecto_1.X\Proyecto_1.asm
                ESTADO7_2   0x0004f6    program     static C:\Users\Carlos Gil\MPLABXProjects\Proyecto_1.X\Proyecto_1.asm
                  ESTADO8   0x000502    program     static C:\Users\Carlos Gil\MPLABXProjects\Proyecto_1.X\Proyecto_1.asm
                ESTADO8_1   0x000512    program     static C:\Users\Carlos Gil\MPLABXProjects\Proyecto_1.X\Proyecto_1.asm
                  ESTADOS   0x000109    program     static C:\Users\Carlos Gil\MPLABXProjects\Proyecto_1.X\Proyecto_1.asm
                  FINAL_1   0x000253    program     static C:\Users\Carlos Gil\MPLABXProjects\Proyecto_1.X\Proyecto_1.asm
        INTERRUPCION_TMR1   0x000018    program     static C:\Users\Carlos Gil\MPLABXProjects\Proyecto_1.X\Proyecto_1.asm
        INTERRUPCION_TMR2   0x000028    program     static C:\Users\Carlos Gil\MPLABXProjects\Proyecto_1.X\Proyecto_1.asm
        INTERRUPCION_TMRO   0x000013    program     static C:\Users\Carlos Gil\MPLABXProjects\Proyecto_1.X\Proyecto_1.asm
                      ISR   0x000008    program     static C:\Users\Carlos Gil\MPLABXProjects\Proyecto_1.X\Proyecto_1.asm
              LEDS_ALARMA   0x000408    program     static C:\Users\Carlos Gil\MPLABXProjects\Proyecto_1.X\Proyecto_1.asm
       LEDS_INTERMITENTES   0x000410    program     static C:\Users\Carlos Gil\MPLABXProjects\Proyecto_1.X\Proyecto_1.asm
                    LED_0   0x000415    program     static C:\Users\Carlos Gil\MPLABXProjects\Proyecto_1.X\Proyecto_1.asm
                  LED_0_A   0x00040d    program     static C:\Users\Carlos Gil\MPLABXProjects\Proyecto_1.X\Proyecto_1.asm
                    LED_1   0x000412    program     static C:\Users\Carlos Gil\MPLABXProjects\Proyecto_1.X\Proyecto_1.asm
                  LED_1_A   0x00040a    program     static C:\Users\Carlos Gil\MPLABXProjects\Proyecto_1.X\Proyecto_1.asm
                  LIMPIAR   0x00041f    program     static C:\Users\Carlos Gil\MPLABXProjects\Proyecto_1.X\Proyecto_1.asm
                     LOOP   0x000101    program     static C:\Users\Carlos Gil\MPLABXProjects\Proyecto_1.X\Proyecto_1.asm
                    LOOP1   0x000107    program     static C:\Users\Carlos Gil\MPLABXProjects\Proyecto_1.X\Proyecto_1.asm
               MESES_DIAS   0x00016a    program     static C:\Users\Carlos Gil\MPLABXProjects\Proyecto_1.X\Proyecto_1.asm
              MESES_FINAL   0x000177    program     static C:\Users\Carlos Gil\MPLABXProjects\Proyecto_1.X\Proyecto_1.asm
            MESES_FINAL_1   0x00028b    program     static C:\Users\Carlos Gil\MPLABXProjects\Proyecto_1.X\Proyecto_1.asm
             MESES_NORMAL   0x00016e    program     static C:\Users\Carlos Gil\MPLABXProjects\Proyecto_1.X\Proyecto_1.asm
           MESES_NORMAL_1   0x00027f    program     static C:\Users\Carlos Gil\MPLABXProjects\Proyecto_1.X\Proyecto_1.asm
                NOLIMPIAR   0x000421    program     static C:\Users\Carlos Gil\MPLABXProjects\Proyecto_1.X\Proyecto_1.asm
                      POP   0x00000e    program     static C:\Users\Carlos Gil\MPLABXProjects\Proyecto_1.X\Proyecto_1.asm
                      PT1   0x0002d5    program     static C:\Users\Carlos Gil\MPLABXProjects\Proyecto_1.X\Proyecto_1.asm
                     PUSH   0x000004    program     static C:\Users\Carlos Gil\MPLABXProjects\Proyecto_1.X\Proyecto_1.asm
                   PUSH_2   0x000483    program     static C:\Users\Carlos Gil\MPLABXProjects\Proyecto_1.X\Proyecto_1.asm
                 PUSH_2_1   0x00049f    program     static C:\Users\Carlos Gil\MPLABXProjects\Proyecto_1.X\Proyecto_1.asm
                 PUSH_2_2   0x0004bb    program     static C:\Users\Carlos Gil\MPLABXProjects\Proyecto_1.X\Proyecto_1.asm
                 PUSH_3_1   0x0004d7    program     static C:\Users\Carlos Gil\MPLABXProjects\Proyecto_1.X\Proyecto_1.asm
                 PUSH_3_2   0x0004f9    program     static C:\Users\Carlos Gil\MPLABXProjects\Proyecto_1.X\Proyecto_1.asm
                    SETUP   0x000515    program     static C:\Users\Carlos Gil\MPLABXProjects\Proyecto_1.X\Proyecto_1.asm
                    START   0x000100    program     static C:\Users\Carlos Gil\MPLABXProjects\Proyecto_1.X\Proyecto_1.asm
                    TABLA   0x000035    program     static C:\Users\Carlos Gil\MPLABXProjects\Proyecto_1.X\Proyecto_1.asm
                  TFHORAS   0x000162    program     static C:\Users\Carlos Gil\MPLABXProjects\Proyecto_1.X\Proyecto_1.asm
                TFHORAS_1   0x000206    program     static C:\Users\Carlos Gil\MPLABXProjects\Proyecto_1.X\Proyecto_1.asm
                   THORAS   0x00015a    program     static C:\Users\Carlos Gil\MPLABXProjects\Proyecto_1.X\Proyecto_1.asm
          _MAIN_PROG_0297   0x000297    program     static C:\Users\Carlos Gil\MPLABXProjects\Proyecto_1.X\Proyecto_1.asm
          _MAIN_PROG_029F   0x00029f    program     static C:\Users\Carlos Gil\MPLABXProjects\Proyecto_1.X\Proyecto_1.asm
          _MAIN_PROG_02A8   0x0002a8    program     static C:\Users\Carlos Gil\MPLABXProjects\Proyecto_1.X\Proyecto_1.asm
          _MAIN_PROG_02AC   0x0002ac    program     static C:\Users\Carlos Gil\MPLABXProjects\Proyecto_1.X\Proyecto_1.asm
          _MAIN_PROG_02B4   0x0002b4    program     static C:\Users\Carlos Gil\MPLABXProjects\Proyecto_1.X\Proyecto_1.asm
          _MAIN_PROG_02BE   0x0002be    program     static C:\Users\Carlos Gil\MPLABXProjects\Proyecto_1.X\Proyecto_1.asm
          _MAIN_PROG_02C2   0x0002c2    program     static C:\Users\Carlos Gil\MPLABXProjects\Proyecto_1.X\Proyecto_1.asm
          _MAIN_PROG_02CA   0x0002ca    program     static C:\Users\Carlos Gil\MPLABXProjects\Proyecto_1.X\Proyecto_1.asm
          _MAIN_PROG_02D8   0x0002d8    program     static C:\Users\Carlos Gil\MPLABXProjects\Proyecto_1.X\Proyecto_1.asm
          _MAIN_PROG_02DC   0x0002dc    program     static C:\Users\Carlos Gil\MPLABXProjects\Proyecto_1.X\Proyecto_1.asm
          _MAIN_PROG_02E5   0x0002e5    program     static C:\Users\Carlos Gil\MPLABXProjects\Proyecto_1.X\Proyecto_1.asm
          _MAIN_PROG_02EF   0x0002ef    program     static C:\Users\Carlos Gil\MPLABXProjects\Proyecto_1.X\Proyecto_1.asm
          _MAIN_PROG_02F3   0x0002f3    program     static C:\Users\Carlos Gil\MPLABXProjects\Proyecto_1.X\Proyecto_1.asm
          _MAIN_PROG_02FC   0x0002fc    program     static C:\Users\Carlos Gil\MPLABXProjects\Proyecto_1.X\Proyecto_1.asm
          _MAIN_PROG_0335   0x000335    program     static C:\Users\Carlos Gil\MPLABXProjects\Proyecto_1.X\Proyecto_1.asm
          _MAIN_PROG_0339   0x000339    program     static C:\Users\Carlos Gil\MPLABXProjects\Proyecto_1.X\Proyecto_1.asm
          _MAIN_PROG_0341   0x000341    program     static C:\Users\Carlos Gil\MPLABXProjects\Proyecto_1.X\Proyecto_1.asm
          _MAIN_PROG_034B   0x00034b    program     static C:\Users\Carlos Gil\MPLABXProjects\Proyecto_1.X\Proyecto_1.asm
          _MAIN_PROG_034F   0x00034f    program     static C:\Users\Carlos Gil\MPLABXProjects\Proyecto_1.X\Proyecto_1.asm
          _MAIN_PROG_0357   0x000357    program     static C:\Users\Carlos Gil\MPLABXProjects\Proyecto_1.X\Proyecto_1.asm
          _MAIN_PROG_0361   0x000361    program     static C:\Users\Carlos Gil\MPLABXProjects\Proyecto_1.X\Proyecto_1.asm
          _MAIN_PROG_0365   0x000365    program     static C:\Users\Carlos Gil\MPLABXProjects\Proyecto_1.X\Proyecto_1.asm
          _MAIN_PROG_036D   0x00036d    program     static C:\Users\Carlos Gil\MPLABXProjects\Proyecto_1.X\Proyecto_1.asm
          _MAIN_PROG_0377   0x000377    program     static C:\Users\Carlos Gil\MPLABXProjects\Proyecto_1.X\Proyecto_1.asm
          _MAIN_PROG_037B   0x00037b    program     static C:\Users\Carlos Gil\MPLABXProjects\Proyecto_1.X\Proyecto_1.asm
          _MAIN_PROG_0383   0x000383    program     static C:\Users\Carlos Gil\MPLABXProjects\Proyecto_1.X\Proyecto_1.asm
          _MAIN_PROG_038D   0x00038d    program     static C:\Users\Carlos Gil\MPLABXProjects\Proyecto_1.X\Proyecto_1.asm
          _MAIN_PROG_0391   0x000391    program     static C:\Users\Carlos Gil\MPLABXProjects\Proyecto_1.X\Proyecto_1.asm
          _MAIN_PROG_0399   0x000399    program     static C:\Users\Carlos Gil\MPLABXProjects\Proyecto_1.X\Proyecto_1.asm
          _MAIN_PROG_03A3   0x0003a3    program     static C:\Users\Carlos Gil\MPLABXProjects\Proyecto_1.X\Proyecto_1.asm
          _MAIN_PROG_03A7   0x0003a7    program     static C:\Users\Carlos Gil\MPLABXProjects\Proyecto_1.X\Proyecto_1.asm
          _MAIN_PROG_03AF   0x0003af    program     static C:\Users\Carlos Gil\MPLABXProjects\Proyecto_1.X\Proyecto_1.asm
          _MAIN_PROG_03E3   0x0003e3    program     static C:\Users\Carlos Gil\MPLABXProjects\Proyecto_1.X\Proyecto_1.asm
          _MAIN_PROG_03EB   0x0003eb    program     static C:\Users\Carlos Gil\MPLABXProjects\Proyecto_1.X\Proyecto_1.asm
          _MAIN_PROG_03F3   0x0003f3    program     static C:\Users\Carlos Gil\MPLABXProjects\Proyecto_1.X\Proyecto_1.asm
          _MAIN_PROG_03FB   0x0003fb    program     static C:\Users\Carlos Gil\MPLABXProjects\Proyecto_1.X\Proyecto_1.asm
          _MAIN_PROG_0404   0x000404    program     static C:\Users\Carlos Gil\MPLABXProjects\Proyecto_1.X\Proyecto_1.asm
          _MAIN_PROG_04ED   0x0004ed    program     static C:\Users\Carlos Gil\MPLABXProjects\Proyecto_1.X\Proyecto_1.asm
                   ALARMA   0x000048       data     static C:\Users\Carlos Gil\MPLABXProjects\Proyecto_1.X\Proyecto_1.asm
                    CONT1   0x000049       data     static C:\Users\Carlos Gil\MPLABXProjects\Proyecto_1.X\Proyecto_1.asm
                   CONT10   0x000029       data     static C:\Users\Carlos Gil\MPLABXProjects\Proyecto_1.X\Proyecto_1.asm
                   CONT11   0x00002a       data     static C:\Users\Carlos Gil\MPLABXProjects\Proyecto_1.X\Proyecto_1.asm
                   CONT12   0x00002b       data     static C:\Users\Carlos Gil\MPLABXProjects\Proyecto_1.X\Proyecto_1.asm
                   CONT13   0x00002c       data     static C:\Users\Carlos Gil\MPLABXProjects\Proyecto_1.X\Proyecto_1.asm
                    CONT2   0x000021       data     static C:\Users\Carlos Gil\MPLABXProjects\Proyecto_1.X\Proyecto_1.asm
                    CONT3   0x000022       data     static C:\Users\Carlos Gil\MPLABXProjects\Proyecto_1.X\Proyecto_1.asm
                    CONT4   0x000023       data     static C:\Users\Carlos Gil\MPLABXProjects\Proyecto_1.X\Proyecto_1.asm
                    CONT6   0x000025       data     static C:\Users\Carlos Gil\MPLABXProjects\Proyecto_1.X\Proyecto_1.asm
                    CONT7   0x000026       data     static C:\Users\Carlos Gil\MPLABXProjects\Proyecto_1.X\Proyecto_1.asm
                    CONT8   0x000027       data     static C:\Users\Carlos Gil\MPLABXProjects\Proyecto_1.X\Proyecto_1.asm
                    CONT9   0x000028       data     static C:\Users\Carlos Gil\MPLABXProjects\Proyecto_1.X\Proyecto_1.asm
                CONTIMERM   0x000047       data     static C:\Users\Carlos Gil\MPLABXProjects\Proyecto_1.X\Proyecto_1.asm
                CONTIMERS   0x000046       data     static C:\Users\Carlos Gil\MPLABXProjects\Proyecto_1.X\Proyecto_1.asm
                  DECENAS   0x000024       data     static C:\Users\Carlos Gil\MPLABXProjects\Proyecto_1.X\Proyecto_1.asm
                    DIAS1   0x000037       data     static C:\Users\Carlos Gil\MPLABXProjects\Proyecto_1.X\Proyecto_1.asm
                    DIAS2   0x000038       data     static C:\Users\Carlos Gil\MPLABXProjects\Proyecto_1.X\Proyecto_1.asm
                 DISPLAY0   0x00003c       data     static C:\Users\Carlos Gil\MPLABXProjects\Proyecto_1.X\Proyecto_1.asm
                 DISPLAY1   0x00003d       data     static C:\Users\Carlos Gil\MPLABXProjects\Proyecto_1.X\Proyecto_1.asm
                 DISPLAY2   0x00003e       data     static C:\Users\Carlos Gil\MPLABXProjects\Proyecto_1.X\Proyecto_1.asm
                 DISPLAY3   0x00003f       data     static C:\Users\Carlos Gil\MPLABXProjects\Proyecto_1.X\Proyecto_1.asm
                 ESPECIAL   0x000040       data     static C:\Users\Carlos Gil\MPLABXProjects\Proyecto_1.X\Proyecto_1.asm
                   ESTADO   0x00003b       data     static C:\Users\Carlos Gil\MPLABXProjects\Proyecto_1.X\Proyecto_1.asm
                    HORAS   0x000034       data     static C:\Users\Carlos Gil\MPLABXProjects\Proyecto_1.X\Proyecto_1.asm
                   HORAS1   0x000035       data     static C:\Users\Carlos Gil\MPLABXProjects\Proyecto_1.X\Proyecto_1.asm
                   HORAS2   0x000036       data     static C:\Users\Carlos Gil\MPLABXProjects\Proyecto_1.X\Proyecto_1.asm
                INDICADOR   0x00002f       data     static C:\Users\Carlos Gil\MPLABXProjects\Proyecto_1.X\Proyecto_1.asm
               INDICADOR2   0x000030       data     static C:\Users\Carlos Gil\MPLABXProjects\Proyecto_1.X\Proyecto_1.asm
                   MESES1   0x000039       data     static C:\Users\Carlos Gil\MPLABXProjects\Proyecto_1.X\Proyecto_1.asm
                   MESES2   0x00003a       data     static C:\Users\Carlos Gil\MPLABXProjects\Proyecto_1.X\Proyecto_1.asm
                 NIBBLE_H   0x000031       data     static C:\Users\Carlos Gil\MPLABXProjects\Proyecto_1.X\Proyecto_1.asm
                 NIBBLE_L   0x000032       data     static C:\Users\Carlos Gil\MPLABXProjects\Proyecto_1.X\Proyecto_1.asm
              PUSH_BOTTON   0x000041       data     static C:\Users\Carlos Gil\MPLABXProjects\Proyecto_1.X\Proyecto_1.asm
                 SEGUNDOS   0x000033       data     static C:\Users\Carlos Gil\MPLABXProjects\Proyecto_1.X\Proyecto_1.asm
              STATUS_TEMP   0x00002e       data     static C:\Users\Carlos Gil\MPLABXProjects\Proyecto_1.X\Proyecto_1.asm
                   TIMER1   0x000042       data     static C:\Users\Carlos Gil\MPLABXProjects\Proyecto_1.X\Proyecto_1.asm
                   TIMER2   0x000043       data     static C:\Users\Carlos Gil\MPLABXProjects\Proyecto_1.X\Proyecto_1.asm
                   TIMER3   0x000044       data     static C:\Users\Carlos Gil\MPLABXProjects\Proyecto_1.X\Proyecto_1.asm
                   TIMER4   0x000045       data     static C:\Users\Carlos Gil\MPLABXProjects\Proyecto_1.X\Proyecto_1.asm
                 UNIDADES   0x000020       data     static C:\Users\Carlos Gil\MPLABXProjects\Proyecto_1.X\Proyecto_1.asm
                   W_TEMP   0x00002d       data     static C:\Users\Carlos Gil\MPLABXProjects\Proyecto_1.X\Proyecto_1.asm



                              Symbols - Sorted by Address
                     Name    Address   Location    Storage File                     
                ---------  ---------  ---------  --------- ---------                
                     PUSH   0x000004    program     static C:\Users\Carlos Gil\MPLABXProjects\Proyecto_1.X\Proyecto_1.asm
                      ISR   0x000008    program     static C:\Users\Carlos Gil\MPLABXProjects\Proyecto_1.X\Proyecto_1.asm
                      POP   0x00000e    program     static C:\Users\Carlos Gil\MPLABXProjects\Proyecto_1.X\Proyecto_1.asm
        INTERRUPCION_TMRO   0x000013    program     static C:\Users\Carlos Gil\MPLABXProjects\Proyecto_1.X\Proyecto_1.asm
        INTERRUPCION_TMR1   0x000018    program     static C:\Users\Carlos Gil\MPLABXProjects\Proyecto_1.X\Proyecto_1.asm
        INTERRUPCION_TMR2   0x000028    program     static C:\Users\Carlos Gil\MPLABXProjects\Proyecto_1.X\Proyecto_1.asm
                    TABLA   0x000035    program     static C:\Users\Carlos Gil\MPLABXProjects\Proyecto_1.X\Proyecto_1.asm
                    START   0x000100    program     static C:\Users\Carlos Gil\MPLABXProjects\Proyecto_1.X\Proyecto_1.asm
                     LOOP   0x000101    program     static C:\Users\Carlos Gil\MPLABXProjects\Proyecto_1.X\Proyecto_1.asm
                    LOOP1   0x000107    program     static C:\Users\Carlos Gil\MPLABXProjects\Proyecto_1.X\Proyecto_1.asm
                  ESTADOS   0x000109    program     static C:\Users\Carlos Gil\MPLABXProjects\Proyecto_1.X\Proyecto_1.asm
              DISPLAY_VAR   0x000126    program     static C:\Users\Carlos Gil\MPLABXProjects\Proyecto_1.X\Proyecto_1.asm
              DISPLAY_0Y1   0x00012c    program     static C:\Users\Carlos Gil\MPLABXProjects\Proyecto_1.X\Proyecto_1.asm
                DISPLAY_0   0x00012f    program     static C:\Users\Carlos Gil\MPLABXProjects\Proyecto_1.X\Proyecto_1.asm
                DISPLAY_1   0x000135    program     static C:\Users\Carlos Gil\MPLABXProjects\Proyecto_1.X\Proyecto_1.asm
              DISPLAY_2Y3   0x00013b    program     static C:\Users\Carlos Gil\MPLABXProjects\Proyecto_1.X\Proyecto_1.asm
                DISPLAY_2   0x00013e    program     static C:\Users\Carlos Gil\MPLABXProjects\Proyecto_1.X\Proyecto_1.asm
                DISPLAY_3   0x000144    program     static C:\Users\Carlos Gil\MPLABXProjects\Proyecto_1.X\Proyecto_1.asm
         DISPLAY_UNIDADES   0x00014a    program     static C:\Users\Carlos Gil\MPLABXProjects\Proyecto_1.X\Proyecto_1.asm
                   THORAS   0x00015a    program     static C:\Users\Carlos Gil\MPLABXProjects\Proyecto_1.X\Proyecto_1.asm
                  TFHORAS   0x000162    program     static C:\Users\Carlos Gil\MPLABXProjects\Proyecto_1.X\Proyecto_1.asm
               MESES_DIAS   0x00016a    program     static C:\Users\Carlos Gil\MPLABXProjects\Proyecto_1.X\Proyecto_1.asm
             MESES_NORMAL   0x00016e    program     static C:\Users\Carlos Gil\MPLABXProjects\Proyecto_1.X\Proyecto_1.asm
              MESES_FINAL   0x000177    program     static C:\Users\Carlos Gil\MPLABXProjects\Proyecto_1.X\Proyecto_1.asm
               CASO_MESES   0x00017e    program     static C:\Users\Carlos Gil\MPLABXProjects\Proyecto_1.X\Proyecto_1.asm
                    CASO1   0x0001ae    program     static C:\Users\Carlos Gil\MPLABXProjects\Proyecto_1.X\Proyecto_1.asm
                  DIAMIN1   0x0001b2    program     static C:\Users\Carlos Gil\MPLABXProjects\Proyecto_1.X\Proyecto_1.asm
                  DIAMAX1   0x0001bd    program     static C:\Users\Carlos Gil\MPLABXProjects\Proyecto_1.X\Proyecto_1.asm
                    CASO2   0x0001c5    program     static C:\Users\Carlos Gil\MPLABXProjects\Proyecto_1.X\Proyecto_1.asm
                  DIAMIN2   0x0001c9    program     static C:\Users\Carlos Gil\MPLABXProjects\Proyecto_1.X\Proyecto_1.asm
                  DIAMAX2   0x0001d4    program     static C:\Users\Carlos Gil\MPLABXProjects\Proyecto_1.X\Proyecto_1.asm
                    CASO3   0x0001dc    program     static C:\Users\Carlos Gil\MPLABXProjects\Proyecto_1.X\Proyecto_1.asm
                   DIAMIN   0x0001e0    program     static C:\Users\Carlos Gil\MPLABXProjects\Proyecto_1.X\Proyecto_1.asm
                  DIAMAX3   0x0001e6    program     static C:\Users\Carlos Gil\MPLABXProjects\Proyecto_1.X\Proyecto_1.asm
        DISPLAY_MINUTOS_N   0x0001ee    program     static C:\Users\Carlos Gil\MPLABXProjects\Proyecto_1.X\Proyecto_1.asm
          DISPLAY_HORAS_N   0x0001fa    program     static C:\Users\Carlos Gil\MPLABXProjects\Proyecto_1.X\Proyecto_1.asm
                TFHORAS_1   0x000206    program     static C:\Users\Carlos Gil\MPLABXProjects\Proyecto_1.X\Proyecto_1.asm
              CASO_DIAS_N   0x00020e    program     static C:\Users\Carlos Gil\MPLABXProjects\Proyecto_1.X\Proyecto_1.asm
                  CASO1_1   0x00023e    program     static C:\Users\Carlos Gil\MPLABXProjects\Proyecto_1.X\Proyecto_1.asm
                DIAMIN1_1   0x000242    program     static C:\Users\Carlos Gil\MPLABXProjects\Proyecto_1.X\Proyecto_1.asm
                DIAMAX1_1   0x00024b    program     static C:\Users\Carlos Gil\MPLABXProjects\Proyecto_1.X\Proyecto_1.asm
                  FINAL_1   0x000253    program     static C:\Users\Carlos Gil\MPLABXProjects\Proyecto_1.X\Proyecto_1.asm
                  CASO2_1   0x000256    program     static C:\Users\Carlos Gil\MPLABXProjects\Proyecto_1.X\Proyecto_1.asm
                DIAMIN2_1   0x00025a    program     static C:\Users\Carlos Gil\MPLABXProjects\Proyecto_1.X\Proyecto_1.asm
                DIAMAX2_1   0x000263    program     static C:\Users\Carlos Gil\MPLABXProjects\Proyecto_1.X\Proyecto_1.asm
                  CASO3_1   0x00026b    program     static C:\Users\Carlos Gil\MPLABXProjects\Proyecto_1.X\Proyecto_1.asm
                DIAMIN3_1   0x00026f    program     static C:\Users\Carlos Gil\MPLABXProjects\Proyecto_1.X\Proyecto_1.asm
                DIAMAX3_1   0x000273    program     static C:\Users\Carlos Gil\MPLABXProjects\Proyecto_1.X\Proyecto_1.asm
             CASO_MESES_N   0x00027b    program     static C:\Users\Carlos Gil\MPLABXProjects\Proyecto_1.X\Proyecto_1.asm
           MESES_NORMAL_1   0x00027f    program     static C:\Users\Carlos Gil\MPLABXProjects\Proyecto_1.X\Proyecto_1.asm
            MESES_FINAL_1   0x00028b    program     static C:\Users\Carlos Gil\MPLABXProjects\Proyecto_1.X\Proyecto_1.asm
      DECREMENTAR_MINUTOS   0x000294    program     static C:\Users\Carlos Gil\MPLABXProjects\Proyecto_1.X\Proyecto_1.asm
          _MAIN_PROG_0297   0x000297    program     static C:\Users\Carlos Gil\MPLABXProjects\Proyecto_1.X\Proyecto_1.asm
          _MAIN_PROG_029F   0x00029f    program     static C:\Users\Carlos Gil\MPLABXProjects\Proyecto_1.X\Proyecto_1.asm
        DECREMENTAR_HORAS   0x0002a5    program     static C:\Users\Carlos Gil\MPLABXProjects\Proyecto_1.X\Proyecto_1.asm
          _MAIN_PROG_02A8   0x0002a8    program     static C:\Users\Carlos Gil\MPLABXProjects\Proyecto_1.X\Proyecto_1.asm
          _MAIN_PROG_02AC   0x0002ac    program     static C:\Users\Carlos Gil\MPLABXProjects\Proyecto_1.X\Proyecto_1.asm
          _MAIN_PROG_02B4   0x0002b4    program     static C:\Users\Carlos Gil\MPLABXProjects\Proyecto_1.X\Proyecto_1.asm
          _MAIN_PROG_02BE   0x0002be    program     static C:\Users\Carlos Gil\MPLABXProjects\Proyecto_1.X\Proyecto_1.asm
          _MAIN_PROG_02C2   0x0002c2    program     static C:\Users\Carlos Gil\MPLABXProjects\Proyecto_1.X\Proyecto_1.asm
          _MAIN_PROG_02CA   0x0002ca    program     static C:\Users\Carlos Gil\MPLABXProjects\Proyecto_1.X\Proyecto_1.asm
        DECREMENTAR_MESES   0x0002d1    program     static C:\Users\Carlos Gil\MPLABXProjects\Proyecto_1.X\Proyecto_1.asm
                      PT1   0x0002d5    program     static C:\Users\Carlos Gil\MPLABXProjects\Proyecto_1.X\Proyecto_1.asm
          _MAIN_PROG_02D8   0x0002d8    program     static C:\Users\Carlos Gil\MPLABXProjects\Proyecto_1.X\Proyecto_1.asm
          _MAIN_PROG_02DC   0x0002dc    program     static C:\Users\Carlos Gil\MPLABXProjects\Proyecto_1.X\Proyecto_1.asm
          _MAIN_PROG_02E5   0x0002e5    program     static C:\Users\Carlos Gil\MPLABXProjects\Proyecto_1.X\Proyecto_1.asm
          _MAIN_PROG_02EF   0x0002ef    program     static C:\Users\Carlos Gil\MPLABXProjects\Proyecto_1.X\Proyecto_1.asm
          _MAIN_PROG_02F3   0x0002f3    program     static C:\Users\Carlos Gil\MPLABXProjects\Proyecto_1.X\Proyecto_1.asm
          _MAIN_PROG_02FC   0x0002fc    program     static C:\Users\Carlos Gil\MPLABXProjects\Proyecto_1.X\Proyecto_1.asm
            CONTADORMESES   0x000303    program     static C:\Users\Carlos Gil\MPLABXProjects\Proyecto_1.X\Proyecto_1.asm
         DECREMENTAR_DIAS   0x000306    program     static C:\Users\Carlos Gil\MPLABXProjects\Proyecto_1.X\Proyecto_1.asm
                  CASO1_2   0x000332    program     static C:\Users\Carlos Gil\MPLABXProjects\Proyecto_1.X\Proyecto_1.asm
          _MAIN_PROG_0335   0x000335    program     static C:\Users\Carlos Gil\MPLABXProjects\Proyecto_1.X\Proyecto_1.asm
          _MAIN_PROG_0339   0x000339    program     static C:\Users\Carlos Gil\MPLABXProjects\Proyecto_1.X\Proyecto_1.asm
          _MAIN_PROG_0341   0x000341    program     static C:\Users\Carlos Gil\MPLABXProjects\Proyecto_1.X\Proyecto_1.asm
          _MAIN_PROG_034B   0x00034b    program     static C:\Users\Carlos Gil\MPLABXProjects\Proyecto_1.X\Proyecto_1.asm
          _MAIN_PROG_034F   0x00034f    program     static C:\Users\Carlos Gil\MPLABXProjects\Proyecto_1.X\Proyecto_1.asm
          _MAIN_PROG_0357   0x000357    program     static C:\Users\Carlos Gil\MPLABXProjects\Proyecto_1.X\Proyecto_1.asm
                  CASO2_2   0x00035e    program     static C:\Users\Carlos Gil\MPLABXProjects\Proyecto_1.X\Proyecto_1.asm
          _MAIN_PROG_0361   0x000361    program     static C:\Users\Carlos Gil\MPLABXProjects\Proyecto_1.X\Proyecto_1.asm
          _MAIN_PROG_0365   0x000365    program     static C:\Users\Carlos Gil\MPLABXProjects\Proyecto_1.X\Proyecto_1.asm
          _MAIN_PROG_036D   0x00036d    program     static C:\Users\Carlos Gil\MPLABXProjects\Proyecto_1.X\Proyecto_1.asm
          _MAIN_PROG_0377   0x000377    program     static C:\Users\Carlos Gil\MPLABXProjects\Proyecto_1.X\Proyecto_1.asm
          _MAIN_PROG_037B   0x00037b    program     static C:\Users\Carlos Gil\MPLABXProjects\Proyecto_1.X\Proyecto_1.asm
          _MAIN_PROG_0383   0x000383    program     static C:\Users\Carlos Gil\MPLABXProjects\Proyecto_1.X\Proyecto_1.asm
                  CASO3_2   0x00038a    program     static C:\Users\Carlos Gil\MPLABXProjects\Proyecto_1.X\Proyecto_1.asm
          _MAIN_PROG_038D   0x00038d    program     static C:\Users\Carlos Gil\MPLABXProjects\Proyecto_1.X\Proyecto_1.asm
          _MAIN_PROG_0391   0x000391    program     static C:\Users\Carlos Gil\MPLABXProjects\Proyecto_1.X\Proyecto_1.asm
          _MAIN_PROG_0399   0x000399    program     static C:\Users\Carlos Gil\MPLABXProjects\Proyecto_1.X\Proyecto_1.asm
          _MAIN_PROG_03A3   0x0003a3    program     static C:\Users\Carlos Gil\MPLABXProjects\Proyecto_1.X\Proyecto_1.asm
          _MAIN_PROG_03A7   0x0003a7    program     static C:\Users\Carlos Gil\MPLABXProjects\Proyecto_1.X\Proyecto_1.asm
          _MAIN_PROG_03AF   0x0003af    program     static C:\Users\Carlos Gil\MPLABXProjects\Proyecto_1.X\Proyecto_1.asm
    CONFIGURACION_TIMER_1   0x0003b6    program     static C:\Users\Carlos Gil\MPLABXProjects\Proyecto_1.X\Proyecto_1.asm
    CONFIGURACION_TIMER_2   0x0003c7    program     static C:\Users\Carlos Gil\MPLABXProjects\Proyecto_1.X\Proyecto_1.asm
        DECREMENTAR_TIMER   0x0003d6    program     static C:\Users\Carlos Gil\MPLABXProjects\Proyecto_1.X\Proyecto_1.asm
          _MAIN_PROG_03E3   0x0003e3    program     static C:\Users\Carlos Gil\MPLABXProjects\Proyecto_1.X\Proyecto_1.asm
          _MAIN_PROG_03EB   0x0003eb    program     static C:\Users\Carlos Gil\MPLABXProjects\Proyecto_1.X\Proyecto_1.asm
          _MAIN_PROG_03F3   0x0003f3    program     static C:\Users\Carlos Gil\MPLABXProjects\Proyecto_1.X\Proyecto_1.asm
          _MAIN_PROG_03FB   0x0003fb    program     static C:\Users\Carlos Gil\MPLABXProjects\Proyecto_1.X\Proyecto_1.asm
                  ALARMAT   0x000401    program     static C:\Users\Carlos Gil\MPLABXProjects\Proyecto_1.X\Proyecto_1.asm
          _MAIN_PROG_0404   0x000404    program     static C:\Users\Carlos Gil\MPLABXProjects\Proyecto_1.X\Proyecto_1.asm
              LEDS_ALARMA   0x000408    program     static C:\Users\Carlos Gil\MPLABXProjects\Proyecto_1.X\Proyecto_1.asm
                  LED_1_A   0x00040a    program     static C:\Users\Carlos Gil\MPLABXProjects\Proyecto_1.X\Proyecto_1.asm
                  LED_0_A   0x00040d    program     static C:\Users\Carlos Gil\MPLABXProjects\Proyecto_1.X\Proyecto_1.asm
       LEDS_INTERMITENTES   0x000410    program     static C:\Users\Carlos Gil\MPLABXProjects\Proyecto_1.X\Proyecto_1.asm
                    LED_1   0x000412    program     static C:\Users\Carlos Gil\MPLABXProjects\Proyecto_1.X\Proyecto_1.asm
                    LED_0   0x000415    program     static C:\Users\Carlos Gil\MPLABXProjects\Proyecto_1.X\Proyecto_1.asm
                  ACCIONI   0x000418    program     static C:\Users\Carlos Gil\MPLABXProjects\Proyecto_1.X\Proyecto_1.asm
                  LIMPIAR   0x00041f    program     static C:\Users\Carlos Gil\MPLABXProjects\Proyecto_1.X\Proyecto_1.asm
                NOLIMPIAR   0x000421    program     static C:\Users\Carlos Gil\MPLABXProjects\Proyecto_1.X\Proyecto_1.asm
                  ACCIOND   0x000423    program     static C:\Users\Carlos Gil\MPLABXProjects\Proyecto_1.X\Proyecto_1.asm
                  ACCIONU   0x000428    program     static C:\Users\Carlos Gil\MPLABXProjects\Proyecto_1.X\Proyecto_1.asm
                 ACCIONDI   0x00042d    program     static C:\Users\Carlos Gil\MPLABXProjects\Proyecto_1.X\Proyecto_1.asm
                  ACCIONM   0x000432    program     static C:\Users\Carlos Gil\MPLABXProjects\Proyecto_1.X\Proyecto_1.asm
                 ACCIONDM   0x000437    program     static C:\Users\Carlos Gil\MPLABXProjects\Proyecto_1.X\Proyecto_1.asm
                 ACCIONDH   0x00043c    program     static C:\Users\Carlos Gil\MPLABXProjects\Proyecto_1.X\Proyecto_1.asm
                ACCIONDMS   0x000441    program     static C:\Users\Carlos Gil\MPLABXProjects\Proyecto_1.X\Proyecto_1.asm
                 ACCIONDD   0x000446    program     static C:\Users\Carlos Gil\MPLABXProjects\Proyecto_1.X\Proyecto_1.asm
                 ACCIONT1   0x00044b    program     static C:\Users\Carlos Gil\MPLABXProjects\Proyecto_1.X\Proyecto_1.asm
                 ACCIONT2   0x000450    program     static C:\Users\Carlos Gil\MPLABXProjects\Proyecto_1.X\Proyecto_1.asm
             ACCIONALARMA   0x000455    program     static C:\Users\Carlos Gil\MPLABXProjects\Proyecto_1.X\Proyecto_1.asm
                  ESTADO1   0x00045a    program     static C:\Users\Carlos Gil\MPLABXProjects\Proyecto_1.X\Proyecto_1.asm
                  ESTADO2   0x000465    program     static C:\Users\Carlos Gil\MPLABXProjects\Proyecto_1.X\Proyecto_1.asm
                  ESTADO3   0x000470    program     static C:\Users\Carlos Gil\MPLABXProjects\Proyecto_1.X\Proyecto_1.asm
                ESTADO3_1   0x000480    program     static C:\Users\Carlos Gil\MPLABXProjects\Proyecto_1.X\Proyecto_1.asm
                   PUSH_2   0x000483    program     static C:\Users\Carlos Gil\MPLABXProjects\Proyecto_1.X\Proyecto_1.asm
                ESTADO3_2   0x000489    program     static C:\Users\Carlos Gil\MPLABXProjects\Proyecto_1.X\Proyecto_1.asm
                  ESTADO4   0x00048c    program     static C:\Users\Carlos Gil\MPLABXProjects\Proyecto_1.X\Proyecto_1.asm
                ESTADO4_1   0x00049c    program     static C:\Users\Carlos Gil\MPLABXProjects\Proyecto_1.X\Proyecto_1.asm
                 PUSH_2_1   0x00049f    program     static C:\Users\Carlos Gil\MPLABXProjects\Proyecto_1.X\Proyecto_1.asm
                ESTADO4_2   0x0004a5    program     static C:\Users\Carlos Gil\MPLABXProjects\Proyecto_1.X\Proyecto_1.asm
                  ESTADO5   0x0004a8    program     static C:\Users\Carlos Gil\MPLABXProjects\Proyecto_1.X\Proyecto_1.asm
                ESTADO5_1   0x0004b8    program     static C:\Users\Carlos Gil\MPLABXProjects\Proyecto_1.X\Proyecto_1.asm
                 PUSH_2_2   0x0004bb    program     static C:\Users\Carlos Gil\MPLABXProjects\Proyecto_1.X\Proyecto_1.asm
                ESTADO5_2   0x0004c1    program     static C:\Users\Carlos Gil\MPLABXProjects\Proyecto_1.X\Proyecto_1.asm
                  ESTADO6   0x0004c4    program     static C:\Users\Carlos Gil\MPLABXProjects\Proyecto_1.X\Proyecto_1.asm
                ESTADO6_1   0x0004d4    program     static C:\Users\Carlos Gil\MPLABXProjects\Proyecto_1.X\Proyecto_1.asm
                 PUSH_3_1   0x0004d7    program     static C:\Users\Carlos Gil\MPLABXProjects\Proyecto_1.X\Proyecto_1.asm
                ESTADO6_2   0x0004dd    program     static C:\Users\Carlos Gil\MPLABXProjects\Proyecto_1.X\Proyecto_1.asm
                  ESTADO7   0x0004e0    program     static C:\Users\Carlos Gil\MPLABXProjects\Proyecto_1.X\Proyecto_1.asm
          _MAIN_PROG_04ED   0x0004ed    program     static C:\Users\Carlos Gil\MPLABXProjects\Proyecto_1.X\Proyecto_1.asm
                ESTADO7_2   0x0004f6    program     static C:\Users\Carlos Gil\MPLABXProjects\Proyecto_1.X\Proyecto_1.asm
                 PUSH_3_2   0x0004f9    program     static C:\Users\Carlos Gil\MPLABXProjects\Proyecto_1.X\Proyecto_1.asm
                ESTADO7_1   0x0004ff    program     static C:\Users\Carlos Gil\MPLABXProjects\Proyecto_1.X\Proyecto_1.asm
                  ESTADO8   0x000502    program     static C:\Users\Carlos Gil\MPLABXProjects\Proyecto_1.X\Proyecto_1.asm
                ESTADO8_1   0x000512    program     static C:\Users\Carlos Gil\MPLABXProjects\Proyecto_1.X\Proyecto_1.asm
                    SETUP   0x000515    program     static C:\Users\Carlos Gil\MPLABXProjects\Proyecto_1.X\Proyecto_1.asm
     CONFIGURACION_TIMER2   0x00051d    program     static C:\Users\Carlos Gil\MPLABXProjects\Proyecto_1.X\Proyecto_1.asm
     CONFIGURACION_TIMER0   0x000538    program     static C:\Users\Carlos Gil\MPLABXProjects\Proyecto_1.X\Proyecto_1.asm
CONFIGURACION_INTERRUPCION   0x00053b    program     static C:\Users\Carlos Gil\MPLABXProjects\Proyecto_1.X\Proyecto_1.asm
                 UNIDADES   0x000020       data     static C:\Users\Carlos Gil\MPLABXProjects\Proyecto_1.X\Proyecto_1.asm
                    CONT2   0x000021       data     static C:\Users\Carlos Gil\MPLABXProjects\Proyecto_1.X\Proyecto_1.asm
                    CONT3   0x000022       data     static C:\Users\Carlos Gil\MPLABXProjects\Proyecto_1.X\Proyecto_1.asm
                    CONT4   0x000023       data     static C:\Users\Carlos Gil\MPLABXProjects\Proyecto_1.X\Proyecto_1.asm
                  DECENAS   0x000024       data     static C:\Users\Carlos Gil\MPLABXProjects\Proyecto_1.X\Proyecto_1.asm
                    CONT6   0x000025       data     static C:\Users\Carlos Gil\MPLABXProjects\Proyecto_1.X\Proyecto_1.asm
                    CONT7   0x000026       data     static C:\Users\Carlos Gil\MPLABXProjects\Proyecto_1.X\Proyecto_1.asm
                    CONT8   0x000027       data     static C:\Users\Carlos Gil\MPLABXProjects\Proyecto_1.X\Proyecto_1.asm
                    CONT9   0x000028       data     static C:\Users\Carlos Gil\MPLABXProjects\Proyecto_1.X\Proyecto_1.asm
                   CONT10   0x000029       data     static C:\Users\Carlos Gil\MPLABXProjects\Proyecto_1.X\Proyecto_1.asm
                   CONT11   0x00002a       data     static C:\Users\Carlos Gil\MPLABXProjects\Proyecto_1.X\Proyecto_1.asm
                   CONT12   0x00002b       data     static C:\Users\Carlos Gil\MPLABXProjects\Proyecto_1.X\Proyecto_1.asm
                   CONT13   0x00002c       data     static C:\Users\Carlos Gil\MPLABXProjects\Proyecto_1.X\Proyecto_1.asm
                   W_TEMP   0x00002d       data     static C:\Users\Carlos Gil\MPLABXProjects\Proyecto_1.X\Proyecto_1.asm
              STATUS_TEMP   0x00002e       data     static C:\Users\Carlos Gil\MPLABXProjects\Proyecto_1.X\Proyecto_1.asm
                INDICADOR   0x00002f       data     static C:\Users\Carlos Gil\MPLABXProjects\Proyecto_1.X\Proyecto_1.asm
               INDICADOR2   0x000030       data     static C:\Users\Carlos Gil\MPLABXProjects\Proyecto_1.X\Proyecto_1.asm
                 NIBBLE_H   0x000031       data     static C:\Users\Carlos Gil\MPLABXProjects\Proyecto_1.X\Proyecto_1.asm
                 NIBBLE_L   0x000032       data     static C:\Users\Carlos Gil\MPLABXProjects\Proyecto_1.X\Proyecto_1.asm
                 SEGUNDOS   0x000033       data     static C:\Users\Carlos Gil\MPLABXProjects\Proyecto_1.X\Proyecto_1.asm
                    HORAS   0x000034       data     static C:\Users\Carlos Gil\MPLABXProjects\Proyecto_1.X\Proyecto_1.asm
                   HORAS1   0x000035       data     static C:\Users\Carlos Gil\MPLABXProjects\Proyecto_1.X\Proyecto_1.asm
                   HORAS2   0x000036       data     static C:\Users\Carlos Gil\MPLABXProjects\Proyecto_1.X\Proyecto_1.asm
                    DIAS1   0x000037       data     static C:\Users\Carlos Gil\MPLABXProjects\Proyecto_1.X\Proyecto_1.asm
                    DIAS2   0x000038       data     static C:\Users\Carlos Gil\MPLABXProjects\Proyecto_1.X\Proyecto_1.asm
                   MESES1   0x000039       data     static C:\Users\Carlos Gil\MPLABXProjects\Proyecto_1.X\Proyecto_1.asm
                   MESES2   0x00003a       data     static C:\Users\Carlos Gil\MPLABXProjects\Proyecto_1.X\Proyecto_1.asm
                   ESTADO   0x00003b       data     static C:\Users\Carlos Gil\MPLABXProjects\Proyecto_1.X\Proyecto_1.asm
                 DISPLAY0   0x00003c       data     static C:\Users\Carlos Gil\MPLABXProjects\Proyecto_1.X\Proyecto_1.asm
                 DISPLAY1   0x00003d       data     static C:\Users\Carlos Gil\MPLABXProjects\Proyecto_1.X\Proyecto_1.asm
                 DISPLAY2   0x00003e       data     static C:\Users\Carlos Gil\MPLABXProjects\Proyecto_1.X\Proyecto_1.asm
                 DISPLAY3   0x00003f       data     static C:\Users\Carlos Gil\MPLABXProjects\Proyecto_1.X\Proyecto_1.asm
                 ESPECIAL   0x000040       data     static C:\Users\Carlos Gil\MPLABXProjects\Proyecto_1.X\Proyecto_1.asm
              PUSH_BOTTON   0x000041       data     static C:\Users\Carlos Gil\MPLABXProjects\Proyecto_1.X\Proyecto_1.asm
                   TIMER1   0x000042       data     static C:\Users\Carlos Gil\MPLABXProjects\Proyecto_1.X\Proyecto_1.asm
                   TIMER2   0x000043       data     static C:\Users\Carlos Gil\MPLABXProjects\Proyecto_1.X\Proyecto_1.asm
                   TIMER3   0x000044       data     static C:\Users\Carlos Gil\MPLABXProjects\Proyecto_1.X\Proyecto_1.asm
                   TIMER4   0x000045       data     static C:\Users\Carlos Gil\MPLABXProjects\Proyecto_1.X\Proyecto_1.asm
                CONTIMERS   0x000046       data     static C:\Users\Carlos Gil\MPLABXProjects\Proyecto_1.X\Proyecto_1.asm
                CONTIMERM   0x000047       data     static C:\Users\Carlos Gil\MPLABXProjects\Proyecto_1.X\Proyecto_1.asm
                   ALARMA   0x000048       data     static C:\Users\Carlos Gil\MPLABXProjects\Proyecto_1.X\Proyecto_1.asm
                    CONT1   0x000049       data     static C:\Users\Carlos Gil\MPLABXProjects\Proyecto_1.X\Proyecto_1.asm


