MPLINK 5.08, LINKER
Linker Map File - Created Tue Sep 08 13:19:17 2020

                                 Section Info
                  Section       Type    Address   Location Size(Bytes)
                ---------  ---------  ---------  ---------  ---------
                 RES_VECT       code   0x000000    program   0x000002
                   .cinit    romdata   0x000001    program   0x000004
                 ISR_VECT       code   0x000004    program   0x000080
                MAIN_PROG       code   0x000100    program   0x00012c
.config_2007_BUILD/DEFAULT/PRODUCTION/LABORAT       code   0x002007    program   0x000002
.config_2008_BUILD/DEFAULT/PRODUCTION/LABORAT       code   0x002008    program   0x000002
                  GPR_VAR      udata   0x000020       data   0x00000e



                              Program Memory Usage 
                               Start         End      
                           ---------   ---------      
                            0x000000    0x000002      
                            0x000004    0x000043      
                            0x000100    0x000195      
                            0x002007    0x002008      
            219 out of 8455 program addresses used, program memory utilization is 2%



                              Symbols - Sorted by Name
                     Name    Address   Location    Storage File                     
                ---------  ---------  ---------  --------- ---------                
         CAMBIO_INDICADOR   0x000102    program     static C:\Users\Carlos Gil\MPLABXProjects\Laboratorio_5.X\Laboratorio_5.asm
CONFIGURACION_INTERRUPCION   0x000179    program     static C:\Users\Carlos Gil\MPLABXProjects\Laboratorio_5.X\Laboratorio_5.asm
     CONFIGURACION_TIMER0   0x000174    program     static C:\Users\Carlos Gil\MPLABXProjects\Laboratorio_5.X\Laboratorio_5.asm
     CONFIGURACION_TIMER2   0x000177    program     static C:\Users\Carlos Gil\MPLABXProjects\Laboratorio_5.X\Laboratorio_5.asm
                DISPLAY_0   0x000111    program     static C:\Users\Carlos Gil\MPLABXProjects\Laboratorio_5.X\Laboratorio_5.asm
                DISPLAY_1   0x000117    program     static C:\Users\Carlos Gil\MPLABXProjects\Laboratorio_5.X\Laboratorio_5.asm
         DISPLAY_SEGUNDOS   0x00011d    program     static C:\Users\Carlos Gil\MPLABXProjects\Laboratorio_5.X\Laboratorio_5.asm
         DISPLAY_UNIDADES   0x000124    program     static C:\Users\Carlos Gil\MPLABXProjects\Laboratorio_5.X\Laboratorio_5.asm
              DISPLAY_VAR   0x00010d    program     static C:\Users\Carlos Gil\MPLABXProjects\Laboratorio_5.X\Laboratorio_5.asm
        INTERRUPCION_TMR1   0x000019    program     static C:\Users\Carlos Gil\MPLABXProjects\Laboratorio_5.X\Laboratorio_5.asm
        INTERRUPCION_TMR2   0x000026    program     static C:\Users\Carlos Gil\MPLABXProjects\Laboratorio_5.X\Laboratorio_5.asm
        INTERRUPCION_TMRO   0x000014    program     static C:\Users\Carlos Gil\MPLABXProjects\Laboratorio_5.X\Laboratorio_5.asm
                     IN_0   0x000106    program     static C:\Users\Carlos Gil\MPLABXProjects\Laboratorio_5.X\Laboratorio_5.asm
                     IN_1   0x000104    program     static C:\Users\Carlos Gil\MPLABXProjects\Laboratorio_5.X\Laboratorio_5.asm
                      ISR   0x000008    program     static C:\Users\Carlos Gil\MPLABXProjects\Laboratorio_5.X\Laboratorio_5.asm
       LEDS_INTERMITENTES   0x000137    program     static C:\Users\Carlos Gil\MPLABXProjects\Laboratorio_5.X\Laboratorio_5.asm
                    LED_0   0x00013d    program     static C:\Users\Carlos Gil\MPLABXProjects\Laboratorio_5.X\Laboratorio_5.asm
                    LED_1   0x000139    program     static C:\Users\Carlos Gil\MPLABXProjects\Laboratorio_5.X\Laboratorio_5.asm
                     LOOP   0x000101    program     static C:\Users\Carlos Gil\MPLABXProjects\Laboratorio_5.X\Laboratorio_5.asm
                      POP   0x00000e    program     static C:\Users\Carlos Gil\MPLABXProjects\Laboratorio_5.X\Laboratorio_5.asm
                     PUSH   0x000004    program     static C:\Users\Carlos Gil\MPLABXProjects\Laboratorio_5.X\Laboratorio_5.asm
              SEP_NIBBLES   0x000108    program     static C:\Users\Carlos Gil\MPLABXProjects\Laboratorio_5.X\Laboratorio_5.asm
                    SETUP   0x00014b    program     static C:\Users\Carlos Gil\MPLABXProjects\Laboratorio_5.X\Laboratorio_5.asm
                    START   0x000100    program     static C:\Users\Carlos Gil\MPLABXProjects\Laboratorio_5.X\Laboratorio_5.asm
                    TABLA   0x000032    program     static C:\Users\Carlos Gil\MPLABXProjects\Laboratorio_5.X\Laboratorio_5.asm
      TEMPORIZADOR_TIMER0   0x000141    program     static C:\Users\Carlos Gil\MPLABXProjects\Laboratorio_5.X\Laboratorio_5.asm
                  TIEMPO1   0x000143    program     static C:\Users\Carlos Gil\MPLABXProjects\Laboratorio_5.X\Laboratorio_5.asm
                  TIEMPO2   0x000146    program     static C:\Users\Carlos Gil\MPLABXProjects\Laboratorio_5.X\Laboratorio_5.asm
                    CONT2   0x000021       data     static C:\Users\Carlos Gil\MPLABXProjects\Laboratorio_5.X\Laboratorio_5.asm
                    CONT3   0x000022       data     static C:\Users\Carlos Gil\MPLABXProjects\Laboratorio_5.X\Laboratorio_5.asm
                    CONT4   0x000023       data     static C:\Users\Carlos Gil\MPLABXProjects\Laboratorio_5.X\Laboratorio_5.asm
                    CONT6   0x000025       data     static C:\Users\Carlos Gil\MPLABXProjects\Laboratorio_5.X\Laboratorio_5.asm
                    CONT7   0x000026       data     static C:\Users\Carlos Gil\MPLABXProjects\Laboratorio_5.X\Laboratorio_5.asm
                  DECENAS   0x000024       data     static C:\Users\Carlos Gil\MPLABXProjects\Laboratorio_5.X\Laboratorio_5.asm
                INDICADOR   0x000029       data     static C:\Users\Carlos Gil\MPLABXProjects\Laboratorio_5.X\Laboratorio_5.asm
               INDICADOR2   0x00002a       data     static C:\Users\Carlos Gil\MPLABXProjects\Laboratorio_5.X\Laboratorio_5.asm
                 NIBBLE_H   0x00002b       data     static C:\Users\Carlos Gil\MPLABXProjects\Laboratorio_5.X\Laboratorio_5.asm
                 NIBBLE_L   0x00002c       data     static C:\Users\Carlos Gil\MPLABXProjects\Laboratorio_5.X\Laboratorio_5.asm
                 SEGUNDOS   0x00002d       data     static C:\Users\Carlos Gil\MPLABXProjects\Laboratorio_5.X\Laboratorio_5.asm
              STATUS_TEMP   0x000028       data     static C:\Users\Carlos Gil\MPLABXProjects\Laboratorio_5.X\Laboratorio_5.asm
                 UNIDADES   0x000020       data     static C:\Users\Carlos Gil\MPLABXProjects\Laboratorio_5.X\Laboratorio_5.asm
                   W_TEMP   0x000027       data     static C:\Users\Carlos Gil\MPLABXProjects\Laboratorio_5.X\Laboratorio_5.asm



                              Symbols - Sorted by Address
                     Name    Address   Location    Storage File                     
                ---------  ---------  ---------  --------- ---------                
                     PUSH   0x000004    program     static C:\Users\Carlos Gil\MPLABXProjects\Laboratorio_5.X\Laboratorio_5.asm
                      ISR   0x000008    program     static C:\Users\Carlos Gil\MPLABXProjects\Laboratorio_5.X\Laboratorio_5.asm
                      POP   0x00000e    program     static C:\Users\Carlos Gil\MPLABXProjects\Laboratorio_5.X\Laboratorio_5.asm
        INTERRUPCION_TMRO   0x000014    program     static C:\Users\Carlos Gil\MPLABXProjects\Laboratorio_5.X\Laboratorio_5.asm
        INTERRUPCION_TMR1   0x000019    program     static C:\Users\Carlos Gil\MPLABXProjects\Laboratorio_5.X\Laboratorio_5.asm
        INTERRUPCION_TMR2   0x000026    program     static C:\Users\Carlos Gil\MPLABXProjects\Laboratorio_5.X\Laboratorio_5.asm
                    TABLA   0x000032    program     static C:\Users\Carlos Gil\MPLABXProjects\Laboratorio_5.X\Laboratorio_5.asm
                    START   0x000100    program     static C:\Users\Carlos Gil\MPLABXProjects\Laboratorio_5.X\Laboratorio_5.asm
                     LOOP   0x000101    program     static C:\Users\Carlos Gil\MPLABXProjects\Laboratorio_5.X\Laboratorio_5.asm
         CAMBIO_INDICADOR   0x000102    program     static C:\Users\Carlos Gil\MPLABXProjects\Laboratorio_5.X\Laboratorio_5.asm
                     IN_1   0x000104    program     static C:\Users\Carlos Gil\MPLABXProjects\Laboratorio_5.X\Laboratorio_5.asm
                     IN_0   0x000106    program     static C:\Users\Carlos Gil\MPLABXProjects\Laboratorio_5.X\Laboratorio_5.asm
              SEP_NIBBLES   0x000108    program     static C:\Users\Carlos Gil\MPLABXProjects\Laboratorio_5.X\Laboratorio_5.asm
              DISPLAY_VAR   0x00010d    program     static C:\Users\Carlos Gil\MPLABXProjects\Laboratorio_5.X\Laboratorio_5.asm
                DISPLAY_0   0x000111    program     static C:\Users\Carlos Gil\MPLABXProjects\Laboratorio_5.X\Laboratorio_5.asm
                DISPLAY_1   0x000117    program     static C:\Users\Carlos Gil\MPLABXProjects\Laboratorio_5.X\Laboratorio_5.asm
         DISPLAY_SEGUNDOS   0x00011d    program     static C:\Users\Carlos Gil\MPLABXProjects\Laboratorio_5.X\Laboratorio_5.asm
         DISPLAY_UNIDADES   0x000124    program     static C:\Users\Carlos Gil\MPLABXProjects\Laboratorio_5.X\Laboratorio_5.asm
       LEDS_INTERMITENTES   0x000137    program     static C:\Users\Carlos Gil\MPLABXProjects\Laboratorio_5.X\Laboratorio_5.asm
                    LED_1   0x000139    program     static C:\Users\Carlos Gil\MPLABXProjects\Laboratorio_5.X\Laboratorio_5.asm
                    LED_0   0x00013d    program     static C:\Users\Carlos Gil\MPLABXProjects\Laboratorio_5.X\Laboratorio_5.asm
      TEMPORIZADOR_TIMER0   0x000141    program     static C:\Users\Carlos Gil\MPLABXProjects\Laboratorio_5.X\Laboratorio_5.asm
                  TIEMPO1   0x000143    program     static C:\Users\Carlos Gil\MPLABXProjects\Laboratorio_5.X\Laboratorio_5.asm
                  TIEMPO2   0x000146    program     static C:\Users\Carlos Gil\MPLABXProjects\Laboratorio_5.X\Laboratorio_5.asm
                    SETUP   0x00014b    program     static C:\Users\Carlos Gil\MPLABXProjects\Laboratorio_5.X\Laboratorio_5.asm
     CONFIGURACION_TIMER0   0x000174    program     static C:\Users\Carlos Gil\MPLABXProjects\Laboratorio_5.X\Laboratorio_5.asm
     CONFIGURACION_TIMER2   0x000177    program     static C:\Users\Carlos Gil\MPLABXProjects\Laboratorio_5.X\Laboratorio_5.asm
CONFIGURACION_INTERRUPCION   0x000179    program     static C:\Users\Carlos Gil\MPLABXProjects\Laboratorio_5.X\Laboratorio_5.asm
                 UNIDADES   0x000020       data     static C:\Users\Carlos Gil\MPLABXProjects\Laboratorio_5.X\Laboratorio_5.asm
                    CONT2   0x000021       data     static C:\Users\Carlos Gil\MPLABXProjects\Laboratorio_5.X\Laboratorio_5.asm
                    CONT3   0x000022       data     static C:\Users\Carlos Gil\MPLABXProjects\Laboratorio_5.X\Laboratorio_5.asm
                    CONT4   0x000023       data     static C:\Users\Carlos Gil\MPLABXProjects\Laboratorio_5.X\Laboratorio_5.asm
                  DECENAS   0x000024       data     static C:\Users\Carlos Gil\MPLABXProjects\Laboratorio_5.X\Laboratorio_5.asm
                    CONT6   0x000025       data     static C:\Users\Carlos Gil\MPLABXProjects\Laboratorio_5.X\Laboratorio_5.asm
                    CONT7   0x000026       data     static C:\Users\Carlos Gil\MPLABXProjects\Laboratorio_5.X\Laboratorio_5.asm
                   W_TEMP   0x000027       data     static C:\Users\Carlos Gil\MPLABXProjects\Laboratorio_5.X\Laboratorio_5.asm
              STATUS_TEMP   0x000028       data     static C:\Users\Carlos Gil\MPLABXProjects\Laboratorio_5.X\Laboratorio_5.asm
                INDICADOR   0x000029       data     static C:\Users\Carlos Gil\MPLABXProjects\Laboratorio_5.X\Laboratorio_5.asm
               INDICADOR2   0x00002a       data     static C:\Users\Carlos Gil\MPLABXProjects\Laboratorio_5.X\Laboratorio_5.asm
                 NIBBLE_H   0x00002b       data     static C:\Users\Carlos Gil\MPLABXProjects\Laboratorio_5.X\Laboratorio_5.asm
                 NIBBLE_L   0x00002c       data     static C:\Users\Carlos Gil\MPLABXProjects\Laboratorio_5.X\Laboratorio_5.asm
                 SEGUNDOS   0x00002d       data     static C:\Users\Carlos Gil\MPLABXProjects\Laboratorio_5.X\Laboratorio_5.asm


