MPLINK 5.08, LINKER
Linker Map File - Created Thu Nov 19 07:50:17 2020

                                 Section Info
                  Section       Type    Address   Location Size(Bytes)
                ---------  ---------  ---------  ---------  ---------
                 RES_VECT       code   0x000000    program   0x000002
                   .cinit    romdata   0x000001    program   0x000004
                 ISR_VECT       code   0x000004    program   0x00006a
                MAIN_PROG       code   0x000100    program   0x0000e2
.config_2007_BUILD/DEFAULT/PRODUCTION/CARRO_P       code   0x002007    program   0x000002
.config_2008_BUILD/DEFAULT/PRODUCTION/CARRO_P       code   0x002008    program   0x000002
                  GPR_VAR      udata   0x000020       data   0x000017



                              Program Memory Usage 
                               Start         End      
                           ---------   ---------      
                            0x000000    0x000002      
                            0x000004    0x000038      
                            0x000100    0x000170      
                            0x002007    0x002008      
            171 out of 8455 program addresses used, program memory utilization is 2%



                              Symbols - Sorted by Name
                     Name    Address   Location    Storage File                     
                ---------  ---------  ---------  --------- ---------                
        CONFIGURACION_ADC   0x00012b    program     static C:\Users\Carlos Gil\Desktop\Universidad\4to semestre\Programación de microcontroladores\Progra_de_micros\Carro_proyecto_final\Carro_proyecto_3.X\carro_proyecto_3.asm
      CONFIGURACION_ADC_X   0x000108    program     static C:\Users\Carlos Gil\Desktop\Universidad\4to semestre\Programación de microcontroladores\Progra_de_micros\Carro_proyecto_final\Carro_proyecto_3.X\carro_proyecto_3.asm
      CONFIGURACION_ADC_Y   0x00010a    program     static C:\Users\Carlos Gil\Desktop\Universidad\4to semestre\Programación de microcontroladores\Progra_de_micros\Carro_proyecto_final\Carro_proyecto_3.X\carro_proyecto_3.asm
       CONFIGURACION_CCP1   0x00013f    program     static C:\Users\Carlos Gil\Desktop\Universidad\4to semestre\Programación de microcontroladores\Progra_de_micros\Carro_proyecto_final\Carro_proyecto_3.X\carro_proyecto_3.asm
       CONFIGURACION_CCP2   0x00014d    program     static C:\Users\Carlos Gil\Desktop\Universidad\4to semestre\Programación de microcontroladores\Progra_de_micros\Carro_proyecto_final\Carro_proyecto_3.X\carro_proyecto_3.asm
CONFIGURACION_INTERRUPCION   0x000126    program     static C:\Users\Carlos Gil\Desktop\Universidad\4to semestre\Programación de microcontroladores\Progra_de_micros\Carro_proyecto_final\Carro_proyecto_3.X\carro_proyecto_3.asm
     CONFIGURACION_TIMER0   0x000124    program     static C:\Users\Carlos Gil\Desktop\Universidad\4to semestre\Programación de microcontroladores\Progra_de_micros\Carro_proyecto_final\Carro_proyecto_3.X\carro_proyecto_3.asm
     CONFIGURACION_TIMER2   0x000114    program     static C:\Users\Carlos Gil\Desktop\Universidad\4to semestre\Programación de microcontroladores\Progra_de_micros\Carro_proyecto_final\Carro_proyecto_3.X\carro_proyecto_3.asm
         INTERRUPCION_ADC   0x000017    program     static C:\Users\Carlos Gil\Desktop\Universidad\4to semestre\Programación de microcontroladores\Progra_de_micros\Carro_proyecto_final\Carro_proyecto_3.X\carro_proyecto_3.asm
        INTERRUPCION_TMRO   0x000011    program     static C:\Users\Carlos Gil\Desktop\Universidad\4to semestre\Programación de microcontroladores\Progra_de_micros\Carro_proyecto_final\Carro_proyecto_3.X\carro_proyecto_3.asm
           INTERRUPCION_X   0x000019    program     static C:\Users\Carlos Gil\Desktop\Universidad\4to semestre\Programación de microcontroladores\Progra_de_micros\Carro_proyecto_final\Carro_proyecto_3.X\carro_proyecto_3.asm
           INTERRUPCION_Y   0x000020    program     static C:\Users\Carlos Gil\Desktop\Universidad\4to semestre\Programación de microcontroladores\Progra_de_micros\Carro_proyecto_final\Carro_proyecto_3.X\carro_proyecto_3.asm
                      ISR   0x000008    program     static C:\Users\Carlos Gil\Desktop\Universidad\4to semestre\Programación de microcontroladores\Progra_de_micros\Carro_proyecto_final\Carro_proyecto_3.X\carro_proyecto_3.asm
                     LOOP   0x000101    program     static C:\Users\Carlos Gil\Desktop\Universidad\4to semestre\Programación de microcontroladores\Progra_de_micros\Carro_proyecto_final\Carro_proyecto_3.X\carro_proyecto_3.asm
               MAPEO_CCP1   0x000102    program     static C:\Users\Carlos Gil\Desktop\Universidad\4to semestre\Programación de microcontroladores\Progra_de_micros\Carro_proyecto_final\Carro_proyecto_3.X\carro_proyecto_3.asm
               MAPEO_CCP2   0x000105    program     static C:\Users\Carlos Gil\Desktop\Universidad\4to semestre\Programación de microcontroladores\Progra_de_micros\Carro_proyecto_final\Carro_proyecto_3.X\carro_proyecto_3.asm
                      POP   0x00000c    program     static C:\Users\Carlos Gil\Desktop\Universidad\4to semestre\Programación de microcontroladores\Progra_de_micros\Carro_proyecto_final\Carro_proyecto_3.X\carro_proyecto_3.asm
                     PUSH   0x000004    program     static C:\Users\Carlos Gil\Desktop\Universidad\4to semestre\Programación de microcontroladores\Progra_de_micros\Carro_proyecto_final\Carro_proyecto_3.X\carro_proyecto_3.asm
                    SETUP   0x00010c    program     static C:\Users\Carlos Gil\Desktop\Universidad\4to semestre\Programación de microcontroladores\Progra_de_micros\Carro_proyecto_final\Carro_proyecto_3.X\carro_proyecto_3.asm
                    START   0x000100    program     static C:\Users\Carlos Gil\Desktop\Universidad\4to semestre\Programación de microcontroladores\Progra_de_micros\Carro_proyecto_final\Carro_proyecto_3.X\carro_proyecto_3.asm
                    TABLA   0x000027    program     static C:\Users\Carlos Gil\Desktop\Universidad\4to semestre\Programación de microcontroladores\Progra_de_micros\Carro_proyecto_final\Carro_proyecto_3.X\carro_proyecto_3.asm
                    CONT1   0x000020       data     static C:\Users\Carlos Gil\Desktop\Universidad\4to semestre\Programación de microcontroladores\Progra_de_micros\Carro_proyecto_final\Carro_proyecto_3.X\carro_proyecto_3.asm
                   CONT10   0x000029       data     static C:\Users\Carlos Gil\Desktop\Universidad\4to semestre\Programación de microcontroladores\Progra_de_micros\Carro_proyecto_final\Carro_proyecto_3.X\carro_proyecto_3.asm
                   CONT11   0x00002a       data     static C:\Users\Carlos Gil\Desktop\Universidad\4to semestre\Programación de microcontroladores\Progra_de_micros\Carro_proyecto_final\Carro_proyecto_3.X\carro_proyecto_3.asm
                   CONT12   0x00002b       data     static C:\Users\Carlos Gil\Desktop\Universidad\4to semestre\Programación de microcontroladores\Progra_de_micros\Carro_proyecto_final\Carro_proyecto_3.X\carro_proyecto_3.asm
                   CONT13   0x00002c       data     static C:\Users\Carlos Gil\Desktop\Universidad\4to semestre\Programación de microcontroladores\Progra_de_micros\Carro_proyecto_final\Carro_proyecto_3.X\carro_proyecto_3.asm
                    CONT2   0x000022       data     static C:\Users\Carlos Gil\Desktop\Universidad\4to semestre\Programación de microcontroladores\Progra_de_micros\Carro_proyecto_final\Carro_proyecto_3.X\carro_proyecto_3.asm
                    CONT3   0x000023       data     static C:\Users\Carlos Gil\Desktop\Universidad\4to semestre\Programación de microcontroladores\Progra_de_micros\Carro_proyecto_final\Carro_proyecto_3.X\carro_proyecto_3.asm
                    CONT4   0x000024       data     static C:\Users\Carlos Gil\Desktop\Universidad\4to semestre\Programación de microcontroladores\Progra_de_micros\Carro_proyecto_final\Carro_proyecto_3.X\carro_proyecto_3.asm
                    CONT6   0x000025       data     static C:\Users\Carlos Gil\Desktop\Universidad\4to semestre\Programación de microcontroladores\Progra_de_micros\Carro_proyecto_final\Carro_proyecto_3.X\carro_proyecto_3.asm
                    CONT7   0x000026       data     static C:\Users\Carlos Gil\Desktop\Universidad\4to semestre\Programación de microcontroladores\Progra_de_micros\Carro_proyecto_final\Carro_proyecto_3.X\carro_proyecto_3.asm
                    CONT8   0x000027       data     static C:\Users\Carlos Gil\Desktop\Universidad\4to semestre\Programación de microcontroladores\Progra_de_micros\Carro_proyecto_final\Carro_proyecto_3.X\carro_proyecto_3.asm
                    CONT9   0x000028       data     static C:\Users\Carlos Gil\Desktop\Universidad\4to semestre\Programación de microcontroladores\Progra_de_micros\Carro_proyecto_final\Carro_proyecto_3.X\carro_proyecto_3.asm
                 DISPLAY0   0x000031       data     static C:\Users\Carlos Gil\Desktop\Universidad\4to semestre\Programación de microcontroladores\Progra_de_micros\Carro_proyecto_final\Carro_proyecto_3.X\carro_proyecto_3.asm
                 DISPLAY1   0x000032       data     static C:\Users\Carlos Gil\Desktop\Universidad\4to semestre\Programación de microcontroladores\Progra_de_micros\Carro_proyecto_final\Carro_proyecto_3.X\carro_proyecto_3.asm
                 DISPLAY2   0x000033       data     static C:\Users\Carlos Gil\Desktop\Universidad\4to semestre\Programación de microcontroladores\Progra_de_micros\Carro_proyecto_final\Carro_proyecto_3.X\carro_proyecto_3.asm
                 DISPLAY3   0x000034       data     static C:\Users\Carlos Gil\Desktop\Universidad\4to semestre\Programación de microcontroladores\Progra_de_micros\Carro_proyecto_final\Carro_proyecto_3.X\carro_proyecto_3.asm
                INDICADOR   0x00002f       data     static C:\Users\Carlos Gil\Desktop\Universidad\4to semestre\Programación de microcontroladores\Progra_de_micros\Carro_proyecto_final\Carro_proyecto_3.X\carro_proyecto_3.asm
               INDICADOR2   0x000030       data     static C:\Users\Carlos Gil\Desktop\Universidad\4to semestre\Programación de microcontroladores\Progra_de_micros\Carro_proyecto_final\Carro_proyecto_3.X\carro_proyecto_3.asm
              STATUS_TEMP   0x00002e       data     static C:\Users\Carlos Gil\Desktop\Universidad\4to semestre\Programación de microcontroladores\Progra_de_micros\Carro_proyecto_final\Carro_proyecto_3.X\carro_proyecto_3.asm
                 UNIDADES   0x000021       data     static C:\Users\Carlos Gil\Desktop\Universidad\4to semestre\Programación de microcontroladores\Progra_de_micros\Carro_proyecto_final\Carro_proyecto_3.X\carro_proyecto_3.asm
                   W_TEMP   0x00002d       data     static C:\Users\Carlos Gil\Desktop\Universidad\4to semestre\Programación de microcontroladores\Progra_de_micros\Carro_proyecto_final\Carro_proyecto_3.X\carro_proyecto_3.asm
                        X   0x000035       data     static C:\Users\Carlos Gil\Desktop\Universidad\4to semestre\Programación de microcontroladores\Progra_de_micros\Carro_proyecto_final\Carro_proyecto_3.X\carro_proyecto_3.asm
                        Y   0x000036       data     static C:\Users\Carlos Gil\Desktop\Universidad\4to semestre\Programación de microcontroladores\Progra_de_micros\Carro_proyecto_final\Carro_proyecto_3.X\carro_proyecto_3.asm



                              Symbols - Sorted by Address
                     Name    Address   Location    Storage File                     
                ---------  ---------  ---------  --------- ---------                
                     PUSH   0x000004    program     static C:\Users\Carlos Gil\Desktop\Universidad\4to semestre\Programación de microcontroladores\Progra_de_micros\Carro_proyecto_final\Carro_proyecto_3.X\carro_proyecto_3.asm
                      ISR   0x000008    program     static C:\Users\Carlos Gil\Desktop\Universidad\4to semestre\Programación de microcontroladores\Progra_de_micros\Carro_proyecto_final\Carro_proyecto_3.X\carro_proyecto_3.asm
                      POP   0x00000c    program     static C:\Users\Carlos Gil\Desktop\Universidad\4to semestre\Programación de microcontroladores\Progra_de_micros\Carro_proyecto_final\Carro_proyecto_3.X\carro_proyecto_3.asm
        INTERRUPCION_TMRO   0x000011    program     static C:\Users\Carlos Gil\Desktop\Universidad\4to semestre\Programación de microcontroladores\Progra_de_micros\Carro_proyecto_final\Carro_proyecto_3.X\carro_proyecto_3.asm
         INTERRUPCION_ADC   0x000017    program     static C:\Users\Carlos Gil\Desktop\Universidad\4to semestre\Programación de microcontroladores\Progra_de_micros\Carro_proyecto_final\Carro_proyecto_3.X\carro_proyecto_3.asm
           INTERRUPCION_X   0x000019    program     static C:\Users\Carlos Gil\Desktop\Universidad\4to semestre\Programación de microcontroladores\Progra_de_micros\Carro_proyecto_final\Carro_proyecto_3.X\carro_proyecto_3.asm
           INTERRUPCION_Y   0x000020    program     static C:\Users\Carlos Gil\Desktop\Universidad\4to semestre\Programación de microcontroladores\Progra_de_micros\Carro_proyecto_final\Carro_proyecto_3.X\carro_proyecto_3.asm
                    TABLA   0x000027    program     static C:\Users\Carlos Gil\Desktop\Universidad\4to semestre\Programación de microcontroladores\Progra_de_micros\Carro_proyecto_final\Carro_proyecto_3.X\carro_proyecto_3.asm
                    START   0x000100    program     static C:\Users\Carlos Gil\Desktop\Universidad\4to semestre\Programación de microcontroladores\Progra_de_micros\Carro_proyecto_final\Carro_proyecto_3.X\carro_proyecto_3.asm
                     LOOP   0x000101    program     static C:\Users\Carlos Gil\Desktop\Universidad\4to semestre\Programación de microcontroladores\Progra_de_micros\Carro_proyecto_final\Carro_proyecto_3.X\carro_proyecto_3.asm
               MAPEO_CCP1   0x000102    program     static C:\Users\Carlos Gil\Desktop\Universidad\4to semestre\Programación de microcontroladores\Progra_de_micros\Carro_proyecto_final\Carro_proyecto_3.X\carro_proyecto_3.asm
               MAPEO_CCP2   0x000105    program     static C:\Users\Carlos Gil\Desktop\Universidad\4to semestre\Programación de microcontroladores\Progra_de_micros\Carro_proyecto_final\Carro_proyecto_3.X\carro_proyecto_3.asm
      CONFIGURACION_ADC_X   0x000108    program     static C:\Users\Carlos Gil\Desktop\Universidad\4to semestre\Programación de microcontroladores\Progra_de_micros\Carro_proyecto_final\Carro_proyecto_3.X\carro_proyecto_3.asm
      CONFIGURACION_ADC_Y   0x00010a    program     static C:\Users\Carlos Gil\Desktop\Universidad\4to semestre\Programación de microcontroladores\Progra_de_micros\Carro_proyecto_final\Carro_proyecto_3.X\carro_proyecto_3.asm
                    SETUP   0x00010c    program     static C:\Users\Carlos Gil\Desktop\Universidad\4to semestre\Programación de microcontroladores\Progra_de_micros\Carro_proyecto_final\Carro_proyecto_3.X\carro_proyecto_3.asm
     CONFIGURACION_TIMER2   0x000114    program     static C:\Users\Carlos Gil\Desktop\Universidad\4to semestre\Programación de microcontroladores\Progra_de_micros\Carro_proyecto_final\Carro_proyecto_3.X\carro_proyecto_3.asm
     CONFIGURACION_TIMER0   0x000124    program     static C:\Users\Carlos Gil\Desktop\Universidad\4to semestre\Programación de microcontroladores\Progra_de_micros\Carro_proyecto_final\Carro_proyecto_3.X\carro_proyecto_3.asm
CONFIGURACION_INTERRUPCION   0x000126    program     static C:\Users\Carlos Gil\Desktop\Universidad\4to semestre\Programación de microcontroladores\Progra_de_micros\Carro_proyecto_final\Carro_proyecto_3.X\carro_proyecto_3.asm
        CONFIGURACION_ADC   0x00012b    program     static C:\Users\Carlos Gil\Desktop\Universidad\4to semestre\Programación de microcontroladores\Progra_de_micros\Carro_proyecto_final\Carro_proyecto_3.X\carro_proyecto_3.asm
       CONFIGURACION_CCP1   0x00013f    program     static C:\Users\Carlos Gil\Desktop\Universidad\4to semestre\Programación de microcontroladores\Progra_de_micros\Carro_proyecto_final\Carro_proyecto_3.X\carro_proyecto_3.asm
       CONFIGURACION_CCP2   0x00014d    program     static C:\Users\Carlos Gil\Desktop\Universidad\4to semestre\Programación de microcontroladores\Progra_de_micros\Carro_proyecto_final\Carro_proyecto_3.X\carro_proyecto_3.asm
                    CONT1   0x000020       data     static C:\Users\Carlos Gil\Desktop\Universidad\4to semestre\Programación de microcontroladores\Progra_de_micros\Carro_proyecto_final\Carro_proyecto_3.X\carro_proyecto_3.asm
                 UNIDADES   0x000021       data     static C:\Users\Carlos Gil\Desktop\Universidad\4to semestre\Programación de microcontroladores\Progra_de_micros\Carro_proyecto_final\Carro_proyecto_3.X\carro_proyecto_3.asm
                    CONT2   0x000022       data     static C:\Users\Carlos Gil\Desktop\Universidad\4to semestre\Programación de microcontroladores\Progra_de_micros\Carro_proyecto_final\Carro_proyecto_3.X\carro_proyecto_3.asm
                    CONT3   0x000023       data     static C:\Users\Carlos Gil\Desktop\Universidad\4to semestre\Programación de microcontroladores\Progra_de_micros\Carro_proyecto_final\Carro_proyecto_3.X\carro_proyecto_3.asm
                    CONT4   0x000024       data     static C:\Users\Carlos Gil\Desktop\Universidad\4to semestre\Programación de microcontroladores\Progra_de_micros\Carro_proyecto_final\Carro_proyecto_3.X\carro_proyecto_3.asm
                    CONT6   0x000025       data     static C:\Users\Carlos Gil\Desktop\Universidad\4to semestre\Programación de microcontroladores\Progra_de_micros\Carro_proyecto_final\Carro_proyecto_3.X\carro_proyecto_3.asm
                    CONT7   0x000026       data     static C:\Users\Carlos Gil\Desktop\Universidad\4to semestre\Programación de microcontroladores\Progra_de_micros\Carro_proyecto_final\Carro_proyecto_3.X\carro_proyecto_3.asm
                    CONT8   0x000027       data     static C:\Users\Carlos Gil\Desktop\Universidad\4to semestre\Programación de microcontroladores\Progra_de_micros\Carro_proyecto_final\Carro_proyecto_3.X\carro_proyecto_3.asm
                    CONT9   0x000028       data     static C:\Users\Carlos Gil\Desktop\Universidad\4to semestre\Programación de microcontroladores\Progra_de_micros\Carro_proyecto_final\Carro_proyecto_3.X\carro_proyecto_3.asm
                   CONT10   0x000029       data     static C:\Users\Carlos Gil\Desktop\Universidad\4to semestre\Programación de microcontroladores\Progra_de_micros\Carro_proyecto_final\Carro_proyecto_3.X\carro_proyecto_3.asm
                   CONT11   0x00002a       data     static C:\Users\Carlos Gil\Desktop\Universidad\4to semestre\Programación de microcontroladores\Progra_de_micros\Carro_proyecto_final\Carro_proyecto_3.X\carro_proyecto_3.asm
                   CONT12   0x00002b       data     static C:\Users\Carlos Gil\Desktop\Universidad\4to semestre\Programación de microcontroladores\Progra_de_micros\Carro_proyecto_final\Carro_proyecto_3.X\carro_proyecto_3.asm
                   CONT13   0x00002c       data     static C:\Users\Carlos Gil\Desktop\Universidad\4to semestre\Programación de microcontroladores\Progra_de_micros\Carro_proyecto_final\Carro_proyecto_3.X\carro_proyecto_3.asm
                   W_TEMP   0x00002d       data     static C:\Users\Carlos Gil\Desktop\Universidad\4to semestre\Programación de microcontroladores\Progra_de_micros\Carro_proyecto_final\Carro_proyecto_3.X\carro_proyecto_3.asm
              STATUS_TEMP   0x00002e       data     static C:\Users\Carlos Gil\Desktop\Universidad\4to semestre\Programación de microcontroladores\Progra_de_micros\Carro_proyecto_final\Carro_proyecto_3.X\carro_proyecto_3.asm
                INDICADOR   0x00002f       data     static C:\Users\Carlos Gil\Desktop\Universidad\4to semestre\Programación de microcontroladores\Progra_de_micros\Carro_proyecto_final\Carro_proyecto_3.X\carro_proyecto_3.asm
               INDICADOR2   0x000030       data     static C:\Users\Carlos Gil\Desktop\Universidad\4to semestre\Programación de microcontroladores\Progra_de_micros\Carro_proyecto_final\Carro_proyecto_3.X\carro_proyecto_3.asm
                 DISPLAY0   0x000031       data     static C:\Users\Carlos Gil\Desktop\Universidad\4to semestre\Programación de microcontroladores\Progra_de_micros\Carro_proyecto_final\Carro_proyecto_3.X\carro_proyecto_3.asm
                 DISPLAY1   0x000032       data     static C:\Users\Carlos Gil\Desktop\Universidad\4to semestre\Programación de microcontroladores\Progra_de_micros\Carro_proyecto_final\Carro_proyecto_3.X\carro_proyecto_3.asm
                 DISPLAY2   0x000033       data     static C:\Users\Carlos Gil\Desktop\Universidad\4to semestre\Programación de microcontroladores\Progra_de_micros\Carro_proyecto_final\Carro_proyecto_3.X\carro_proyecto_3.asm
                 DISPLAY3   0x000034       data     static C:\Users\Carlos Gil\Desktop\Universidad\4to semestre\Programación de microcontroladores\Progra_de_micros\Carro_proyecto_final\Carro_proyecto_3.X\carro_proyecto_3.asm
                        X   0x000035       data     static C:\Users\Carlos Gil\Desktop\Universidad\4to semestre\Programación de microcontroladores\Progra_de_micros\Carro_proyecto_final\Carro_proyecto_3.X\carro_proyecto_3.asm
                        Y   0x000036       data     static C:\Users\Carlos Gil\Desktop\Universidad\4to semestre\Programación de microcontroladores\Progra_de_micros\Carro_proyecto_final\Carro_proyecto_3.X\carro_proyecto_3.asm


