MPLINK 5.08, LINKER
Linker Map File - Created Thu Nov 26 21:12:37 2020

                                 Section Info
                  Section       Type    Address   Location Size(Bytes)
                ---------  ---------  ---------  ---------  ---------
                 RES_VECT       code   0x000000    program   0x000002
                   .cinit    romdata   0x000001    program   0x000004
                 ISR_VECT       code   0x000004    program   0x0000a8
                MAIN_PROG       code   0x000100    program   0x000302
.config_2007_BUILD/DEFAULT/PRODUCTION/PROYECT       code   0x002007    program   0x000002
.config_2008_BUILD/DEFAULT/PRODUCTION/PROYECT       code   0x002008    program   0x000002
                  GPR_VAR      udata   0x000020       data   0x00001e



                              Program Memory Usage 
                               Start         End      
                           ---------   ---------      
                            0x000000    0x000002      
                            0x000004    0x000057      
                            0x000100    0x000280      
                            0x002007    0x002008      
            474 out of 8455 program addresses used, program memory utilization is 5%



                              Symbols - Sorted by Name
                     Name    Address   Location    Storage File                     
                ---------  ---------  ---------  --------- ---------                
       ACCION_ANTIRREBOTE   0x00021a    program     static C:\Users\Carlos Gil\Desktop\Universidad\4to semestre\Programación de microcontroladores\Progra_de_micros\Progra_de_micros\Carro_proyecto_final\PROYECTO_3.X\PROYECTO_3.asm
            ACTIVAR_LUCES   0x000149    program     static C:\Users\Carlos Gil\Desktop\Universidad\4to semestre\Programación de microcontroladores\Progra_de_micros\Progra_de_micros\Carro_proyecto_final\PROYECTO_3.X\PROYECTO_3.asm
              ANTIRREBOTE   0x000211    program     static C:\Users\Carlos Gil\Desktop\Universidad\4to semestre\Programación de microcontroladores\Progra_de_micros\Progra_de_micros\Carro_proyecto_final\PROYECTO_3.X\PROYECTO_3.asm
            APAGAR_19.3MS   0x00001d    program     static C:\Users\Carlos Gil\Desktop\Universidad\4to semestre\Programación de microcontroladores\Progra_de_micros\Progra_de_micros\Carro_proyecto_final\PROYECTO_3.X\PROYECTO_3.asm
               CEROGRADOS   0x00010d    program     static C:\Users\Carlos Gil\Desktop\Universidad\4to semestre\Programación de microcontroladores\Progra_de_micros\Progra_de_micros\Carro_proyecto_final\PROYECTO_3.X\PROYECTO_3.asm
                     COMA   0x0001b8    program     static C:\Users\Carlos Gil\Desktop\Universidad\4to semestre\Programación de microcontroladores\Progra_de_micros\Progra_de_micros\Carro_proyecto_final\PROYECTO_3.X\PROYECTO_3.asm
                  CONFIG1   0x000196    program     static C:\Users\Carlos Gil\Desktop\Universidad\4to semestre\Programación de microcontroladores\Progra_de_micros\Progra_de_micros\Carro_proyecto_final\PROYECTO_3.X\PROYECTO_3.asm
CONFIGURACION_INTERRUPCION   0x00023f    program     static C:\Users\Carlos Gil\Desktop\Universidad\4to semestre\Programación de microcontroladores\Progra_de_micros\Progra_de_micros\Carro_proyecto_final\PROYECTO_3.X\PROYECTO_3.asm
     CONFIGURACION_TIMER0   0x00023c    program     static C:\Users\Carlos Gil\Desktop\Universidad\4to semestre\Programación de microcontroladores\Progra_de_micros\Progra_de_micros\Carro_proyecto_final\PROYECTO_3.X\PROYECTO_3.asm
     CONFIGURACION_TIMER2   0x000227    program     static C:\Users\Carlos Gil\Desktop\Universidad\4to semestre\Programación de microcontroladores\Progra_de_micros\Progra_de_micros\Carro_proyecto_final\PROYECTO_3.X\PROYECTO_3.asm
CONFIGURACION_TRANSMISOR_Y_RECEP   0x000247    program     static C:\Users\Carlos Gil\Desktop\Universidad\4to semestre\Programación de microcontroladores\Progra_de_micros\Progra_de_micros\Carro_proyecto_final\PROYECTO_3.X\PROYECTO_3.asm
                 CONTADOR   0x0001ca    program     static C:\Users\Carlos Gil\Desktop\Universidad\4to semestre\Programación de microcontroladores\Progra_de_micros\Progra_de_micros\Carro_proyecto_final\PROYECTO_3.X\PROYECTO_3.asm
                 CORREGIR   0x000146    program     static C:\Users\Carlos Gil\Desktop\Universidad\4to semestre\Programación de microcontroladores\Progra_de_micros\Progra_de_micros\Carro_proyecto_final\PROYECTO_3.X\PROYECTO_3.asm
           CUARTA_CARRERA   0x00017a    program     static C:\Users\Carlos Gil\Desktop\Universidad\4to semestre\Programación de microcontroladores\Progra_de_micros\Progra_de_micros\Carro_proyecto_final\PROYECTO_3.X\PROYECTO_3.asm
                 DEBOUNCE   0x000217    program     static C:\Users\Carlos Gil\Desktop\Universidad\4to semestre\Programación de microcontroladores\Progra_de_micros\Progra_de_micros\Carro_proyecto_final\PROYECTO_3.X\PROYECTO_3.asm
                DELAY_BIG   0x000194    program     static C:\Users\Carlos Gil\Desktop\Universidad\4to semestre\Programación de microcontroladores\Progra_de_micros\Progra_de_micros\Carro_proyecto_final\PROYECTO_3.X\PROYECTO_3.asm
              DELAY_SMALL   0x00014b    program     static C:\Users\Carlos Gil\Desktop\Universidad\4to semestre\Programación de microcontroladores\Progra_de_micros\Progra_de_micros\Carro_proyecto_final\PROYECTO_3.X\PROYECTO_3.asm
           ENCENDER_0.7MS   0x000017    program     static C:\Users\Carlos Gil\Desktop\Universidad\4to semestre\Programación de microcontroladores\Progra_de_micros\Progra_de_micros\Carro_proyecto_final\PROYECTO_3.X\PROYECTO_3.asm
           ENCENDER_LUCES   0x000150    program     static C:\Users\Carlos Gil\Desktop\Universidad\4to semestre\Programación de microcontroladores\Progra_de_micros\Progra_de_micros\Carro_proyecto_final\PROYECTO_3.X\PROYECTO_3.asm
         ESCRITURA_EEPROM   0x0001f7    program     static C:\Users\Carlos Gil\Desktop\Universidad\4to semestre\Programación de microcontroladores\Progra_de_micros\Progra_de_micros\Carro_proyecto_final\PROYECTO_3.X\PROYECTO_3.asm
                  ESPACIO   0x0001c6    program     static C:\Users\Carlos Gil\Desktop\Universidad\4to semestre\Programación de microcontroladores\Progra_de_micros\Progra_de_micros\Carro_proyecto_final\PROYECTO_3.X\PROYECTO_3.asm
       HABILITAR_CONTADOR   0x00013e    program     static C:\Users\Carlos Gil\Desktop\Universidad\4to semestre\Programación de microcontroladores\Progra_de_micros\Progra_de_micros\Carro_proyecto_final\PROYECTO_3.X\PROYECTO_3.asm
     INCREMENTAR_CONTADOR   0x00015c    program     static C:\Users\Carlos Gil\Desktop\Universidad\4to semestre\Programación de microcontroladores\Progra_de_micros\Progra_de_micros\Carro_proyecto_final\PROYECTO_3.X\PROYECTO_3.asm
          INICIAR_CARRERA   0x000184    program     static C:\Users\Carlos Gil\Desktop\Universidad\4to semestre\Programación de microcontroladores\Progra_de_micros\Progra_de_micros\Carro_proyecto_final\PROYECTO_3.X\PROYECTO_3.asm
     INTERRUPCION_RECIBIR   0x000023    program     static C:\Users\Carlos Gil\Desktop\Universidad\4to semestre\Programación de microcontroladores\Progra_de_micros\Progra_de_micros\Carro_proyecto_final\PROYECTO_3.X\PROYECTO_3.asm
        INTERRUPCION_TMR1   0x00002e    program     static C:\Users\Carlos Gil\Desktop\Universidad\4to semestre\Programación de microcontroladores\Progra_de_micros\Progra_de_micros\Carro_proyecto_final\PROYECTO_3.X\PROYECTO_3.asm
        INTERRUPCION_TMR2   0x000041    program     static C:\Users\Carlos Gil\Desktop\Universidad\4to semestre\Programación de microcontroladores\Progra_de_micros\Progra_de_micros\Carro_proyecto_final\PROYECTO_3.X\PROYECTO_3.asm
        INTERRUPCION_TMRO   0x000015    program     static C:\Users\Carlos Gil\Desktop\Universidad\4to semestre\Programación de microcontroladores\Progra_de_micros\Progra_de_micros\Carro_proyecto_final\PROYECTO_3.X\PROYECTO_3.asm
          INTERRUPCION_TX   0x00019a    program     static C:\Users\Carlos Gil\Desktop\Universidad\4to semestre\Programación de microcontroladores\Progra_de_micros\Progra_de_micros\Carro_proyecto_final\PROYECTO_3.X\PROYECTO_3.asm
                      ISR   0x000008    program     static C:\Users\Carlos Gil\Desktop\Universidad\4to semestre\Programación de microcontroladores\Progra_de_micros\Progra_de_micros\Carro_proyecto_final\PROYECTO_3.X\PROYECTO_3.asm
           LECTURA_EEPROM   0x0001e5    program     static C:\Users\Carlos Gil\Desktop\Universidad\4to semestre\Programación de microcontroladores\Progra_de_micros\Progra_de_micros\Carro_proyecto_final\PROYECTO_3.X\PROYECTO_3.asm
                     LOOP   0x000101    program     static C:\Users\Carlos Gil\Desktop\Universidad\4to semestre\Programación de microcontroladores\Progra_de_micros\Progra_de_micros\Carro_proyecto_final\PROYECTO_3.X\PROYECTO_3.asm
               MANDAR_NHX   0x0001b3    program     static C:\Users\Carlos Gil\Desktop\Universidad\4to semestre\Programación de microcontroladores\Progra_de_micros\Progra_de_micros\Carro_proyecto_final\PROYECTO_3.X\PROYECTO_3.asm
               MANDAR_NHY   0x0001bc    program     static C:\Users\Carlos Gil\Desktop\Universidad\4to semestre\Programación de microcontroladores\Progra_de_micros\Progra_de_micros\Carro_proyecto_final\PROYECTO_3.X\PROYECTO_3.asm
               MANDAR_NLX   0x0001ae    program     static C:\Users\Carlos Gil\Desktop\Universidad\4to semestre\Programación de microcontroladores\Progra_de_micros\Progra_de_micros\Carro_proyecto_final\PROYECTO_3.X\PROYECTO_3.asm
               MANDAR_NLY   0x0001c1    program     static C:\Users\Carlos Gil\Desktop\Universidad\4to semestre\Programación de microcontroladores\Progra_de_micros\Progra_de_micros\Carro_proyecto_final\PROYECTO_3.X\PROYECTO_3.asm
            NOVENTAGRADOS   0x000108    program     static C:\Users\Carlos Gil\Desktop\Universidad\4to semestre\Programación de microcontroladores\Progra_de_micros\Progra_de_micros\Carro_proyecto_final\PROYECTO_3.X\PROYECTO_3.asm
                      POP   0x000010    program     static C:\Users\Carlos Gil\Desktop\Universidad\4to semestre\Programación de microcontroladores\Progra_de_micros\Progra_de_micros\Carro_proyecto_final\PROYECTO_3.X\PROYECTO_3.asm
          PRIMERA_CARRERA   0x00016e    program     static C:\Users\Carlos Gil\Desktop\Universidad\4to semestre\Programación de microcontroladores\Progra_de_micros\Progra_de_micros\Carro_proyecto_final\PROYECTO_3.X\PROYECTO_3.asm
                     PUSH   0x000004    program     static C:\Users\Carlos Gil\Desktop\Universidad\4to semestre\Programación de microcontroladores\Progra_de_micros\Progra_de_micros\Carro_proyecto_final\PROYECTO_3.X\PROYECTO_3.asm
           QUINTA_CARRERA   0x00017e    program     static C:\Users\Carlos Gil\Desktop\Universidad\4to semestre\Programación de microcontroladores\Progra_de_micros\Progra_de_micros\Carro_proyecto_final\PROYECTO_3.X\PROYECTO_3.asm
             RECIBIR_DATO   0x000025    program     static C:\Users\Carlos Gil\Desktop\Universidad\4to semestre\Programación de microcontroladores\Progra_de_micros\Progra_de_micros\Carro_proyecto_final\PROYECTO_3.X\PROYECTO_3.asm
            RECIBIR_ENTER   0x000029    program     static C:\Users\Carlos Gil\Desktop\Universidad\4to semestre\Programación de microcontroladores\Progra_de_micros\Progra_de_micros\Carro_proyecto_final\PROYECTO_3.X\PROYECTO_3.asm
        RESETEAR_CONTADOR   0x000140    program     static C:\Users\Carlos Gil\Desktop\Universidad\4to semestre\Programación de microcontroladores\Progra_de_micros\Progra_de_micros\Carro_proyecto_final\PROYECTO_3.X\PROYECTO_3.asm
          SEGUNDA_CARRERA   0x000172    program     static C:\Users\Carlos Gil\Desktop\Universidad\4to semestre\Programación de microcontroladores\Progra_de_micros\Progra_de_micros\Carro_proyecto_final\PROYECTO_3.X\PROYECTO_3.asm
                SELECCION   0x000112    program     static C:\Users\Carlos Gil\Desktop\Universidad\4to semestre\Programación de microcontroladores\Progra_de_micros\Progra_de_micros\Carro_proyecto_final\PROYECTO_3.X\PROYECTO_3.asm
                    SETUP   0x00021f    program     static C:\Users\Carlos Gil\Desktop\Universidad\4to semestre\Programación de microcontroladores\Progra_de_micros\Progra_de_micros\Carro_proyecto_final\PROYECTO_3.X\PROYECTO_3.asm
                    START   0x000100    program     static C:\Users\Carlos Gil\Desktop\Universidad\4to semestre\Programación de microcontroladores\Progra_de_micros\Progra_de_micros\Carro_proyecto_final\PROYECTO_3.X\PROYECTO_3.asm
              TABLA_ASCII   0x000046    program     static C:\Users\Carlos Gil\Desktop\Universidad\4to semestre\Programación de microcontroladores\Progra_de_micros\Progra_de_micros\Carro_proyecto_final\PROYECTO_3.X\PROYECTO_3.asm
          TERCERA_CARRERA   0x000176    program     static C:\Users\Carlos Gil\Desktop\Universidad\4to semestre\Programación de microcontroladores\Progra_de_micros\Progra_de_micros\Carro_proyecto_final\PROYECTO_3.X\PROYECTO_3.asm
         TERMINAR_CARRERA   0x00018f    program     static C:\Users\Carlos Gil\Desktop\Universidad\4to semestre\Programación de microcontroladores\Progra_de_micros\Progra_de_micros\Carro_proyecto_final\PROYECTO_3.X\PROYECTO_3.asm
           _ISR_VECT_0035   0x000035    program     static C:\Users\Carlos Gil\Desktop\Universidad\4to semestre\Programación de microcontroladores\Progra_de_micros\Progra_de_micros\Carro_proyecto_final\PROYECTO_3.X\PROYECTO_3.asm
           _ISR_VECT_003D   0x00003d    program     static C:\Users\Carlos Gil\Desktop\Universidad\4to semestre\Programación de microcontroladores\Progra_de_micros\Progra_de_micros\Carro_proyecto_final\PROYECTO_3.X\PROYECTO_3.asm
          _MAIN_PROG_0113   0x000113    program     static C:\Users\Carlos Gil\Desktop\Universidad\4to semestre\Programación de microcontroladores\Progra_de_micros\Progra_de_micros\Carro_proyecto_final\PROYECTO_3.X\PROYECTO_3.asm
          _MAIN_PROG_014E   0x00014e    program     static C:\Users\Carlos Gil\Desktop\Universidad\4to semestre\Programación de microcontroladores\Progra_de_micros\Progra_de_micros\Carro_proyecto_final\PROYECTO_3.X\PROYECTO_3.asm
                   ACCION   0x000035       data     static C:\Users\Carlos Gil\Desktop\Universidad\4to semestre\Programación de microcontroladores\Progra_de_micros\Progra_de_micros\Carro_proyecto_final\PROYECTO_3.X\PROYECTO_3.asm
                   CAMBIO   0x000032       data     static C:\Users\Carlos Gil\Desktop\Universidad\4to semestre\Programación de microcontroladores\Progra_de_micros\Progra_de_micros\Carro_proyecto_final\PROYECTO_3.X\PROYECTO_3.asm
                    CHECK   0x000036       data     static C:\Users\Carlos Gil\Desktop\Universidad\4to semestre\Programación de microcontroladores\Progra_de_micros\Progra_de_micros\Carro_proyecto_final\PROYECTO_3.X\PROYECTO_3.asm
                    CONT1   0x000020       data     static C:\Users\Carlos Gil\Desktop\Universidad\4to semestre\Programación de microcontroladores\Progra_de_micros\Progra_de_micros\Carro_proyecto_final\PROYECTO_3.X\PROYECTO_3.asm
                   CONT10   0x000029       data     static C:\Users\Carlos Gil\Desktop\Universidad\4to semestre\Programación de microcontroladores\Progra_de_micros\Progra_de_micros\Carro_proyecto_final\PROYECTO_3.X\PROYECTO_3.asm
                   CONT11   0x00002a       data     static C:\Users\Carlos Gil\Desktop\Universidad\4to semestre\Programación de microcontroladores\Progra_de_micros\Progra_de_micros\Carro_proyecto_final\PROYECTO_3.X\PROYECTO_3.asm
                   CONT12   0x00002b       data     static C:\Users\Carlos Gil\Desktop\Universidad\4to semestre\Programación de microcontroladores\Progra_de_micros\Progra_de_micros\Carro_proyecto_final\PROYECTO_3.X\PROYECTO_3.asm
                   CONT13   0x00002c       data     static C:\Users\Carlos Gil\Desktop\Universidad\4to semestre\Programación de microcontroladores\Progra_de_micros\Progra_de_micros\Carro_proyecto_final\PROYECTO_3.X\PROYECTO_3.asm
                    CONT2   0x000022       data     static C:\Users\Carlos Gil\Desktop\Universidad\4to semestre\Programación de microcontroladores\Progra_de_micros\Progra_de_micros\Carro_proyecto_final\PROYECTO_3.X\PROYECTO_3.asm
                    CONT3   0x000023       data     static C:\Users\Carlos Gil\Desktop\Universidad\4to semestre\Programación de microcontroladores\Progra_de_micros\Progra_de_micros\Carro_proyecto_final\PROYECTO_3.X\PROYECTO_3.asm
                    CONT4   0x000024       data     static C:\Users\Carlos Gil\Desktop\Universidad\4to semestre\Programación de microcontroladores\Progra_de_micros\Progra_de_micros\Carro_proyecto_final\PROYECTO_3.X\PROYECTO_3.asm
                    CONT6   0x000025       data     static C:\Users\Carlos Gil\Desktop\Universidad\4to semestre\Programación de microcontroladores\Progra_de_micros\Progra_de_micros\Carro_proyecto_final\PROYECTO_3.X\PROYECTO_3.asm
                    CONT7   0x000026       data     static C:\Users\Carlos Gil\Desktop\Universidad\4to semestre\Programación de microcontroladores\Progra_de_micros\Progra_de_micros\Carro_proyecto_final\PROYECTO_3.X\PROYECTO_3.asm
                    CONT8   0x000027       data     static C:\Users\Carlos Gil\Desktop\Universidad\4to semestre\Programación de microcontroladores\Progra_de_micros\Progra_de_micros\Carro_proyecto_final\PROYECTO_3.X\PROYECTO_3.asm
                    CONT9   0x000028       data     static C:\Users\Carlos Gil\Desktop\Universidad\4to semestre\Programación de microcontroladores\Progra_de_micros\Progra_de_micros\Carro_proyecto_final\PROYECTO_3.X\PROYECTO_3.asm
                  DECENAS   0x00003a       data     static C:\Users\Carlos Gil\Desktop\Universidad\4to semestre\Programación de microcontroladores\Progra_de_micros\Progra_de_micros\Carro_proyecto_final\PROYECTO_3.X\PROYECTO_3.asm
                   EEPROM   0x00003d       data     static C:\Users\Carlos Gil\Desktop\Universidad\4to semestre\Programación de microcontroladores\Progra_de_micros\Progra_de_micros\Carro_proyecto_final\PROYECTO_3.X\PROYECTO_3.asm
                    ENTER   0x000039       data     static C:\Users\Carlos Gil\Desktop\Universidad\4to semestre\Programación de microcontroladores\Progra_de_micros\Progra_de_micros\Carro_proyecto_final\PROYECTO_3.X\PROYECTO_3.asm
                INDICADOR   0x00002f       data     static C:\Users\Carlos Gil\Desktop\Universidad\4to semestre\Programación de microcontroladores\Progra_de_micros\Progra_de_micros\Carro_proyecto_final\PROYECTO_3.X\PROYECTO_3.asm
               INDICADOR2   0x000030       data     static C:\Users\Carlos Gil\Desktop\Universidad\4to semestre\Programación de microcontroladores\Progra_de_micros\Progra_de_micros\Carro_proyecto_final\PROYECTO_3.X\PROYECTO_3.asm
                    LUCES   0x000037       data     static C:\Users\Carlos Gil\Desktop\Universidad\4to semestre\Programación de microcontroladores\Progra_de_micros\Progra_de_micros\Carro_proyecto_final\PROYECTO_3.X\PROYECTO_3.asm
                  MINUTOS   0x00003b       data     static C:\Users\Carlos Gil\Desktop\Universidad\4to semestre\Programación de microcontroladores\Progra_de_micros\Progra_de_micros\Carro_proyecto_final\PROYECTO_3.X\PROYECTO_3.asm
                 MINUTOS2   0x00003c       data     static C:\Users\Carlos Gil\Desktop\Universidad\4to semestre\Programación de microcontroladores\Progra_de_micros\Progra_de_micros\Carro_proyecto_final\PROYECTO_3.X\PROYECTO_3.asm
                PARTEALTA   0x000033       data     static C:\Users\Carlos Gil\Desktop\Universidad\4to semestre\Programación de microcontroladores\Progra_de_micros\Progra_de_micros\Carro_proyecto_final\PROYECTO_3.X\PROYECTO_3.asm
                PARTEBAJA   0x000034       data     static C:\Users\Carlos Gil\Desktop\Universidad\4to semestre\Programación de microcontroladores\Progra_de_micros\Progra_de_micros\Carro_proyecto_final\PROYECTO_3.X\PROYECTO_3.asm
              PUSH_BUTTON   0x000038       data     static C:\Users\Carlos Gil\Desktop\Universidad\4to semestre\Programación de microcontroladores\Progra_de_micros\Progra_de_micros\Carro_proyecto_final\PROYECTO_3.X\PROYECTO_3.asm
                    SERVO   0x000031       data     static C:\Users\Carlos Gil\Desktop\Universidad\4to semestre\Programación de microcontroladores\Progra_de_micros\Progra_de_micros\Carro_proyecto_final\PROYECTO_3.X\PROYECTO_3.asm
              STATUS_TEMP   0x00002e       data     static C:\Users\Carlos Gil\Desktop\Universidad\4to semestre\Programación de microcontroladores\Progra_de_micros\Progra_de_micros\Carro_proyecto_final\PROYECTO_3.X\PROYECTO_3.asm
                 UNIDADES   0x000021       data     static C:\Users\Carlos Gil\Desktop\Universidad\4to semestre\Programación de microcontroladores\Progra_de_micros\Progra_de_micros\Carro_proyecto_final\PROYECTO_3.X\PROYECTO_3.asm
                   W_TEMP   0x00002d       data     static C:\Users\Carlos Gil\Desktop\Universidad\4to semestre\Programación de microcontroladores\Progra_de_micros\Progra_de_micros\Carro_proyecto_final\PROYECTO_3.X\PROYECTO_3.asm



                              Symbols - Sorted by Address
                     Name    Address   Location    Storage File                     
                ---------  ---------  ---------  --------- ---------                
                     PUSH   0x000004    program     static C:\Users\Carlos Gil\Desktop\Universidad\4to semestre\Programación de microcontroladores\Progra_de_micros\Progra_de_micros\Carro_proyecto_final\PROYECTO_3.X\PROYECTO_3.asm
                      ISR   0x000008    program     static C:\Users\Carlos Gil\Desktop\Universidad\4to semestre\Programación de microcontroladores\Progra_de_micros\Progra_de_micros\Carro_proyecto_final\PROYECTO_3.X\PROYECTO_3.asm
                      POP   0x000010    program     static C:\Users\Carlos Gil\Desktop\Universidad\4to semestre\Programación de microcontroladores\Progra_de_micros\Progra_de_micros\Carro_proyecto_final\PROYECTO_3.X\PROYECTO_3.asm
        INTERRUPCION_TMRO   0x000015    program     static C:\Users\Carlos Gil\Desktop\Universidad\4to semestre\Programación de microcontroladores\Progra_de_micros\Progra_de_micros\Carro_proyecto_final\PROYECTO_3.X\PROYECTO_3.asm
           ENCENDER_0.7MS   0x000017    program     static C:\Users\Carlos Gil\Desktop\Universidad\4to semestre\Programación de microcontroladores\Progra_de_micros\Progra_de_micros\Carro_proyecto_final\PROYECTO_3.X\PROYECTO_3.asm
            APAGAR_19.3MS   0x00001d    program     static C:\Users\Carlos Gil\Desktop\Universidad\4to semestre\Programación de microcontroladores\Progra_de_micros\Progra_de_micros\Carro_proyecto_final\PROYECTO_3.X\PROYECTO_3.asm
     INTERRUPCION_RECIBIR   0x000023    program     static C:\Users\Carlos Gil\Desktop\Universidad\4to semestre\Programación de microcontroladores\Progra_de_micros\Progra_de_micros\Carro_proyecto_final\PROYECTO_3.X\PROYECTO_3.asm
             RECIBIR_DATO   0x000025    program     static C:\Users\Carlos Gil\Desktop\Universidad\4to semestre\Programación de microcontroladores\Progra_de_micros\Progra_de_micros\Carro_proyecto_final\PROYECTO_3.X\PROYECTO_3.asm
            RECIBIR_ENTER   0x000029    program     static C:\Users\Carlos Gil\Desktop\Universidad\4to semestre\Programación de microcontroladores\Progra_de_micros\Progra_de_micros\Carro_proyecto_final\PROYECTO_3.X\PROYECTO_3.asm
        INTERRUPCION_TMR1   0x00002e    program     static C:\Users\Carlos Gil\Desktop\Universidad\4to semestre\Programación de microcontroladores\Progra_de_micros\Progra_de_micros\Carro_proyecto_final\PROYECTO_3.X\PROYECTO_3.asm
           _ISR_VECT_0035   0x000035    program     static C:\Users\Carlos Gil\Desktop\Universidad\4to semestre\Programación de microcontroladores\Progra_de_micros\Progra_de_micros\Carro_proyecto_final\PROYECTO_3.X\PROYECTO_3.asm
           _ISR_VECT_003D   0x00003d    program     static C:\Users\Carlos Gil\Desktop\Universidad\4to semestre\Programación de microcontroladores\Progra_de_micros\Progra_de_micros\Carro_proyecto_final\PROYECTO_3.X\PROYECTO_3.asm
        INTERRUPCION_TMR2   0x000041    program     static C:\Users\Carlos Gil\Desktop\Universidad\4to semestre\Programación de microcontroladores\Progra_de_micros\Progra_de_micros\Carro_proyecto_final\PROYECTO_3.X\PROYECTO_3.asm
              TABLA_ASCII   0x000046    program     static C:\Users\Carlos Gil\Desktop\Universidad\4to semestre\Programación de microcontroladores\Progra_de_micros\Progra_de_micros\Carro_proyecto_final\PROYECTO_3.X\PROYECTO_3.asm
                    START   0x000100    program     static C:\Users\Carlos Gil\Desktop\Universidad\4to semestre\Programación de microcontroladores\Progra_de_micros\Progra_de_micros\Carro_proyecto_final\PROYECTO_3.X\PROYECTO_3.asm
                     LOOP   0x000101    program     static C:\Users\Carlos Gil\Desktop\Universidad\4to semestre\Programación de microcontroladores\Progra_de_micros\Progra_de_micros\Carro_proyecto_final\PROYECTO_3.X\PROYECTO_3.asm
            NOVENTAGRADOS   0x000108    program     static C:\Users\Carlos Gil\Desktop\Universidad\4to semestre\Programación de microcontroladores\Progra_de_micros\Progra_de_micros\Carro_proyecto_final\PROYECTO_3.X\PROYECTO_3.asm
               CEROGRADOS   0x00010d    program     static C:\Users\Carlos Gil\Desktop\Universidad\4to semestre\Programación de microcontroladores\Progra_de_micros\Progra_de_micros\Carro_proyecto_final\PROYECTO_3.X\PROYECTO_3.asm
                SELECCION   0x000112    program     static C:\Users\Carlos Gil\Desktop\Universidad\4to semestre\Programación de microcontroladores\Progra_de_micros\Progra_de_micros\Carro_proyecto_final\PROYECTO_3.X\PROYECTO_3.asm
          _MAIN_PROG_0113   0x000113    program     static C:\Users\Carlos Gil\Desktop\Universidad\4to semestre\Programación de microcontroladores\Progra_de_micros\Progra_de_micros\Carro_proyecto_final\PROYECTO_3.X\PROYECTO_3.asm
       HABILITAR_CONTADOR   0x00013e    program     static C:\Users\Carlos Gil\Desktop\Universidad\4to semestre\Programación de microcontroladores\Progra_de_micros\Progra_de_micros\Carro_proyecto_final\PROYECTO_3.X\PROYECTO_3.asm
        RESETEAR_CONTADOR   0x000140    program     static C:\Users\Carlos Gil\Desktop\Universidad\4to semestre\Programación de microcontroladores\Progra_de_micros\Progra_de_micros\Carro_proyecto_final\PROYECTO_3.X\PROYECTO_3.asm
                 CORREGIR   0x000146    program     static C:\Users\Carlos Gil\Desktop\Universidad\4to semestre\Programación de microcontroladores\Progra_de_micros\Progra_de_micros\Carro_proyecto_final\PROYECTO_3.X\PROYECTO_3.asm
            ACTIVAR_LUCES   0x000149    program     static C:\Users\Carlos Gil\Desktop\Universidad\4to semestre\Programación de microcontroladores\Progra_de_micros\Progra_de_micros\Carro_proyecto_final\PROYECTO_3.X\PROYECTO_3.asm
              DELAY_SMALL   0x00014b    program     static C:\Users\Carlos Gil\Desktop\Universidad\4to semestre\Programación de microcontroladores\Progra_de_micros\Progra_de_micros\Carro_proyecto_final\PROYECTO_3.X\PROYECTO_3.asm
          _MAIN_PROG_014E   0x00014e    program     static C:\Users\Carlos Gil\Desktop\Universidad\4to semestre\Programación de microcontroladores\Progra_de_micros\Progra_de_micros\Carro_proyecto_final\PROYECTO_3.X\PROYECTO_3.asm
           ENCENDER_LUCES   0x000150    program     static C:\Users\Carlos Gil\Desktop\Universidad\4to semestre\Programación de microcontroladores\Progra_de_micros\Progra_de_micros\Carro_proyecto_final\PROYECTO_3.X\PROYECTO_3.asm
     INCREMENTAR_CONTADOR   0x00015c    program     static C:\Users\Carlos Gil\Desktop\Universidad\4to semestre\Programación de microcontroladores\Progra_de_micros\Progra_de_micros\Carro_proyecto_final\PROYECTO_3.X\PROYECTO_3.asm
          PRIMERA_CARRERA   0x00016e    program     static C:\Users\Carlos Gil\Desktop\Universidad\4to semestre\Programación de microcontroladores\Progra_de_micros\Progra_de_micros\Carro_proyecto_final\PROYECTO_3.X\PROYECTO_3.asm
          SEGUNDA_CARRERA   0x000172    program     static C:\Users\Carlos Gil\Desktop\Universidad\4to semestre\Programación de microcontroladores\Progra_de_micros\Progra_de_micros\Carro_proyecto_final\PROYECTO_3.X\PROYECTO_3.asm
          TERCERA_CARRERA   0x000176    program     static C:\Users\Carlos Gil\Desktop\Universidad\4to semestre\Programación de microcontroladores\Progra_de_micros\Progra_de_micros\Carro_proyecto_final\PROYECTO_3.X\PROYECTO_3.asm
           CUARTA_CARRERA   0x00017a    program     static C:\Users\Carlos Gil\Desktop\Universidad\4to semestre\Programación de microcontroladores\Progra_de_micros\Progra_de_micros\Carro_proyecto_final\PROYECTO_3.X\PROYECTO_3.asm
           QUINTA_CARRERA   0x00017e    program     static C:\Users\Carlos Gil\Desktop\Universidad\4to semestre\Programación de microcontroladores\Progra_de_micros\Progra_de_micros\Carro_proyecto_final\PROYECTO_3.X\PROYECTO_3.asm
          INICIAR_CARRERA   0x000184    program     static C:\Users\Carlos Gil\Desktop\Universidad\4to semestre\Programación de microcontroladores\Progra_de_micros\Progra_de_micros\Carro_proyecto_final\PROYECTO_3.X\PROYECTO_3.asm
         TERMINAR_CARRERA   0x00018f    program     static C:\Users\Carlos Gil\Desktop\Universidad\4to semestre\Programación de microcontroladores\Progra_de_micros\Progra_de_micros\Carro_proyecto_final\PROYECTO_3.X\PROYECTO_3.asm
                DELAY_BIG   0x000194    program     static C:\Users\Carlos Gil\Desktop\Universidad\4to semestre\Programación de microcontroladores\Progra_de_micros\Progra_de_micros\Carro_proyecto_final\PROYECTO_3.X\PROYECTO_3.asm
                  CONFIG1   0x000196    program     static C:\Users\Carlos Gil\Desktop\Universidad\4to semestre\Programación de microcontroladores\Progra_de_micros\Progra_de_micros\Carro_proyecto_final\PROYECTO_3.X\PROYECTO_3.asm
          INTERRUPCION_TX   0x00019a    program     static C:\Users\Carlos Gil\Desktop\Universidad\4to semestre\Programación de microcontroladores\Progra_de_micros\Progra_de_micros\Carro_proyecto_final\PROYECTO_3.X\PROYECTO_3.asm
               MANDAR_NLX   0x0001ae    program     static C:\Users\Carlos Gil\Desktop\Universidad\4to semestre\Programación de microcontroladores\Progra_de_micros\Progra_de_micros\Carro_proyecto_final\PROYECTO_3.X\PROYECTO_3.asm
               MANDAR_NHX   0x0001b3    program     static C:\Users\Carlos Gil\Desktop\Universidad\4to semestre\Programación de microcontroladores\Progra_de_micros\Progra_de_micros\Carro_proyecto_final\PROYECTO_3.X\PROYECTO_3.asm
                     COMA   0x0001b8    program     static C:\Users\Carlos Gil\Desktop\Universidad\4to semestre\Programación de microcontroladores\Progra_de_micros\Progra_de_micros\Carro_proyecto_final\PROYECTO_3.X\PROYECTO_3.asm
               MANDAR_NHY   0x0001bc    program     static C:\Users\Carlos Gil\Desktop\Universidad\4to semestre\Programación de microcontroladores\Progra_de_micros\Progra_de_micros\Carro_proyecto_final\PROYECTO_3.X\PROYECTO_3.asm
               MANDAR_NLY   0x0001c1    program     static C:\Users\Carlos Gil\Desktop\Universidad\4to semestre\Programación de microcontroladores\Progra_de_micros\Progra_de_micros\Carro_proyecto_final\PROYECTO_3.X\PROYECTO_3.asm
                  ESPACIO   0x0001c6    program     static C:\Users\Carlos Gil\Desktop\Universidad\4to semestre\Programación de microcontroladores\Progra_de_micros\Progra_de_micros\Carro_proyecto_final\PROYECTO_3.X\PROYECTO_3.asm
                 CONTADOR   0x0001ca    program     static C:\Users\Carlos Gil\Desktop\Universidad\4to semestre\Programación de microcontroladores\Progra_de_micros\Progra_de_micros\Carro_proyecto_final\PROYECTO_3.X\PROYECTO_3.asm
           LECTURA_EEPROM   0x0001e5    program     static C:\Users\Carlos Gil\Desktop\Universidad\4to semestre\Programación de microcontroladores\Progra_de_micros\Progra_de_micros\Carro_proyecto_final\PROYECTO_3.X\PROYECTO_3.asm
         ESCRITURA_EEPROM   0x0001f7    program     static C:\Users\Carlos Gil\Desktop\Universidad\4to semestre\Programación de microcontroladores\Progra_de_micros\Progra_de_micros\Carro_proyecto_final\PROYECTO_3.X\PROYECTO_3.asm
              ANTIRREBOTE   0x000211    program     static C:\Users\Carlos Gil\Desktop\Universidad\4to semestre\Programación de microcontroladores\Progra_de_micros\Progra_de_micros\Carro_proyecto_final\PROYECTO_3.X\PROYECTO_3.asm
                 DEBOUNCE   0x000217    program     static C:\Users\Carlos Gil\Desktop\Universidad\4to semestre\Programación de microcontroladores\Progra_de_micros\Progra_de_micros\Carro_proyecto_final\PROYECTO_3.X\PROYECTO_3.asm
       ACCION_ANTIRREBOTE   0x00021a    program     static C:\Users\Carlos Gil\Desktop\Universidad\4to semestre\Programación de microcontroladores\Progra_de_micros\Progra_de_micros\Carro_proyecto_final\PROYECTO_3.X\PROYECTO_3.asm
                    SETUP   0x00021f    program     static C:\Users\Carlos Gil\Desktop\Universidad\4to semestre\Programación de microcontroladores\Progra_de_micros\Progra_de_micros\Carro_proyecto_final\PROYECTO_3.X\PROYECTO_3.asm
     CONFIGURACION_TIMER2   0x000227    program     static C:\Users\Carlos Gil\Desktop\Universidad\4to semestre\Programación de microcontroladores\Progra_de_micros\Progra_de_micros\Carro_proyecto_final\PROYECTO_3.X\PROYECTO_3.asm
     CONFIGURACION_TIMER0   0x00023c    program     static C:\Users\Carlos Gil\Desktop\Universidad\4to semestre\Programación de microcontroladores\Progra_de_micros\Progra_de_micros\Carro_proyecto_final\PROYECTO_3.X\PROYECTO_3.asm
CONFIGURACION_INTERRUPCION   0x00023f    program     static C:\Users\Carlos Gil\Desktop\Universidad\4to semestre\Programación de microcontroladores\Progra_de_micros\Progra_de_micros\Carro_proyecto_final\PROYECTO_3.X\PROYECTO_3.asm
CONFIGURACION_TRANSMISOR_Y_RECEP   0x000247    program     static C:\Users\Carlos Gil\Desktop\Universidad\4to semestre\Programación de microcontroladores\Progra_de_micros\Progra_de_micros\Carro_proyecto_final\PROYECTO_3.X\PROYECTO_3.asm
                    CONT1   0x000020       data     static C:\Users\Carlos Gil\Desktop\Universidad\4to semestre\Programación de microcontroladores\Progra_de_micros\Progra_de_micros\Carro_proyecto_final\PROYECTO_3.X\PROYECTO_3.asm
                 UNIDADES   0x000021       data     static C:\Users\Carlos Gil\Desktop\Universidad\4to semestre\Programación de microcontroladores\Progra_de_micros\Progra_de_micros\Carro_proyecto_final\PROYECTO_3.X\PROYECTO_3.asm
                    CONT2   0x000022       data     static C:\Users\Carlos Gil\Desktop\Universidad\4to semestre\Programación de microcontroladores\Progra_de_micros\Progra_de_micros\Carro_proyecto_final\PROYECTO_3.X\PROYECTO_3.asm
                    CONT3   0x000023       data     static C:\Users\Carlos Gil\Desktop\Universidad\4to semestre\Programación de microcontroladores\Progra_de_micros\Progra_de_micros\Carro_proyecto_final\PROYECTO_3.X\PROYECTO_3.asm
                    CONT4   0x000024       data     static C:\Users\Carlos Gil\Desktop\Universidad\4to semestre\Programación de microcontroladores\Progra_de_micros\Progra_de_micros\Carro_proyecto_final\PROYECTO_3.X\PROYECTO_3.asm
                    CONT6   0x000025       data     static C:\Users\Carlos Gil\Desktop\Universidad\4to semestre\Programación de microcontroladores\Progra_de_micros\Progra_de_micros\Carro_proyecto_final\PROYECTO_3.X\PROYECTO_3.asm
                    CONT7   0x000026       data     static C:\Users\Carlos Gil\Desktop\Universidad\4to semestre\Programación de microcontroladores\Progra_de_micros\Progra_de_micros\Carro_proyecto_final\PROYECTO_3.X\PROYECTO_3.asm
                    CONT8   0x000027       data     static C:\Users\Carlos Gil\Desktop\Universidad\4to semestre\Programación de microcontroladores\Progra_de_micros\Progra_de_micros\Carro_proyecto_final\PROYECTO_3.X\PROYECTO_3.asm
                    CONT9   0x000028       data     static C:\Users\Carlos Gil\Desktop\Universidad\4to semestre\Programación de microcontroladores\Progra_de_micros\Progra_de_micros\Carro_proyecto_final\PROYECTO_3.X\PROYECTO_3.asm
                   CONT10   0x000029       data     static C:\Users\Carlos Gil\Desktop\Universidad\4to semestre\Programación de microcontroladores\Progra_de_micros\Progra_de_micros\Carro_proyecto_final\PROYECTO_3.X\PROYECTO_3.asm
                   CONT11   0x00002a       data     static C:\Users\Carlos Gil\Desktop\Universidad\4to semestre\Programación de microcontroladores\Progra_de_micros\Progra_de_micros\Carro_proyecto_final\PROYECTO_3.X\PROYECTO_3.asm
                   CONT12   0x00002b       data     static C:\Users\Carlos Gil\Desktop\Universidad\4to semestre\Programación de microcontroladores\Progra_de_micros\Progra_de_micros\Carro_proyecto_final\PROYECTO_3.X\PROYECTO_3.asm
                   CONT13   0x00002c       data     static C:\Users\Carlos Gil\Desktop\Universidad\4to semestre\Programación de microcontroladores\Progra_de_micros\Progra_de_micros\Carro_proyecto_final\PROYECTO_3.X\PROYECTO_3.asm
                   W_TEMP   0x00002d       data     static C:\Users\Carlos Gil\Desktop\Universidad\4to semestre\Programación de microcontroladores\Progra_de_micros\Progra_de_micros\Carro_proyecto_final\PROYECTO_3.X\PROYECTO_3.asm
              STATUS_TEMP   0x00002e       data     static C:\Users\Carlos Gil\Desktop\Universidad\4to semestre\Programación de microcontroladores\Progra_de_micros\Progra_de_micros\Carro_proyecto_final\PROYECTO_3.X\PROYECTO_3.asm
                INDICADOR   0x00002f       data     static C:\Users\Carlos Gil\Desktop\Universidad\4to semestre\Programación de microcontroladores\Progra_de_micros\Progra_de_micros\Carro_proyecto_final\PROYECTO_3.X\PROYECTO_3.asm
               INDICADOR2   0x000030       data     static C:\Users\Carlos Gil\Desktop\Universidad\4to semestre\Programación de microcontroladores\Progra_de_micros\Progra_de_micros\Carro_proyecto_final\PROYECTO_3.X\PROYECTO_3.asm
                    SERVO   0x000031       data     static C:\Users\Carlos Gil\Desktop\Universidad\4to semestre\Programación de microcontroladores\Progra_de_micros\Progra_de_micros\Carro_proyecto_final\PROYECTO_3.X\PROYECTO_3.asm
                   CAMBIO   0x000032       data     static C:\Users\Carlos Gil\Desktop\Universidad\4to semestre\Programación de microcontroladores\Progra_de_micros\Progra_de_micros\Carro_proyecto_final\PROYECTO_3.X\PROYECTO_3.asm
                PARTEALTA   0x000033       data     static C:\Users\Carlos Gil\Desktop\Universidad\4to semestre\Programación de microcontroladores\Progra_de_micros\Progra_de_micros\Carro_proyecto_final\PROYECTO_3.X\PROYECTO_3.asm
                PARTEBAJA   0x000034       data     static C:\Users\Carlos Gil\Desktop\Universidad\4to semestre\Programación de microcontroladores\Progra_de_micros\Progra_de_micros\Carro_proyecto_final\PROYECTO_3.X\PROYECTO_3.asm
                   ACCION   0x000035       data     static C:\Users\Carlos Gil\Desktop\Universidad\4to semestre\Programación de microcontroladores\Progra_de_micros\Progra_de_micros\Carro_proyecto_final\PROYECTO_3.X\PROYECTO_3.asm
                    CHECK   0x000036       data     static C:\Users\Carlos Gil\Desktop\Universidad\4to semestre\Programación de microcontroladores\Progra_de_micros\Progra_de_micros\Carro_proyecto_final\PROYECTO_3.X\PROYECTO_3.asm
                    LUCES   0x000037       data     static C:\Users\Carlos Gil\Desktop\Universidad\4to semestre\Programación de microcontroladores\Progra_de_micros\Progra_de_micros\Carro_proyecto_final\PROYECTO_3.X\PROYECTO_3.asm
              PUSH_BUTTON   0x000038       data     static C:\Users\Carlos Gil\Desktop\Universidad\4to semestre\Programación de microcontroladores\Progra_de_micros\Progra_de_micros\Carro_proyecto_final\PROYECTO_3.X\PROYECTO_3.asm
                    ENTER   0x000039       data     static C:\Users\Carlos Gil\Desktop\Universidad\4to semestre\Programación de microcontroladores\Progra_de_micros\Progra_de_micros\Carro_proyecto_final\PROYECTO_3.X\PROYECTO_3.asm
                  DECENAS   0x00003a       data     static C:\Users\Carlos Gil\Desktop\Universidad\4to semestre\Programación de microcontroladores\Progra_de_micros\Progra_de_micros\Carro_proyecto_final\PROYECTO_3.X\PROYECTO_3.asm
                  MINUTOS   0x00003b       data     static C:\Users\Carlos Gil\Desktop\Universidad\4to semestre\Programación de microcontroladores\Progra_de_micros\Progra_de_micros\Carro_proyecto_final\PROYECTO_3.X\PROYECTO_3.asm
                 MINUTOS2   0x00003c       data     static C:\Users\Carlos Gil\Desktop\Universidad\4to semestre\Programación de microcontroladores\Progra_de_micros\Progra_de_micros\Carro_proyecto_final\PROYECTO_3.X\PROYECTO_3.asm
                   EEPROM   0x00003d       data     static C:\Users\Carlos Gil\Desktop\Universidad\4to semestre\Programación de microcontroladores\Progra_de_micros\Progra_de_micros\Carro_proyecto_final\PROYECTO_3.X\PROYECTO_3.asm


