MPLINK 5.08, LINKER
Linker Map File - Created Tue Oct 06 18:42:36 2020

                                 Section Info
                  Section       Type    Address   Location Size(Bytes)
                ---------  ---------  ---------  ---------  ---------
                 RES_VECT       code   0x000000    program   0x000002
                   .cinit    romdata   0x000001    program   0x000004
                 ISR_VECT       code   0x000004    program   0x00002c
                MAIN_PROG       code   0x000100    program   0x0000d4
.config_2007_BUILD/DEFAULT/PRODUCTION/LABORAT       code   0x002007    program   0x000002
.config_2008_BUILD/DEFAULT/PRODUCTION/LABORAT       code   0x002008    program   0x000002
                  GPR_VAR      udata   0x000020       data   0x00000f



                              Program Memory Usage 
                               Start         End      
                           ---------   ---------      
                            0x000000    0x000002      
                            0x000004    0x000019      
                            0x000100    0x000169      
                            0x002007    0x002008      
            133 out of 8455 program addresses used, program memory utilization is 1%



                              Symbols - Sorted by Name
                     Name    Address   Location    Storage File                     
                ---------  ---------  ---------  --------- ---------                
        CONFIGURACION_ADC   0x00012d    program     static C:\Users\Carlos Gil\MPLABXProjects\Laboratorio_7_PIC2.X\Laboratorio_7_PIC2.asm
CONFIGURACION_INTERRUPCION   0x000125    program     static C:\Users\Carlos Gil\MPLABXProjects\Laboratorio_7_PIC2.X\Laboratorio_7_PIC2.asm
     CONFIGURACION_TIMER2   0x000123    program     static C:\Users\Carlos Gil\MPLABXProjects\Laboratorio_7_PIC2.X\Laboratorio_7_PIC2.asm
 CONFIGURACION_TRANSMISOR   0x000140    program     static C:\Users\Carlos Gil\MPLABXProjects\Laboratorio_7_PIC2.X\Laboratorio_7_PIC2.asm
         INTERRUPCION_ADC   0x000012    program     static C:\Users\Carlos Gil\MPLABXProjects\Laboratorio_7_PIC2.X\Laboratorio_7_PIC2.asm
          INTERRUPCION_TX   0x000017    program     static C:\Users\Carlos Gil\MPLABXProjects\Laboratorio_7_PIC2.X\Laboratorio_7_PIC2.asm
                      ISR   0x000008    program     static C:\Users\Carlos Gil\MPLABXProjects\Laboratorio_7_PIC2.X\Laboratorio_7_PIC2.asm
                     LOOP   0x000101    program     static C:\Users\Carlos Gil\MPLABXProjects\Laboratorio_7_PIC2.X\Laboratorio_7_PIC2.asm
                      POP   0x00000c    program     static C:\Users\Carlos Gil\MPLABXProjects\Laboratorio_7_PIC2.X\Laboratorio_7_PIC2.asm
                     PUSH   0x000004    program     static C:\Users\Carlos Gil\MPLABXProjects\Laboratorio_7_PIC2.X\Laboratorio_7_PIC2.asm
                    SETUP   0x000102    program     static C:\Users\Carlos Gil\MPLABXProjects\Laboratorio_7_PIC2.X\Laboratorio_7_PIC2.asm
                    START   0x000100    program     static C:\Users\Carlos Gil\MPLABXProjects\Laboratorio_7_PIC2.X\Laboratorio_7_PIC2.asm
                    CONT2   0x000021       data     static C:\Users\Carlos Gil\MPLABXProjects\Laboratorio_7_PIC2.X\Laboratorio_7_PIC2.asm
                    CONT3   0x000022       data     static C:\Users\Carlos Gil\MPLABXProjects\Laboratorio_7_PIC2.X\Laboratorio_7_PIC2.asm
                    CONT4   0x000023       data     static C:\Users\Carlos Gil\MPLABXProjects\Laboratorio_7_PIC2.X\Laboratorio_7_PIC2.asm
                    CONT6   0x000025       data     static C:\Users\Carlos Gil\MPLABXProjects\Laboratorio_7_PIC2.X\Laboratorio_7_PIC2.asm
                    CONT7   0x000026       data     static C:\Users\Carlos Gil\MPLABXProjects\Laboratorio_7_PIC2.X\Laboratorio_7_PIC2.asm
                  DECENAS   0x000024       data     static C:\Users\Carlos Gil\MPLABXProjects\Laboratorio_7_PIC2.X\Laboratorio_7_PIC2.asm
                  DISPLAY   0x00002e       data     static C:\Users\Carlos Gil\MPLABXProjects\Laboratorio_7_PIC2.X\Laboratorio_7_PIC2.asm
                INDICADOR   0x000029       data     static C:\Users\Carlos Gil\MPLABXProjects\Laboratorio_7_PIC2.X\Laboratorio_7_PIC2.asm
               INDICADOR2   0x00002a       data     static C:\Users\Carlos Gil\MPLABXProjects\Laboratorio_7_PIC2.X\Laboratorio_7_PIC2.asm
                 NIBBLE_H   0x00002b       data     static C:\Users\Carlos Gil\MPLABXProjects\Laboratorio_7_PIC2.X\Laboratorio_7_PIC2.asm
                 NIBBLE_L   0x00002c       data     static C:\Users\Carlos Gil\MPLABXProjects\Laboratorio_7_PIC2.X\Laboratorio_7_PIC2.asm
                 SEGUNDOS   0x00002d       data     static C:\Users\Carlos Gil\MPLABXProjects\Laboratorio_7_PIC2.X\Laboratorio_7_PIC2.asm
              STATUS_TEMP   0x000028       data     static C:\Users\Carlos Gil\MPLABXProjects\Laboratorio_7_PIC2.X\Laboratorio_7_PIC2.asm
                 UNIDADES   0x000020       data     static C:\Users\Carlos Gil\MPLABXProjects\Laboratorio_7_PIC2.X\Laboratorio_7_PIC2.asm
                   W_TEMP   0x000027       data     static C:\Users\Carlos Gil\MPLABXProjects\Laboratorio_7_PIC2.X\Laboratorio_7_PIC2.asm



                              Symbols - Sorted by Address
                     Name    Address   Location    Storage File                     
                ---------  ---------  ---------  --------- ---------                
                     PUSH   0x000004    program     static C:\Users\Carlos Gil\MPLABXProjects\Laboratorio_7_PIC2.X\Laboratorio_7_PIC2.asm
                      ISR   0x000008    program     static C:\Users\Carlos Gil\MPLABXProjects\Laboratorio_7_PIC2.X\Laboratorio_7_PIC2.asm
                      POP   0x00000c    program     static C:\Users\Carlos Gil\MPLABXProjects\Laboratorio_7_PIC2.X\Laboratorio_7_PIC2.asm
         INTERRUPCION_ADC   0x000012    program     static C:\Users\Carlos Gil\MPLABXProjects\Laboratorio_7_PIC2.X\Laboratorio_7_PIC2.asm
          INTERRUPCION_TX   0x000017    program     static C:\Users\Carlos Gil\MPLABXProjects\Laboratorio_7_PIC2.X\Laboratorio_7_PIC2.asm
                    START   0x000100    program     static C:\Users\Carlos Gil\MPLABXProjects\Laboratorio_7_PIC2.X\Laboratorio_7_PIC2.asm
                     LOOP   0x000101    program     static C:\Users\Carlos Gil\MPLABXProjects\Laboratorio_7_PIC2.X\Laboratorio_7_PIC2.asm
                    SETUP   0x000102    program     static C:\Users\Carlos Gil\MPLABXProjects\Laboratorio_7_PIC2.X\Laboratorio_7_PIC2.asm
     CONFIGURACION_TIMER2   0x000123    program     static C:\Users\Carlos Gil\MPLABXProjects\Laboratorio_7_PIC2.X\Laboratorio_7_PIC2.asm
CONFIGURACION_INTERRUPCION   0x000125    program     static C:\Users\Carlos Gil\MPLABXProjects\Laboratorio_7_PIC2.X\Laboratorio_7_PIC2.asm
        CONFIGURACION_ADC   0x00012d    program     static C:\Users\Carlos Gil\MPLABXProjects\Laboratorio_7_PIC2.X\Laboratorio_7_PIC2.asm
 CONFIGURACION_TRANSMISOR   0x000140    program     static C:\Users\Carlos Gil\MPLABXProjects\Laboratorio_7_PIC2.X\Laboratorio_7_PIC2.asm
                 UNIDADES   0x000020       data     static C:\Users\Carlos Gil\MPLABXProjects\Laboratorio_7_PIC2.X\Laboratorio_7_PIC2.asm
                    CONT2   0x000021       data     static C:\Users\Carlos Gil\MPLABXProjects\Laboratorio_7_PIC2.X\Laboratorio_7_PIC2.asm
                    CONT3   0x000022       data     static C:\Users\Carlos Gil\MPLABXProjects\Laboratorio_7_PIC2.X\Laboratorio_7_PIC2.asm
                    CONT4   0x000023       data     static C:\Users\Carlos Gil\MPLABXProjects\Laboratorio_7_PIC2.X\Laboratorio_7_PIC2.asm
                  DECENAS   0x000024       data     static C:\Users\Carlos Gil\MPLABXProjects\Laboratorio_7_PIC2.X\Laboratorio_7_PIC2.asm
                    CONT6   0x000025       data     static C:\Users\Carlos Gil\MPLABXProjects\Laboratorio_7_PIC2.X\Laboratorio_7_PIC2.asm
                    CONT7   0x000026       data     static C:\Users\Carlos Gil\MPLABXProjects\Laboratorio_7_PIC2.X\Laboratorio_7_PIC2.asm
                   W_TEMP   0x000027       data     static C:\Users\Carlos Gil\MPLABXProjects\Laboratorio_7_PIC2.X\Laboratorio_7_PIC2.asm
              STATUS_TEMP   0x000028       data     static C:\Users\Carlos Gil\MPLABXProjects\Laboratorio_7_PIC2.X\Laboratorio_7_PIC2.asm
                INDICADOR   0x000029       data     static C:\Users\Carlos Gil\MPLABXProjects\Laboratorio_7_PIC2.X\Laboratorio_7_PIC2.asm
               INDICADOR2   0x00002a       data     static C:\Users\Carlos Gil\MPLABXProjects\Laboratorio_7_PIC2.X\Laboratorio_7_PIC2.asm
                 NIBBLE_H   0x00002b       data     static C:\Users\Carlos Gil\MPLABXProjects\Laboratorio_7_PIC2.X\Laboratorio_7_PIC2.asm
                 NIBBLE_L   0x00002c       data     static C:\Users\Carlos Gil\MPLABXProjects\Laboratorio_7_PIC2.X\Laboratorio_7_PIC2.asm
                 SEGUNDOS   0x00002d       data     static C:\Users\Carlos Gil\MPLABXProjects\Laboratorio_7_PIC2.X\Laboratorio_7_PIC2.asm
                  DISPLAY   0x00002e       data     static C:\Users\Carlos Gil\MPLABXProjects\Laboratorio_7_PIC2.X\Laboratorio_7_PIC2.asm


