MPLINK 5.08, LINKER
Linker Map File - Created Tue Nov 10 12:56:29 2020

                                 Section Info
                  Section       Type    Address   Location Size(Bytes)
                ---------  ---------  ---------  ---------  ---------
                 RES_VECT       code   0x000000    program   0x000002
                   .cinit    romdata   0x000001    program   0x000004
                 ISR_VECT       code   0x000004    program   0x000056
                MAIN_PROG       code   0x000100    program   0x000152
.config_2007_BUILD/DEFAULT/PRODUCTION/LABORAT       code   0x002007    program   0x000002
.config_2008_BUILD/DEFAULT/PRODUCTION/LABORAT       code   0x002008    program   0x000002
                  GPR_VAR      udata   0x000020       data   0x000013



                              Program Memory Usage 
                               Start         End      
                           ---------   ---------      
                            0x000000    0x000002      
                            0x000004    0x00002e      
                            0x000100    0x0001a8      
                            0x002007    0x002008      
            217 out of 8455 program addresses used, program memory utilization is 2%



                              Symbols - Sorted by Name
                     Name    Address   Location    Storage File                     
                ---------  ---------  ---------  --------- ---------                
        CONFIGURACION_ADC   0x00017d    program     static C:\Users\Carlos Gil\MPLABXProjects\Laboratorio_9.X\Laboratorio_9.asm
CONFIGURACION_INTERRUPCION   0x000178    program     static C:\Users\Carlos Gil\MPLABXProjects\Laboratorio_9.X\Laboratorio_9.asm
                DISPLAY_0   0x000145    program     static C:\Users\Carlos Gil\MPLABXProjects\Laboratorio_9.X\Laboratorio_9.asm
              DISPLAY_0Y1   0x000142    program     static C:\Users\Carlos Gil\MPLABXProjects\Laboratorio_9.X\Laboratorio_9.asm
                DISPLAY_1   0x00014b    program     static C:\Users\Carlos Gil\MPLABXProjects\Laboratorio_9.X\Laboratorio_9.asm
                DISPLAY_2   0x000154    program     static C:\Users\Carlos Gil\MPLABXProjects\Laboratorio_9.X\Laboratorio_9.asm
              DISPLAY_2Y3   0x000151    program     static C:\Users\Carlos Gil\MPLABXProjects\Laboratorio_9.X\Laboratorio_9.asm
                DISPLAY_3   0x00015a    program     static C:\Users\Carlos Gil\MPLABXProjects\Laboratorio_9.X\Laboratorio_9.asm
              DISPLAY_VAR   0x00013c    program     static C:\Users\Carlos Gil\MPLABXProjects\Laboratorio_9.X\Laboratorio_9.asm
         ESCRITURA_EEPROM   0x000123    program     static C:\Users\Carlos Gil\MPLABXProjects\Laboratorio_9.X\Laboratorio_9.asm
         INTERRUPCION_ADC   0x000018    program     static C:\Users\Carlos Gil\MPLABXProjects\Laboratorio_9.X\Laboratorio_9.asm
        INTERRUPCION_TMRO   0x000012    program     static C:\Users\Carlos Gil\MPLABXProjects\Laboratorio_9.X\Laboratorio_9.asm
                      ISR   0x000008    program     static C:\Users\Carlos Gil\MPLABXProjects\Laboratorio_9.X\Laboratorio_9.asm
           LECTURA_EEPROM   0x000112    program     static C:\Users\Carlos Gil\MPLABXProjects\Laboratorio_9.X\Laboratorio_9.asm
                     LOOP   0x000101    program     static C:\Users\Carlos Gil\MPLABXProjects\Laboratorio_9.X\Laboratorio_9.asm
                      POP   0x00000c    program     static C:\Users\Carlos Gil\MPLABXProjects\Laboratorio_9.X\Laboratorio_9.asm
                     PUSH   0x000004    program     static C:\Users\Carlos Gil\MPLABXProjects\Laboratorio_9.X\Laboratorio_9.asm
                  REVISAR   0x000105    program     static C:\Users\Carlos Gil\MPLABXProjects\Laboratorio_9.X\Laboratorio_9.asm
              SEP_NIBBLES   0x000109    program     static C:\Users\Carlos Gil\MPLABXProjects\Laboratorio_9.X\Laboratorio_9.asm
                    SETUP   0x000160    program     static C:\Users\Carlos Gil\MPLABXProjects\Laboratorio_9.X\Laboratorio_9.asm
                    START   0x000100    program     static C:\Users\Carlos Gil\MPLABXProjects\Laboratorio_9.X\Laboratorio_9.asm
                    TABLA   0x00001d    program     static C:\Users\Carlos Gil\MPLABXProjects\Laboratorio_9.X\Laboratorio_9.asm
                  ADC_VAR   0x00002b       data     static C:\Users\Carlos Gil\MPLABXProjects\Laboratorio_9.X\Laboratorio_9.asm
                    CONT2   0x000021       data     static C:\Users\Carlos Gil\MPLABXProjects\Laboratorio_9.X\Laboratorio_9.asm
                    CONT3   0x000022       data     static C:\Users\Carlos Gil\MPLABXProjects\Laboratorio_9.X\Laboratorio_9.asm
                    CONT4   0x000023       data     static C:\Users\Carlos Gil\MPLABXProjects\Laboratorio_9.X\Laboratorio_9.asm
                    CONT6   0x000025       data     static C:\Users\Carlos Gil\MPLABXProjects\Laboratorio_9.X\Laboratorio_9.asm
                    CONT7   0x000026       data     static C:\Users\Carlos Gil\MPLABXProjects\Laboratorio_9.X\Laboratorio_9.asm
                  DECENAS   0x000024       data     static C:\Users\Carlos Gil\MPLABXProjects\Laboratorio_9.X\Laboratorio_9.asm
                 DISPLAY0   0x00002e       data     static C:\Users\Carlos Gil\MPLABXProjects\Laboratorio_9.X\Laboratorio_9.asm
                 DISPLAY1   0x00002f       data     static C:\Users\Carlos Gil\MPLABXProjects\Laboratorio_9.X\Laboratorio_9.asm
                 DISPLAY2   0x000030       data     static C:\Users\Carlos Gil\MPLABXProjects\Laboratorio_9.X\Laboratorio_9.asm
                 DISPLAY3   0x000031       data     static C:\Users\Carlos Gil\MPLABXProjects\Laboratorio_9.X\Laboratorio_9.asm
                INDICADOR   0x000029       data     static C:\Users\Carlos Gil\MPLABXProjects\Laboratorio_9.X\Laboratorio_9.asm
               INDICADOR2   0x00002a       data     static C:\Users\Carlos Gil\MPLABXProjects\Laboratorio_9.X\Laboratorio_9.asm
                  LECTURA   0x000032       data     static C:\Users\Carlos Gil\MPLABXProjects\Laboratorio_9.X\Laboratorio_9.asm
                 NIBBLE_L   0x00002c       data     static C:\Users\Carlos Gil\MPLABXProjects\Laboratorio_9.X\Laboratorio_9.asm
                 SEGUNDOS   0x00002d       data     static C:\Users\Carlos Gil\MPLABXProjects\Laboratorio_9.X\Laboratorio_9.asm
              STATUS_TEMP   0x000028       data     static C:\Users\Carlos Gil\MPLABXProjects\Laboratorio_9.X\Laboratorio_9.asm
                 UNIDADES   0x000020       data     static C:\Users\Carlos Gil\MPLABXProjects\Laboratorio_9.X\Laboratorio_9.asm
                   W_TEMP   0x000027       data     static C:\Users\Carlos Gil\MPLABXProjects\Laboratorio_9.X\Laboratorio_9.asm



                              Symbols - Sorted by Address
                     Name    Address   Location    Storage File                     
                ---------  ---------  ---------  --------- ---------                
                     PUSH   0x000004    program     static C:\Users\Carlos Gil\MPLABXProjects\Laboratorio_9.X\Laboratorio_9.asm
                      ISR   0x000008    program     static C:\Users\Carlos Gil\MPLABXProjects\Laboratorio_9.X\Laboratorio_9.asm
                      POP   0x00000c    program     static C:\Users\Carlos Gil\MPLABXProjects\Laboratorio_9.X\Laboratorio_9.asm
        INTERRUPCION_TMRO   0x000012    program     static C:\Users\Carlos Gil\MPLABXProjects\Laboratorio_9.X\Laboratorio_9.asm
         INTERRUPCION_ADC   0x000018    program     static C:\Users\Carlos Gil\MPLABXProjects\Laboratorio_9.X\Laboratorio_9.asm
                    TABLA   0x00001d    program     static C:\Users\Carlos Gil\MPLABXProjects\Laboratorio_9.X\Laboratorio_9.asm
                    START   0x000100    program     static C:\Users\Carlos Gil\MPLABXProjects\Laboratorio_9.X\Laboratorio_9.asm
                     LOOP   0x000101    program     static C:\Users\Carlos Gil\MPLABXProjects\Laboratorio_9.X\Laboratorio_9.asm
                  REVISAR   0x000105    program     static C:\Users\Carlos Gil\MPLABXProjects\Laboratorio_9.X\Laboratorio_9.asm
              SEP_NIBBLES   0x000109    program     static C:\Users\Carlos Gil\MPLABXProjects\Laboratorio_9.X\Laboratorio_9.asm
           LECTURA_EEPROM   0x000112    program     static C:\Users\Carlos Gil\MPLABXProjects\Laboratorio_9.X\Laboratorio_9.asm
         ESCRITURA_EEPROM   0x000123    program     static C:\Users\Carlos Gil\MPLABXProjects\Laboratorio_9.X\Laboratorio_9.asm
              DISPLAY_VAR   0x00013c    program     static C:\Users\Carlos Gil\MPLABXProjects\Laboratorio_9.X\Laboratorio_9.asm
              DISPLAY_0Y1   0x000142    program     static C:\Users\Carlos Gil\MPLABXProjects\Laboratorio_9.X\Laboratorio_9.asm
                DISPLAY_0   0x000145    program     static C:\Users\Carlos Gil\MPLABXProjects\Laboratorio_9.X\Laboratorio_9.asm
                DISPLAY_1   0x00014b    program     static C:\Users\Carlos Gil\MPLABXProjects\Laboratorio_9.X\Laboratorio_9.asm
              DISPLAY_2Y3   0x000151    program     static C:\Users\Carlos Gil\MPLABXProjects\Laboratorio_9.X\Laboratorio_9.asm
                DISPLAY_2   0x000154    program     static C:\Users\Carlos Gil\MPLABXProjects\Laboratorio_9.X\Laboratorio_9.asm
                DISPLAY_3   0x00015a    program     static C:\Users\Carlos Gil\MPLABXProjects\Laboratorio_9.X\Laboratorio_9.asm
                    SETUP   0x000160    program     static C:\Users\Carlos Gil\MPLABXProjects\Laboratorio_9.X\Laboratorio_9.asm
CONFIGURACION_INTERRUPCION   0x000178    program     static C:\Users\Carlos Gil\MPLABXProjects\Laboratorio_9.X\Laboratorio_9.asm
        CONFIGURACION_ADC   0x00017d    program     static C:\Users\Carlos Gil\MPLABXProjects\Laboratorio_9.X\Laboratorio_9.asm
                 UNIDADES   0x000020       data     static C:\Users\Carlos Gil\MPLABXProjects\Laboratorio_9.X\Laboratorio_9.asm
                    CONT2   0x000021       data     static C:\Users\Carlos Gil\MPLABXProjects\Laboratorio_9.X\Laboratorio_9.asm
                    CONT3   0x000022       data     static C:\Users\Carlos Gil\MPLABXProjects\Laboratorio_9.X\Laboratorio_9.asm
                    CONT4   0x000023       data     static C:\Users\Carlos Gil\MPLABXProjects\Laboratorio_9.X\Laboratorio_9.asm
                  DECENAS   0x000024       data     static C:\Users\Carlos Gil\MPLABXProjects\Laboratorio_9.X\Laboratorio_9.asm
                    CONT6   0x000025       data     static C:\Users\Carlos Gil\MPLABXProjects\Laboratorio_9.X\Laboratorio_9.asm
                    CONT7   0x000026       data     static C:\Users\Carlos Gil\MPLABXProjects\Laboratorio_9.X\Laboratorio_9.asm
                   W_TEMP   0x000027       data     static C:\Users\Carlos Gil\MPLABXProjects\Laboratorio_9.X\Laboratorio_9.asm
              STATUS_TEMP   0x000028       data     static C:\Users\Carlos Gil\MPLABXProjects\Laboratorio_9.X\Laboratorio_9.asm
                INDICADOR   0x000029       data     static C:\Users\Carlos Gil\MPLABXProjects\Laboratorio_9.X\Laboratorio_9.asm
               INDICADOR2   0x00002a       data     static C:\Users\Carlos Gil\MPLABXProjects\Laboratorio_9.X\Laboratorio_9.asm
                  ADC_VAR   0x00002b       data     static C:\Users\Carlos Gil\MPLABXProjects\Laboratorio_9.X\Laboratorio_9.asm
                 NIBBLE_L   0x00002c       data     static C:\Users\Carlos Gil\MPLABXProjects\Laboratorio_9.X\Laboratorio_9.asm
                 SEGUNDOS   0x00002d       data     static C:\Users\Carlos Gil\MPLABXProjects\Laboratorio_9.X\Laboratorio_9.asm
                 DISPLAY0   0x00002e       data     static C:\Users\Carlos Gil\MPLABXProjects\Laboratorio_9.X\Laboratorio_9.asm
                 DISPLAY1   0x00002f       data     static C:\Users\Carlos Gil\MPLABXProjects\Laboratorio_9.X\Laboratorio_9.asm
                 DISPLAY2   0x000030       data     static C:\Users\Carlos Gil\MPLABXProjects\Laboratorio_9.X\Laboratorio_9.asm
                 DISPLAY3   0x000031       data     static C:\Users\Carlos Gil\MPLABXProjects\Laboratorio_9.X\Laboratorio_9.asm
                  LECTURA   0x000032       data     static C:\Users\Carlos Gil\MPLABXProjects\Laboratorio_9.X\Laboratorio_9.asm


